******************************************************************************
                  TI ARM Linker Unix v20.2.2                   
******************************************************************************
>> Linked Sat Oct 31 15:59:08 2020

OUTPUT FILE NAME:   <Lab 7 - Part 3 (Slave).out>
ENTRY POINT SYMBOL: "_c_int00_noargs"  address: 000009dd


MEMORY CONFIGURATION

         name            origin    length      used     unused   attr    fill
----------------------  --------  ---------  --------  --------  ----  --------
  MAIN                  00000000   00040000  00000a88  0003f578  R  X
  INFO                  00200000   00004000  00000000  00004000  R  X
  SRAM_CODE             01000000   00010000  0000020c  0000fdf4  RW X
  SRAM_DATA             20000000   00010000  0000020c  0000fdf4  RW  


SEGMENT ALLOCATION MAP

run origin  load origin   length   init length attrs members
----------  ----------- ---------- ----------- ----- -------
00000000    00000000    00000a88   00000a88    r-x
  00000000    00000000    000000e4   000000e4    r-- .intvecs
  000000e4    000000e4    0000096c   0000096c    r-x .text
  00000a50    00000a50    00000038   00000038    r-- .cinit
20000000    20000000    0000000c   00000000    rw-
  20000000    20000000    00000008   00000000    rw- .data
  20000008    20000008    00000004   00000000    rw- .bss
2000fe00    2000fe00    00000200   00000000    rw-
  2000fe00    2000fe00    00000200   00000000    rw- .stack


SECTION ALLOCATION MAP

 output                                  attributes/
section   page    origin      length       input sections
--------  ----  ----------  ----------   ----------------
.intvecs   0    00000000    000000e4     
                  00000000    000000e4     startup_msp432p401r_ccs.obj (.intvecs:retain)

.text      0    000000e4    0000096c     
                  000000e4    00000334     system_msp432p401r.obj (.text)
                  00000418    00000214     Stepper.obj (.text)
                  0000062c    000001d4     main.obj (.text)
                  00000800    0000009c     rtsv7M4_T_le_v4SPD16_eabi.lib : memcpy_t2.asm.obj (.text)
                  0000089c    00000094     Clock_48MHz.obj (.text)
                  00000930    00000068     rtsv7M4_T_le_v4SPD16_eabi.lib : copy_decompress_lzss.c.obj (.text:decompress:lzss:__TI_decompress_lzss)
                  00000998    00000044                                   : autoinit.c.obj (.text:__TI_auto_init_nobinit_nopinit:__TI_auto_init_nobinit_nopinit)
                  000009dc    00000034                                   : boot_cortex_m.c.obj (.text:_c_int00_noargs:_c_int00_noargs)
                  00000a10    0000001c                                   : copy_zero_init.c.obj (.text:decompress:ZI:__TI_zero_init_nomemset:__TI_zero_init_nomemset)
                  00000a2c    0000000e                                   : copy_decompress_none.c.obj (.text:decompress:none:__TI_decompress_none)
                  00000a3a    0000000e     startup_msp432p401r_ccs.obj (.text)
                  00000a48    00000004     rtsv7M4_T_le_v4SPD16_eabi.lib : pre_init.c.obj (.text:_system_pre_init)
                  00000a4c    00000004                                   : exit.c.obj (.text:abort:abort)

.cinit     0    00000a50    00000038     
                  00000a50    0000000d     (.cinit..data.load) [load image, compression = lzss]
                  00000a5d    00000003     --HOLE-- [fill = 0]
                  00000a60    0000000c     (__TI_handler_table)
                  00000a6c    00000004     --HOLE-- [fill = 0]
                  00000a70    00000008     (.cinit..bss.load) [load image, compression = zero_init]
                  00000a78    00000010     (__TI_cinit_table)

.init_array 
*          0    00000000    00000000     UNINITIALIZED

.binit     0    00000000    00000000     

.data      0    20000000    00000008     UNINITIALIZED
                  20000000    00000004     Stepper.obj (.data)
                  20000004    00000004     system_msp432p401r.obj (.data)

.bss       0    20000008    00000004     UNINITIALIZED
                  20000008    00000002     (.common:Stepper_Step)
                  2000000a    00000001     (.common:Stepper_Interrupt)
                  2000000b    00000001     (.common:Stepper_Zero)

.stack     0    2000fe00    00000200     UNINITIALIZED
                  2000fe00    00000004     rtsv7M4_T_le_v4SPD16_eabi.lib : boot_cortex_m.c.obj (.stack)
                  2000fe04    000001fc     --HOLE--

__llvm_prf_cnts 
*          0    20000000    00000000     UNINITIALIZED

MODULE SUMMARY

       Module                        code   ro data   rw data
       ------                        ----   -------   -------
    ./
       system_msp432p401r.obj        820    0         8      
       Stepper.obj                   532    0         16     
       main.obj                      468    0         0      
       startup_msp432p401r_ccs.obj   14     228       0      
       Clock_48MHz.obj               148    0         0      
    +--+-----------------------------+------+---------+---------+
       Total:                        1982   228       24     
                                                             
    /Applications/ti/ccs1010/ccs/tools/compiler/ti-cgt-arm_20.2.2.LTS/lib/rtsv7M4_T_le_v4SPD16_eabi.lib
       memcpy_t2.asm.obj             156    0         0      
       copy_decompress_lzss.c.obj    104    0         0      
       autoinit.c.obj                68     0         0      
       boot_cortex_m.c.obj           52     0         0      
       copy_zero_init.c.obj          28     0         0      
       copy_decompress_none.c.obj    14     0         0      
       exit.c.obj                    4      0         0      
       pre_init.c.obj                4      0         0      
    +--+-----------------------------+------+---------+---------+
       Total:                        430    0         0      
                                                             
       Stack:                        0      0         1024   
       Linker Generated:             0      49        0      
    +--+-----------------------------+------+---------+---------+
       Grand Total:                  2412   277       1048   


LINKER GENERATED COPY TABLES

__TI_cinit_table @ 00000a78 records: 2, size/record: 8, table size: 16
	.data: load addr=00000a50, load size=0000000d bytes, run addr=20000000, run size=00000008 bytes, compression=lzss
	.bss: load addr=00000a70, load size=00000008 bytes, run addr=20000008, run size=00000004 bytes, compression=zero_init


LINKER GENERATED HANDLER TABLE

__TI_handler_table @ 00000a60 records: 3, size/record: 4, table size: 12
	index: 0, handler: __TI_decompress_lzss
	index: 1, handler: __TI_decompress_none
	index: 2, handler: __TI_zero_init


GLOBAL SYMBOLS: SORTED ALPHABETICALLY BY Name 

address   name                          
-------   ----                          
00000a47  ADC14_IRQHandler              
00000a47  AES256_IRQHandler             
00000a47  BusFault_Handler              
00000a4d  C$$EXIT                       
00000a47  COMP_E0_IRQHandler            
00000a47  COMP_E1_IRQHandler            
00000a47  CS_IRQHandler                 
0000089d  Clock_Init48MHz               
00000a47  DMA_ERR_IRQHandler            
00000a47  DMA_INT0_IRQHandler           
00000a47  DMA_INT1_IRQHandler           
00000a47  DMA_INT2_IRQHandler           
00000a47  DMA_INT3_IRQHandler           
00000a47  DebugMon_Handler              
00000a47  Default_Handler               
00000a47  EUSCIA0_IRQHandler            
00000a47  EUSCIA1_IRQHandler            
00000a47  EUSCIA2_IRQHandler            
00000a47  EUSCIA3_IRQHandler            
00000753  EUSCIB0_IRQHandler            
00000753  EUSCIB0_IRQHandler            
00000a47  EUSCIB1_IRQHandler            
00000a47  EUSCIB2_IRQHandler            
00000a47  EUSCIB3_IRQHandler            
00000a47  FLCTL_IRQHandler              
00000a47  FPU_IRQHandler                
00000a47  HardFault_Handler             
00000705  I2C_P1_Init                   
0000064f  Init                          
00000a47  MemManage_Handler             
00000a47  NMI_Handler                   
00000a47  PCM_IRQHandler                
00000a47  PORT1_IRQHandler              
00000a47  PORT2_IRQHandler              
00000a47  PORT3_IRQHandler              
00000a47  PORT4_IRQHandler              
00000a47  PORT5_IRQHandler              
00000a47  PORT6_IRQHandler              
00000a47  PSS_IRQHandler                
00000a47  PendSV_Handler                
00000a47  RTC_C_IRQHandler              
00000a3b  Reset_Handler                 
00000a47  SVC_Handler                   
2000000a  Stepper_Interrupt             
00000445  Stepper_P7_Init               
20000008  Stepper_Step                  
000005cd  Stepper_Timer32_1_Init        
0000048d  Stepper_Update                
2000000b  Stepper_Zero                  
00000a47  SysTick_Handler               
20000004  SystemCoreClock               
000000e5  SystemCoreClockUpdate         
0000035d  SystemInit                    
000005eb  T32_INT1_IRQHandler           
000005eb  T32_INT1_IRQHandler           
00000a47  T32_INT2_IRQHandler           
00000a47  T32_INTC_IRQHandler           
00000a47  TA0_0_IRQHandler              
00000a47  TA0_N_IRQHandler              
00000a47  TA1_0_IRQHandler              
00000a47  TA1_N_IRQHandler              
00000a47  TA2_0_IRQHandler              
00000a47  TA2_N_IRQHandler              
00000a47  TA3_0_IRQHandler              
00000a47  TA3_N_IRQHandler              
00000a47  UsageFault_Handler            
4000480c  WDTCTL_SYM                    
00000a47  WDT_A_IRQHandler              
20010000  __STACK_END                   
00000200  __STACK_SIZE                  
00000a78  __TI_CINIT_Base               
00000a88  __TI_CINIT_Limit              
00000a60  __TI_Handler_Table_Base       
00000a6c  __TI_Handler_Table_Limit      
00000999  __TI_auto_init_nobinit_nopinit
00000931  __TI_decompress_lzss          
00000a2d  __TI_decompress_none          
ffffffff  __TI_pprof_out_hndl           
ffffffff  __TI_prof_data_size           
ffffffff  __TI_prof_data_start          
00000000  __TI_static_base__            
00000a11  __TI_zero_init_nomemset       
00000801  __aeabi_memcpy                
00000801  __aeabi_memcpy4               
00000801  __aeabi_memcpy8               
ffffffff  __binit__                     
ffffffff  __c_args__                    
UNDEFED   __mpu_init                    
2000fe00  __stack                       
20000000  __start___llvm_prf_cnts       
20000000  __stop___llvm_prf_cnts        
000009dd  _c_int00_noargs               
UNDEFED   _system_post_cinit            
00000a49  _system_pre_init              
00000a4d  abort                         
ffffffff  binit                         
00000000  interruptVectors              
0000062d  main                          
00000801  memcpy                        


GLOBAL SYMBOLS: SORTED BY Symbol Address 

address   name                          
-------   ----                          
00000000  __TI_static_base__            
00000000  interruptVectors              
000000e5  SystemCoreClockUpdate         
00000200  __STACK_SIZE                  
0000035d  SystemInit                    
00000445  Stepper_P7_Init               
0000048d  Stepper_Update                
000005cd  Stepper_Timer32_1_Init        
000005eb  T32_INT1_IRQHandler           
000005eb  T32_INT1_IRQHandler           
0000062d  main                          
0000064f  Init                          
00000705  I2C_P1_Init                   
00000753  EUSCIB0_IRQHandler            
00000753  EUSCIB0_IRQHandler            
00000801  __aeabi_memcpy                
00000801  __aeabi_memcpy4               
00000801  __aeabi_memcpy8               
00000801  memcpy                        
0000089d  Clock_Init48MHz               
00000931  __TI_decompress_lzss          
00000999  __TI_auto_init_nobinit_nopinit
000009dd  _c_int00_noargs               
00000a11  __TI_zero_init_nomemset       
00000a2d  __TI_decompress_none          
00000a3b  Reset_Handler                 
00000a47  ADC14_IRQHandler              
00000a47  AES256_IRQHandler             
00000a47  BusFault_Handler              
00000a47  COMP_E0_IRQHandler            
00000a47  COMP_E1_IRQHandler            
00000a47  CS_IRQHandler                 
00000a47  DMA_ERR_IRQHandler            
00000a47  DMA_INT0_IRQHandler           
00000a47  DMA_INT1_IRQHandler           
00000a47  DMA_INT2_IRQHandler           
00000a47  DMA_INT3_IRQHandler           
00000a47  DebugMon_Handler              
00000a47  Default_Handler               
00000a47  EUSCIA0_IRQHandler            
00000a47  EUSCIA1_IRQHandler            
00000a47  EUSCIA2_IRQHandler            
00000a47  EUSCIA3_IRQHandler            
00000a47  EUSCIB1_IRQHandler            
00000a47  EUSCIB2_IRQHandler            
00000a47  EUSCIB3_IRQHandler            
00000a47  FLCTL_IRQHandler              
00000a47  FPU_IRQHandler                
00000a47  HardFault_Handler             
00000a47  MemManage_Handler             
00000a47  NMI_Handler                   
00000a47  PCM_IRQHandler                
00000a47  PORT1_IRQHandler              
00000a47  PORT2_IRQHandler              
00000a47  PORT3_IRQHandler              
00000a47  PORT4_IRQHandler              
00000a47  PORT5_IRQHandler              
00000a47  PORT6_IRQHandler              
00000a47  PSS_IRQHandler                
00000a47  PendSV_Handler                
00000a47  RTC_C_IRQHandler              
00000a47  SVC_Handler                   
00000a47  SysTick_Handler               
00000a47  T32_INT2_IRQHandler           
00000a47  T32_INTC_IRQHandler           
00000a47  TA0_0_IRQHandler              
00000a47  TA0_N_IRQHandler              
00000a47  TA1_0_IRQHandler              
00000a47  TA1_N_IRQHandler              
00000a47  TA2_0_IRQHandler              
00000a47  TA2_N_IRQHandler              
00000a47  TA3_0_IRQHandler              
00000a47  TA3_N_IRQHandler              
00000a47  UsageFault_Handler            
00000a47  WDT_A_IRQHandler              
00000a49  _system_pre_init              
00000a4d  C$$EXIT                       
00000a4d  abort                         
00000a60  __TI_Handler_Table_Base       
00000a6c  __TI_Handler_Table_Limit      
00000a78  __TI_CINIT_Base               
00000a88  __TI_CINIT_Limit              
20000000  __start___llvm_prf_cnts       
20000000  __stop___llvm_prf_cnts        
20000004  SystemCoreClock               
20000008  Stepper_Step                  
2000000a  Stepper_Interrupt             
2000000b  Stepper_Zero                  
2000fe00  __stack                       
20010000  __STACK_END                   
4000480c  WDTCTL_SYM                    
ffffffff  __TI_pprof_out_hndl           
ffffffff  __TI_prof_data_size           
ffffffff  __TI_prof_data_start          
ffffffff  __binit__                     
ffffffff  __c_args__                    
ffffffff  binit                         
UNDEFED   __mpu_init                    
UNDEFED   _system_post_cinit            

[99 symbols]
