******************************************************************************
                  TI ARM Linker Unix v20.2.3                   
******************************************************************************
>> Linked Sat Nov 21 04:47:59 2020

OUTPUT FILE NAME:   <Final Project.out>
ENTRY POINT SYMBOL: "_c_int00_noargs"  address: 000063ad


MEMORY CONFIGURATION

         name            origin    length      used     unused   attr    fill
----------------------  --------  ---------  --------  --------  ----  --------
  MAIN                  00000000   00040000  0000747d  00038b83  R  X
  INFO                  00200000   00004000  00000000  00004000  R  X
  SRAM_CODE             01000000   00010000  00000a47  0000f5b9  RW X
  SRAM_DATA             20000000   00010000  00000a47  0000f5b9  RW  


SEGMENT ALLOCATION MAP

run origin  load origin   length   init length attrs members
----------  ----------- ---------- ----------- ----- -------
00000000    00000000    00007480   00007480    r-x
  00000000    00000000    000000e4   000000e4    r-- .intvecs
  000000e4    000000e4    00006534   00006534    r-x .text
  00006618    00006618    00000dad   00000dad    r-- .const
  000073c8    000073c8    000000b8   000000b8    r-- .cinit
20000000    20000000    00000847   00000000    rw-
  20000000    20000000    00000400   00000000    rw- .sysmem
  20000400    20000400    0000023c   00000000    rw- .data
  2000063c    2000063c    0000020b   00000000    rw- .bss
2000fe00    2000fe00    00000200   00000000    rw-
  2000fe00    2000fe00    00000200   00000000    rw- .stack


SECTION ALLOCATION MAP

 output                                  attributes/
section   page    origin      length       input sections
--------  ----  ----------  ----------   ----------------
.intvecs   0    00000000    000000e4     
                  00000000    000000e4     startup_msp432p401r_ccs.obj (.intvecs:retain)

.text      0    000000e4    00006534     
                  000000e4    000015a8     ST7735.obj (.text)
                  0000168c    00000b64     LCD.obj (.text)
                  000021f0    00000a4e     rtsv7M4_T_le_v4SPD16_eabi.lib : _printfi.c.obj (.text:__TI_printfi)
                  00002c3e    00000002                                   : _lock.c.obj (.text:_nop)
                  00002c40    000005b8     main.obj (.text)
                  000031f8    000003f0     DS3231_RTC.obj (.text)
                  000035e8    00000334     system_msp432p401r.obj (.text)
                  0000391c    000002e8     Motor.obj (.text)
                  00003c04    000002a4     Time.obj (.text)
                  00003ea8    00000270     rtsv7M4_T_le_v4SPD16_eabi.lib : _printfi.c.obj (.text:_pconv_a)
                  00004118    00000258     SevenSeg.obj (.text)
                  00004370    000001d0     rtsv7M4_T_le_v4SPD16_eabi.lib : _printfi.c.obj (.text:_pconv_g)
                  00004540    000001b6                                   : fd_add_t2.asm.obj (.text)
                  000046f6    00000002                                   : div0.asm.obj (.text)
                  000046f8    000001ac     Stepper.obj (.text)
                  000048a4    00000198     Proximity.obj (.text)
                  00004a3c    00000180     Rotary.obj (.text)
                  00004bbc    0000013c     rtsv7M4_T_le_v4SPD16_eabi.lib : _printfi.c.obj (.text:_pconv_e)
                  00004cf8    00000136                                   : fd_div_t2.asm.obj (.text)
                  00004e2e    00000002     --HOLE-- [fill = 0]
                  00004e30    00000124                                   : _printfi.c.obj (.text:fcvt)
                  00004f54    00000114                                   : fputs.c.obj (.text:fputs)
                  00005068    00000110                                   : s_scalbn.c.obj (.text:scalbn)
                  00005178    00000100                                   : memory.c.obj (.text:aligned_alloc)
                  00005278    000000fc                                   : fd_mul_t2.asm.obj (.text)
                  00005374    000000e4                                   : memory.c.obj (.text:free)
                  00005458    000000dc                                   : setvbuf.c.obj (.text:setvbuf)
                  00005534    000000b1                                   : _printfi.c.obj (.text:_ltostr)
                  000055e5    00000001     --HOLE-- [fill = 0]
                  000055e6    0000009c                                   : memcpy_t2.asm.obj (.text)
                  00005682    00000096                                   : ull_div_t2.asm.obj (.text)
                  00005718    0000008c                                   : fputc.c.obj (.text:fputc)
                  000057a4    00000086                                   : fd_cmp_t2.asm.obj (.text:__aeabi_cdcmple)
                  0000582a    00000086                                   : fd_cmp_t2.asm.obj (.text:__aeabi_cdrcmple)
                  000058b0    0000007a                                   : memset_t2.asm.obj (.text)
                  0000592a    00000002     --HOLE-- [fill = 0]
                  0000592c    00000074                                   : fclose.c.obj (.text:__TI_closefile)
                  000059a0    00000070                                   : memory.c.obj (.text:split)
                  00005a10    0000006e                                   : _printfi.c.obj (.text:_mcpy)
                  00005a7e    0000006e                                   : fd_tos_t2.asm.obj (.text)
                  00005aec    0000006c                                   : hostrename.c.obj (.text:HOSTrename)
                  00005b58    00000068                                   : hostlseek.c.obj (.text:HOSTlseek)
                  00005bc0    00000068                                   : copy_decompress_lzss.c.obj (.text:decompress:lzss:__TI_decompress_lzss)
                  00005c28    00000068                                   : printf.c.obj (.text:printf)
                  00005c90    00000064                                   : s_frexp.c.obj (.text:frexp)
                  00005cf4    00000064                                   : fseek.c.obj (.text:fseek)
                  00005d58    00000062                                   : _io_perm.c.obj (.text:__TI_wrt_ok)
                  00005dba    00000002     --HOLE-- [fill = 0]
                  00005dbc    00000060                                   : hostopen.c.obj (.text:HOSTopen)
                  00005e1c    0000005c                                   : close.c.obj (.text:close)
                  00005e78    00000058                                   : hostread.c.obj (.text:HOSTread)
                  00005ed0    00000058                                   : hostwrite.c.obj (.text:HOSTwrite)
                  00005f28    00000056                                   : _printfi.c.obj (.text:_pconv_f)
                  00005f7e    00000054                                   : _ltoa.c.obj (.text:__TI_ltoa)
                  00005fd2    00000052                                   : _printfi.c.obj (.text:_ecpy)
                  00006024    0000004c                                   : fflush.c.obj (.text:__TI_doflush)
                  00006070    0000004c                                   : atoi.c.obj (.text:atoi)
                  000060bc    00000048                                   : exit.c.obj (.text:exit)
                  00006104    00000048                                   : fd_toi_t2.asm.obj (.text)
                  0000614c    00000044                                   : hostclose.c.obj (.text:HOSTclose)
                  00006190    00000044                                   : hostunlink.c.obj (.text:HOSTunlink)
                  000061d4    00000044                                   : autoinit.c.obj (.text:__TI_auto_init_nobinit_nopinit:__TI_auto_init_nobinit_nopinit)
                  00006218    00000044                                   : getdevice.c.obj (.text:getdevice)
                  0000625c    0000003e                                   : _printfi.c.obj (.text:_fcpy)
                  0000629a    00000002     --HOLE-- [fill = 0]
                  0000629c    00000038                                   : trgmsg.c.obj (.text:__TI_writemsg)
                  000062d4    00000038                                   : fs_tod_t2.asm.obj (.text)
                  0000630c    00000036                                   : strncpy.c.obj (.text:strncpy)
                  00006342    00000002     --HOLE-- [fill = 0]
                  00006344    00000034                                   : fopen.c.obj (.text:__TI_cleanup)
                  00006378    00000034                                   : trgmsg.c.obj (.text:__TI_readmsg)
                  000063ac    00000034                                   : boot_cortex_m.c.obj (.text:_c_int00_noargs:_c_int00_noargs)
                  000063e0    00000030                                   : getdevice.c.obj (.text:finddevice)
                  00006410    0000002e                                   : i_tofd_t2.asm.obj (.text)
                  0000643e    00000002     --HOLE-- [fill = 0]
                  00006440    0000002c                                   : unlink.c.obj (.text:unlink)
                  0000646c    00000028                                   : memory.c.obj (.text:free_list_insert)
                  00006494    00000028                                   : lseek.c.obj (.text:lseek)
                  000064bc    00000028                                   : write.c.obj (.text:write)
                  000064e4    00000020                                   : memchr.c.obj (.text:memchr)
                  00006504    0000001c                                   : copy_zero_init.c.obj (.text:decompress:ZI:__TI_zero_init_nomemset:__TI_zero_init_nomemset)
                  00006520    0000001c                                   : memory.c.obj (.text:free_list_remove)
                  0000653c    0000001c                                   : memccpy.c.obj (.text:memccpy)
                  00006558    0000001a                                   : s_copysign.c.obj (.text:copysign)
                  00006572    00000018                                   : strcmp.c.obj (.text:strcmp)
                  0000658a    00000016                                   : strchr.c.obj (.text:strchr)
                  000065a0    00000014                                   : strcpy.c.obj (.text:strcpy)
                  000065b4    00000014                                   : strlen.c.obj (.text:strlen)
                  000065c8    00000012                                   : wcslen.c.obj (.text:wcslen)
                  000065da    0000000e                                   : copy_decompress_none.c.obj (.text:decompress:none:__TI_decompress_none)
                  000065e8    0000000e     startup_msp432p401r_ccs.obj (.text)
                  000065f6    00000002     --HOLE-- [fill = 0]
                  000065f8    00000008     rtsv7M4_T_le_v4SPD16_eabi.lib : errno.c.obj (.text:__aeabi_errno_addr)
                  00006600    00000008                                   : memory.c.obj (.text:malloc)
                  00006608    00000004                                   : printf.c.obj (.text:_outc)
                  0000660c    00000004                                   : printf.c.obj (.text:_outs)
                  00006610    00000004                                   : pre_init.c.obj (.text:_system_pre_init)
                  00006614    00000004                                   : exit.c.obj (.text:abort:abort)

.const     0    00006618    00000dad     
                  00006618    000004fb     ST7735.obj (.const:.string:Font)
                  00006b13    00000200     ST7735.obj (.const:.string:dBfs)
                  00006d13    00000001     --HOLE-- [fill = 0]
                  00006d14    00000200     main.obj (.const:ADC_PWM_Vector)
                  00006f14    00000101     rtsv7M4_T_le_v4SPD16_eabi.lib : ctype.c.obj (.const:.string:_ctypes_)
                  00007015    00000001     --HOLE-- [fill = 0]
                  00007016    000000ee     main.obj (.const:TempleOS_Tune)
                  00007104    000000ac     main.obj (.const:_TempleOS_Tune_High)
                  000071b0    000000ac     main.obj (.const:_TempleOS_Tune_Low)
                  0000725c    00000067     ST7735.obj (.const:.string:Bcmd)
                  000072c3    0000003b     ST7735.obj (.const:.string:Rcmd1)
                  000072fe    00000030     DS3231_RTC.obj (.const:$P$T1$2)
                  0000732e    0000002b     ST7735.obj (.const:.string:Rcmd3)
                  00007359    0000001c     DS3231_RTC.obj (.const:$P$T0$1)
                  00007375    0000001c     LCD.obj (.const:Days)
                  00007391    0000001a     SevenSeg.obj (.const:.string:$P$T2$1)
                  000073ab    0000000d     ST7735.obj (.const:.string:Rcmd2green)
                  000073b8    0000000d     ST7735.obj (.const:.string:Rcmd2red)

.cinit     0    000073c8    000000b8     
                  000073c8    00000092     (.cinit..data.load) [load image, compression = lzss]
                  0000745a    00000002     --HOLE-- [fill = 0]
                  0000745c    0000000c     (__TI_handler_table)
                  00007468    00000008     (.cinit..bss.load) [load image, compression = zero_init]
                  00007470    00000010     (__TI_cinit_table)

.init_array 
*          0    00000000    00000000     UNINITIALIZED

.binit     0    00000000    00000000     

.sysmem    0    20000000    00000400     UNINITIALIZED
                  20000000    00000010     rtsv7M4_T_le_v4SPD16_eabi.lib : memory.c.obj (.sysmem)
                  20000010    000003f0     --HOLE--

.data      0    20000400    0000023c     UNINITIALIZED
                  20000400    000000f0     rtsv7M4_T_le_v4SPD16_eabi.lib : defs.c.obj (.data:_ftable)
                  200004f0    00000078                                   : host_device.c.obj (.data:_device)
                  20000568    00000050                                   : host_device.c.obj (.data:_stream)
                  200005b8    00000019     LCD.obj (.data:Scroll_Text)
                  200005d1    00000001     --HOLE--
                  200005d2    00000002     LCD.obj (.data)
                  200005d4    00000014     ST7735.obj (.data)
                  200005e8    00000010     rtsv7M4_T_le_v4SPD16_eabi.lib : defs.c.obj (.data)
                  200005f8    0000000c                                   : exit.c.obj (.data:$O1$$)
                  20000604    0000000c     Motor.obj (.data)
                  20000610    0000000a     main.obj (.data)
                  2000061a    00000002     --HOLE--
                  2000061c    00000008     rtsv7M4_T_le_v4SPD16_eabi.lib : _lock.c.obj (.data:$O1$$)
                  20000624    00000008                                   : memory.c.obj (.data:$O1$$)
                  2000062c    00000004     Proximity.obj (.data)
                  20000630    00000004     Stepper.obj (.data)
                  20000634    00000004     rtsv7M4_T_le_v4SPD16_eabi.lib : errno.c.obj (.data)
                  20000638    00000004     system_msp432p401r.obj (.data)

.bss       0    2000063c    0000020b     UNINITIALIZED
                  2000063c    00000120     rtsv7M4_T_le_v4SPD16_eabi.lib : trgmsg.c.obj (.bss:_CIOBUF_)
                  2000075c    000000a0     (.common:__TI_tmpnams)
                  200007fc    0000000c     (.common:Message)
                  20000808    00000008     LCD.obj (.bss)
                  20000810    00000008     (.common:parmbuf)
                  20000818    00000004     ST7735.obj (.bss)
                  2000081c    00000004     (.common:Messageindex)
                  20000820    00000004     (.common:RPM)
                  20000824    00000004     (.common:Speed)
                  20000828    00000004     (.common:X)
                  2000082c    00000004     (.common:Ymax)
                  20000830    00000004     (.common:Ymin)
                  20000834    00000004     (.common:Yrange)
                  20000838    00000002     (.common:Backup_Distance)
                  2000083a    00000002     (.common:Blue)
                  2000083c    00000002     (.common:Stepper_Step)
                  2000083e    00000002     (.common:White)
                  20000840    00000001     (.common:LCD_A_State)
                  20000841    00000001     (.common:Motor_Spinning)
                  20000842    00000001     (.common:Rotary_Button)
                  20000843    00000001     (.common:Rotary_CCW)
                  20000844    00000001     (.common:Rotary_CW)
                  20000845    00000001     (.common:Stepper_Interrupt)
                  20000846    00000001     (.common:Stepper_Zero)

.stack     0    2000fe00    00000200     UNINITIALIZED
                  2000fe00    00000004     rtsv7M4_T_le_v4SPD16_eabi.lib : boot_cortex_m.c.obj (.stack)
                  2000fe04    000001fc     --HOLE--

__llvm_prf_cnts 
*          0    20000000    00000000     UNINITIALIZED

MODULE SUMMARY

       Module                        code    ro data   rw data
       ------                        ----    -------   -------
    ./
       ST7735.obj                    5544    2018      112    
       LCD.obj                       2916    28        80     
       main.obj                      1464    1094      20     
       DS3231_RTC.obj                1008    76        0      
       system_msp432p401r.obj        820     0         8      
       Motor.obj                     744     0         42     
       Time.obj                      676     0         0      
       SevenSeg.obj                  600     26        0      
       Stepper.obj                   428     0         16     
       Proximity.obj                 408     0         12     
       Rotary.obj                    384     0         6      
       startup_msp432p401r_ccs.obj   14      228       0      
    +--+-----------------------------+-------+---------+---------+
       Total:                        15006   3470      296    
                                                              
    /Applications/ti/ccs1010/ccs/tools/compiler/ti-cgt-arm_20.2.3.LTS/lib/rtsv7M4_T_le_v4SPD16_eabi.lib
       _printfi.c.obj                4851    0         0      
       defs.c.obj                    0       0         832    
       memory.c.obj                  672     0         16     
       trgmsg.c.obj                  108     0         576    
       fd_add_t2.asm.obj             438     0         0      
       host_device.c.obj             0       0         400    
       fd_div_t2.asm.obj             310     0         0      
       fputs.c.obj                   276     0         0      
       s_scalbn.c.obj                272     0         0      
       fd_cmp_t2.asm.obj             268     0         0      
       ctype.c.obj                   0       257       0      
       fd_mul_t2.asm.obj             252     0         0      
       setvbuf.c.obj                 220     0         0      
       memcpy_t2.asm.obj             156     0         0      
       ull_div_t2.asm.obj            150     0         0      
       fputc.c.obj                   140     0         0      
       memset_t2.asm.obj             122     0         0      
       fclose.c.obj                  116     0         0      
       getdevice.c.obj               116     0         0      
       hostopen.c.obj                96      0         16     
       printf.c.obj                  112     0         0      
       fd_tos_t2.asm.obj             110     0         0      
       hostrename.c.obj              108     0         0      
       copy_decompress_lzss.c.obj    104     0         0      
       hostlseek.c.obj               104     0         0      
       exit.c.obj                    76      0         24     
       fseek.c.obj                   100     0         0      
       s_frexp.c.obj                 100     0         0      
       _io_perm.c.obj                98      0         0      
       close.c.obj                   92      0         0      
       hostread.c.obj                88      0         0      
       hostwrite.c.obj               88      0         0      
       _ltoa.c.obj                   84      0         0      
       atoi.c.obj                    76      0         0      
       fflush.c.obj                  76      0         0      
       fd_toi_t2.asm.obj             72      0         0      
       autoinit.c.obj                68      0         0      
       hostclose.c.obj               68      0         0      
       hostunlink.c.obj              68      0         0      
       fs_tod_t2.asm.obj             56      0         0      
       strncpy.c.obj                 54      0         0      
       boot_cortex_m.c.obj           52      0         0      
       fopen.c.obj                   52      0         0      
       i_tofd_t2.asm.obj             46      0         0      
       unlink.c.obj                  44      0         0      
       lseek.c.obj                   40      0         0      
       write.c.obj                   40      0         0      
       memchr.c.obj                  32      0         0      
       copy_zero_init.c.obj          28      0         0      
       memccpy.c.obj                 28      0         0      
       s_copysign.c.obj              26      0         0      
       strcmp.c.obj                  24      0         0      
       strchr.c.obj                  22      0         0      
       strcpy.c.obj                  20      0         0      
       strlen.c.obj                  20      0         0      
       _lock.c.obj                   2       0         16     
       wcslen.c.obj                  18      0         0      
       errno.c.obj                   8       0         8      
       copy_decompress_none.c.obj    14      0         0      
       pre_init.c.obj                4       0         0      
       div0.asm.obj                  2       0         0      
    +--+-----------------------------+-------+---------+---------+
       Total:                        10887   257       1888   
                                                              
       Heap:                         0       0         2048   
       Stack:                        0       0         1024   
       Linker Generated:             0       182       0      
    +--+-----------------------------+-------+---------+---------+
       Grand Total:                  25893   3909      5256   


LINKER GENERATED COPY TABLES

__TI_cinit_table @ 00007470 records: 2, size/record: 8, table size: 16
	.data: load addr=000073c8, load size=00000092 bytes, run addr=20000400, run size=0000023c bytes, compression=lzss
	.bss: load addr=00007468, load size=00000008 bytes, run addr=2000063c, run size=0000020b bytes, compression=zero_init


LINKER GENERATED HANDLER TABLE

__TI_handler_table @ 0000745c records: 3, size/record: 4, table size: 12
	index: 0, handler: __TI_decompress_lzss
	index: 1, handler: __TI_decompress_none
	index: 2, handler: __TI_zero_init


GLOBAL SYMBOLS: SORTED ALPHABETICALLY BY Name 

address   name                           
-------   ----                           
000030a1  ADC14_IRQHandler               
000030a1  ADC14_IRQHandler               
00006d14  ADC_PWM_Vector                 
000065f5  AES256_IRQHandler              
20000838  Backup_Distance                
2000083a  Blue                           
000065f5  BusFault_Handler               
00006615  C$$EXIT                        
000062cb  C$$IO$$                        
000065f5  COMP_E0_IRQHandler             
000065f5  COMP_E1_IRQHandler             
000065f5  CS_IRQHandler                  
00003c6f  Clock_Frequencies_Init         
000065f5  DMA_ERR_IRQHandler             
000065f5  DMA_INT0_IRQHandler            
000065f5  DMA_INT1_IRQHandler            
000065f5  DMA_INT2_IRQHandler            
000065f5  DMA_INT3_IRQHandler            
00007375  Days                           
000065f5  DebugMon_Handler               
000065f5  Default_Handler                
000001a7  Delay1ms                       
000065f5  EUSCIA0_IRQHandler             
000065f5  EUSCIA1_IRQHandler             
000065f5  EUSCIA2_IRQHandler             
000065f5  EUSCIA3_IRQHandler             
000065f5  EUSCIB0_IRQHandler             
000065f5  EUSCIB1_IRQHandler             
000065f5  EUSCIB2_IRQHandler             
000065f5  EUSCIB3_IRQHandler             
000065f5  FLCTL_IRQHandler               
000065f5  FPU_IRQHandler                 
0000614d  HOSTclose                      
00005b59  HOSTlseek                      
00005dbd  HOSTopen                       
00005e79  HOSTread                       
00005aed  HOSTrename                     
00006191  HOSTunlink                     
00005ed1  HOSTwrite                      
000065f5  HardFault_Handler              
00002ea1  Init                           
00001d3b  LCD_A_Menu_MoveCursor          
000019fd  LCD_A_Menu_Show                
00001749  LCD_A_Scroll                   
00001881  LCD_A_Scroll_SetText           
20000840  LCD_A_State                    
00001dcb  LCD_B_Init                     
00001ecf  LCD_B_WriteSpeedRPM            
0000168d  LCD_Init                       
000065f5  MemManage_Handler              
200007fc  Message                        
2000081c  Messageindex                   
00003a1f  Motor_HallEffect_P5_Init       
000039e3  Motor_P5_TA2_2_Init            
00003987  Motor_PWM_ADC_Init             
00003997  Motor_Potentiometer_P6_A5_Init 
20000841  Motor_Spinning                 
000065f5  NMI_Handler                    
00001615  Output_Clear                   
00001651  Output_Color                   
000015f3  Output_Init                    
0000162d  Output_Off                     
0000163d  Output_On                      
000065f5  PCM_IRQHandler                 
000065f5  PORT1_IRQHandler               
000065f5  PORT2_IRQHandler               
00004b21  PORT3_IRQHandler               
00004b21  PORT3_IRQHandler               
000049bd  PORT4_IRQHandler               
000049bd  PORT4_IRQHandler               
00003a89  PORT5_IRQHandler               
00003a89  PORT5_IRQHandler               
000065f5  PORT6_IRQHandler               
000065f5  PSS_IRQHandler                 
000065f5  PendSV_Handler                 
0000490f  Proximity_GPIO_P4_Init         
0000497d  Proximity_Trigger              
20000820  RPM                            
000034c3  RTC_BCD_to_Decimal             
000065f5  RTC_C_IRQHandler               
00003505  RTC_Decimal_to_BCD             
0000336f  RTC_I2C1_BurstRead             
000032df  RTC_I2C1_BurstWrite            
000031f9  RTC_I2C1_Init                  
00003533  RTC_Integers_to_BCD            
00003443  RTC_PrintTime                  
00003245  RTC_Temperature                
20000618  Read_RTC                       
000065e9  Reset_Handler                  
20000842  Rotary_Button                  
20000843  Rotary_CCW                     
20000844  Rotary_CW                      
00004aa7  Rotary_P3_GPIO_Init            
00000825  ST7735_Color565                
00000883  ST7735_DrawBitmap              
00000c0b  ST7735_DrawChar                
00000a89  ST7735_DrawCharS               
00000615  ST7735_DrawFastHLine           
00000535  ST7735_DrawFastVLine           
000004c7  ST7735_DrawPixel               
00000d89  ST7735_DrawString              
0000070d  ST7735_FillRect                
000006d5  ST7735_FillScreen              
00000343  ST7735_InitB                   
0000036f  ST7735_InitR                   
00000ffb  ST7735_InvertDisplay           
000014cd  ST7735_OutChar                 
0000159f  ST7735_OutString               
00000e77  ST7735_OutUDec                 
000013af  ST7735_PlotBar                 
0000101f  ST7735_PlotClear               
00001169  ST7735_PlotLine                
0000146f  ST7735_PlotNext                
0000148d  ST7735_PlotNextErase           
00001095  ST7735_PlotPoint               
000012c5  ST7735_PlotPoints              
00001415  ST7735_PlotdBfs                
00000e51  ST7735_SetCursor               
00000f09  ST7735_SetRotation             
000015c5  ST7735_SetTextColor            
0000085d  ST7735_SwapColor               
000065f5  SVC_Handler                    
200005b8  Scroll_Text                    
0000419f  SevenSeg_MAX7219_Init          
00004119  SevenSeg_P2_UCA1_Init          
000041df  SevenSeg_Write                 
0000427d  SevenSeg_WriteFloat            
0000422b  SevenSeg_WriteInteger          
20000824  Speed                          
200005dc  StTextColor                    
200005d4  StX                            
200005d8  StY                            
20000845  Stepper_Interrupt              
000046f9  Stepper_P7_Init                
2000083c  Stepper_Step                   
00004741  Stepper_Update                 
20000846  Stepper_Zero                   
00003d21  SysTick_Delay_ms               
00003d75  SysTick_Delay_us               
0000307d  SysTick_Handler                
0000307d  SysTick_Handler                
00003cd7  SysTick_Init                   
00003cf3  SysTick_Interrupt_ms_Init      
20000638  SystemCoreClock                
000035e9  SystemCoreClockUpdate          
00003861  SystemInit                     
00003031  T32_INT1_IRQHandler            
00003031  T32_INT1_IRQHandler            
00003069  T32_INT2_IRQHandler            
00003069  T32_INT2_IRQHandler            
000065f5  T32_INTC_IRQHandler            
000065f5  TA0_0_IRQHandler               
000065f5  TA0_N_IRQHandler               
000065f5  TA1_0_IRQHandler               
000065f5  TA1_N_IRQHandler               
000065f5  TA2_0_IRQHandler               
000065f5  TA2_N_IRQHandler               
000065f5  TA3_0_IRQHandler               
000065f5  TA3_N_IRQHandler               
00007016  TempleOS_Tune                  
00003d9f  Timer32_1_Interrupt_ms_Init    
00003dd5  Timer32_2_Interrupt_ms_Init    
00003e0b  TimerA1_0_Interrupt_ms_Init    
20000612  Tune_Index                     
20000616  Update_Gauges                  
20000617  Update_LCD_A_Scroll            
20000610  Update_Speakers                
20000619  Update_Warning_LED             
000065f5  UsageFault_Handler             
4000480c  WDTCTL_SYM                     
000065f5  WDT_A_IRQHandler               
2000083e  White                          
20000828  X                              
2000082c  Ymax                           
20000830  Ymin                           
20000834  Yrange                         
00007104  _TempleOS_Tune_High            
000071b0  _TempleOS_Tune_Low             
20000614  _Tune_Index                    
2000063c  __CIOBUF_                      
20010000  __STACK_END                    
00000200  __STACK_SIZE                   
00000400  __SYSMEM_SIZE                  
00007470  __TI_CINIT_Base                
00007480  __TI_CINIT_Limit               
0000745c  __TI_Handler_Table_Base        
00007468  __TI_Handler_Table_Limit       
000061d5  __TI_auto_init_nobinit_nopinit 
00006345  __TI_cleanup                   
200005f8  __TI_cleanup_ptr               
0000592d  __TI_closefile                 
00005bc1  __TI_decompress_lzss           
000065db  __TI_decompress_none           
00006025  __TI_doflush                   
200005fc  __TI_dtors_ptr                 
20000600  __TI_enable_exit_profile_output
200005e8  __TI_ft_end                    
00005f7f  __TI_ltoa                      
ffffffff  __TI_pprof_out_hndl            
000021f1  __TI_printfi                   
ffffffff  __TI_prof_data_size            
ffffffff  __TI_prof_data_start           
00006379  __TI_readmsg                   
00000000  __TI_static_base__             
2000075c  __TI_tmpnams                   
0000629d  __TI_writemsg                  
00005d59  __TI_wrt_ok                    
00006505  __TI_zero_init_nomemset        
000057a5  __aeabi_cdcmpeq                
000057a5  __aeabi_cdcmple                
0000582b  __aeabi_cdrcmple               
00005a7f  __aeabi_d2f                    
00006105  __aeabi_d2iz                   
0000454b  __aeabi_dadd                   
00004cf9  __aeabi_ddiv                   
00005279  __aeabi_dmul                   
00004541  __aeabi_dsub                   
000065f9  __aeabi_errno_addr             
000062d5  __aeabi_f2d                    
00006411  __aeabi_i2d                    
000046f7  __aeabi_idiv0                  
000046f7  __aeabi_ldiv0                  
000058b1  __aeabi_memclr                 
000058b1  __aeabi_memclr4                
000058b1  __aeabi_memclr8                
000055e7  __aeabi_memcpy                 
000055e7  __aeabi_memcpy4                
000055e7  __aeabi_memcpy8                
000058b3  __aeabi_memset                 
000058b3  __aeabi_memset4                
000058b3  __aeabi_memset8                
200005f4  __aeabi_stderr                 
200005ec  __aeabi_stdin                  
200005f0  __aeabi_stdout                 
00005683  __aeabi_uldivmod               
ffffffff  __binit__                      
ffffffff  __c_args__                     
UNDEFED   __mpu_init                     
2000fe00  __stack                        
20000000  __start___llvm_prf_cnts        
20000000  __stop___llvm_prf_cnts         
000063ad  _c_int00_noargs                
00006f14  _ctypes_                       
200004f0  _device                        
20000400  _ftable                        
2000061c  _lock                          
00002c3f  _nop                           
20000568  _stream                        
20000000  _sys_memory                    
UNDEFED   _system_post_cinit             
00006611  _system_pre_init               
20000620  _unlock                        
00006615  abort                          
00005179  aligned_alloc                  
00006071  atoi                           
ffffffff  binit                          
00005e1d  close                          
00006559  copysign                       
00006559  copysignl                      
00006b13  dBfs                           
20000634  errno                          
000060bd  exit                           
000015e5  ferror                         
000015d9  fgetc                          
00000e0f  fillmessage                    
000063e1  finddevice                     
00005719  fputc                          
00004f55  fputs                          
00005375  free                           
00005c91  frexp                          
00005c91  frexpl                         
00005cf5  fseek                          
00006219  getdevice                      
00000000  interruptVectors               
200005e4  lastj                          
00005069  ldexp                          
00005069  ldexpl                         
00006495  lseek                          
00002c41  main                           
00006601  malloc                         
00005179  memalign                       
0000653d  memccpy                        
000064e5  memchr                         
000055e7  memcpy                         
000058b9  memset                         
20000810  parmbuf                        
00000199  parrotdelay                    
00005c29  printf                         
00005719  putc                           
00006441  remove                         
00005069  scalbn                         
00005069  scalbnl                        
00005459  setvbuf                        
0000658b  strchr                         
00006573  strcmp                         
000065a1  strcpy                         
000065b5  strlen                         
0000630d  strncpy                        
00006441  unlink                         
000065c9  wcslen                         
000064bd  write                          


GLOBAL SYMBOLS: SORTED BY Symbol Address 

address   name                           
-------   ----                           
00000000  __TI_static_base__             
00000000  interruptVectors               
00000199  parrotdelay                    
000001a7  Delay1ms                       
00000200  __STACK_SIZE                   
00000343  ST7735_InitB                   
0000036f  ST7735_InitR                   
00000400  __SYSMEM_SIZE                  
000004c7  ST7735_DrawPixel               
00000535  ST7735_DrawFastVLine           
00000615  ST7735_DrawFastHLine           
000006d5  ST7735_FillScreen              
0000070d  ST7735_FillRect                
00000825  ST7735_Color565                
0000085d  ST7735_SwapColor               
00000883  ST7735_DrawBitmap              
00000a89  ST7735_DrawCharS               
00000c0b  ST7735_DrawChar                
00000d89  ST7735_DrawString              
00000e0f  fillmessage                    
00000e51  ST7735_SetCursor               
00000e77  ST7735_OutUDec                 
00000f09  ST7735_SetRotation             
00000ffb  ST7735_InvertDisplay           
0000101f  ST7735_PlotClear               
00001095  ST7735_PlotPoint               
00001169  ST7735_PlotLine                
000012c5  ST7735_PlotPoints              
000013af  ST7735_PlotBar                 
00001415  ST7735_PlotdBfs                
0000146f  ST7735_PlotNext                
0000148d  ST7735_PlotNextErase           
000014cd  ST7735_OutChar                 
0000159f  ST7735_OutString               
000015c5  ST7735_SetTextColor            
000015d9  fgetc                          
000015e5  ferror                         
000015f3  Output_Init                    
00001615  Output_Clear                   
0000162d  Output_Off                     
0000163d  Output_On                      
00001651  Output_Color                   
0000168d  LCD_Init                       
00001749  LCD_A_Scroll                   
00001881  LCD_A_Scroll_SetText           
000019fd  LCD_A_Menu_Show                
00001d3b  LCD_A_Menu_MoveCursor          
00001dcb  LCD_B_Init                     
00001ecf  LCD_B_WriteSpeedRPM            
000021f1  __TI_printfi                   
00002c3f  _nop                           
00002c41  main                           
00002ea1  Init                           
00003031  T32_INT1_IRQHandler            
00003031  T32_INT1_IRQHandler            
00003069  T32_INT2_IRQHandler            
00003069  T32_INT2_IRQHandler            
0000307d  SysTick_Handler                
0000307d  SysTick_Handler                
000030a1  ADC14_IRQHandler               
000030a1  ADC14_IRQHandler               
000031f9  RTC_I2C1_Init                  
00003245  RTC_Temperature                
000032df  RTC_I2C1_BurstWrite            
0000336f  RTC_I2C1_BurstRead             
00003443  RTC_PrintTime                  
000034c3  RTC_BCD_to_Decimal             
00003505  RTC_Decimal_to_BCD             
00003533  RTC_Integers_to_BCD            
000035e9  SystemCoreClockUpdate          
00003861  SystemInit                     
00003987  Motor_PWM_ADC_Init             
00003997  Motor_Potentiometer_P6_A5_Init 
000039e3  Motor_P5_TA2_2_Init            
00003a1f  Motor_HallEffect_P5_Init       
00003a89  PORT5_IRQHandler               
00003a89  PORT5_IRQHandler               
00003c6f  Clock_Frequencies_Init         
00003cd7  SysTick_Init                   
00003cf3  SysTick_Interrupt_ms_Init      
00003d21  SysTick_Delay_ms               
00003d75  SysTick_Delay_us               
00003d9f  Timer32_1_Interrupt_ms_Init    
00003dd5  Timer32_2_Interrupt_ms_Init    
00003e0b  TimerA1_0_Interrupt_ms_Init    
00004119  SevenSeg_P2_UCA1_Init          
0000419f  SevenSeg_MAX7219_Init          
000041df  SevenSeg_Write                 
0000422b  SevenSeg_WriteInteger          
0000427d  SevenSeg_WriteFloat            
00004541  __aeabi_dsub                   
0000454b  __aeabi_dadd                   
000046f7  __aeabi_idiv0                  
000046f7  __aeabi_ldiv0                  
000046f9  Stepper_P7_Init                
00004741  Stepper_Update                 
0000490f  Proximity_GPIO_P4_Init         
0000497d  Proximity_Trigger              
000049bd  PORT4_IRQHandler               
000049bd  PORT4_IRQHandler               
00004aa7  Rotary_P3_GPIO_Init            
00004b21  PORT3_IRQHandler               
00004b21  PORT3_IRQHandler               
00004cf9  __aeabi_ddiv                   
00004f55  fputs                          
00005069  ldexp                          
00005069  ldexpl                         
00005069  scalbn                         
00005069  scalbnl                        
00005179  aligned_alloc                  
00005179  memalign                       
00005279  __aeabi_dmul                   
00005375  free                           
00005459  setvbuf                        
000055e7  __aeabi_memcpy                 
000055e7  __aeabi_memcpy4                
000055e7  __aeabi_memcpy8                
000055e7  memcpy                         
00005683  __aeabi_uldivmod               
00005719  fputc                          
00005719  putc                           
000057a5  __aeabi_cdcmpeq                
000057a5  __aeabi_cdcmple                
0000582b  __aeabi_cdrcmple               
000058b1  __aeabi_memclr                 
000058b1  __aeabi_memclr4                
000058b1  __aeabi_memclr8                
000058b3  __aeabi_memset                 
000058b3  __aeabi_memset4                
000058b3  __aeabi_memset8                
000058b9  memset                         
0000592d  __TI_closefile                 
00005a7f  __aeabi_d2f                    
00005aed  HOSTrename                     
00005b59  HOSTlseek                      
00005bc1  __TI_decompress_lzss           
00005c29  printf                         
00005c91  frexp                          
00005c91  frexpl                         
00005cf5  fseek                          
00005d59  __TI_wrt_ok                    
00005dbd  HOSTopen                       
00005e1d  close                          
00005e79  HOSTread                       
00005ed1  HOSTwrite                      
00005f7f  __TI_ltoa                      
00006025  __TI_doflush                   
00006071  atoi                           
000060bd  exit                           
00006105  __aeabi_d2iz                   
0000614d  HOSTclose                      
00006191  HOSTunlink                     
000061d5  __TI_auto_init_nobinit_nopinit 
00006219  getdevice                      
0000629d  __TI_writemsg                  
000062cb  C$$IO$$                        
000062d5  __aeabi_f2d                    
0000630d  strncpy                        
00006345  __TI_cleanup                   
00006379  __TI_readmsg                   
000063ad  _c_int00_noargs                
000063e1  finddevice                     
00006411  __aeabi_i2d                    
00006441  remove                         
00006441  unlink                         
00006495  lseek                          
000064bd  write                          
000064e5  memchr                         
00006505  __TI_zero_init_nomemset        
0000653d  memccpy                        
00006559  copysign                       
00006559  copysignl                      
00006573  strcmp                         
0000658b  strchr                         
000065a1  strcpy                         
000065b5  strlen                         
000065c9  wcslen                         
000065db  __TI_decompress_none           
000065e9  Reset_Handler                  
000065f5  AES256_IRQHandler              
000065f5  BusFault_Handler               
000065f5  COMP_E0_IRQHandler             
000065f5  COMP_E1_IRQHandler             
000065f5  CS_IRQHandler                  
000065f5  DMA_ERR_IRQHandler             
000065f5  DMA_INT0_IRQHandler            
000065f5  DMA_INT1_IRQHandler            
000065f5  DMA_INT2_IRQHandler            
000065f5  DMA_INT3_IRQHandler            
000065f5  DebugMon_Handler               
000065f5  Default_Handler                
000065f5  EUSCIA0_IRQHandler             
000065f5  EUSCIA1_IRQHandler             
000065f5  EUSCIA2_IRQHandler             
000065f5  EUSCIA3_IRQHandler             
000065f5  EUSCIB0_IRQHandler             
000065f5  EUSCIB1_IRQHandler             
000065f5  EUSCIB2_IRQHandler             
000065f5  EUSCIB3_IRQHandler             
000065f5  FLCTL_IRQHandler               
000065f5  FPU_IRQHandler                 
000065f5  HardFault_Handler              
000065f5  MemManage_Handler              
000065f5  NMI_Handler                    
000065f5  PCM_IRQHandler                 
000065f5  PORT1_IRQHandler               
000065f5  PORT2_IRQHandler               
000065f5  PORT6_IRQHandler               
000065f5  PSS_IRQHandler                 
000065f5  PendSV_Handler                 
000065f5  RTC_C_IRQHandler               
000065f5  SVC_Handler                    
000065f5  T32_INTC_IRQHandler            
000065f5  TA0_0_IRQHandler               
000065f5  TA0_N_IRQHandler               
000065f5  TA1_0_IRQHandler               
000065f5  TA1_N_IRQHandler               
000065f5  TA2_0_IRQHandler               
000065f5  TA2_N_IRQHandler               
000065f5  TA3_0_IRQHandler               
000065f5  TA3_N_IRQHandler               
000065f5  UsageFault_Handler             
000065f5  WDT_A_IRQHandler               
000065f9  __aeabi_errno_addr             
00006601  malloc                         
00006611  _system_pre_init               
00006615  C$$EXIT                        
00006615  abort                          
00006b13  dBfs                           
00006d14  ADC_PWM_Vector                 
00006f14  _ctypes_                       
00007016  TempleOS_Tune                  
00007104  _TempleOS_Tune_High            
000071b0  _TempleOS_Tune_Low             
00007375  Days                           
0000745c  __TI_Handler_Table_Base        
00007468  __TI_Handler_Table_Limit       
00007470  __TI_CINIT_Base                
00007480  __TI_CINIT_Limit               
20000000  __start___llvm_prf_cnts        
20000000  __stop___llvm_prf_cnts         
20000000  _sys_memory                    
20000400  _ftable                        
200004f0  _device                        
20000568  _stream                        
200005b8  Scroll_Text                    
200005d4  StX                            
200005d8  StY                            
200005dc  StTextColor                    
200005e4  lastj                          
200005e8  __TI_ft_end                    
200005ec  __aeabi_stdin                  
200005f0  __aeabi_stdout                 
200005f4  __aeabi_stderr                 
200005f8  __TI_cleanup_ptr               
200005fc  __TI_dtors_ptr                 
20000600  __TI_enable_exit_profile_output
20000610  Update_Speakers                
20000612  Tune_Index                     
20000614  _Tune_Index                    
20000616  Update_Gauges                  
20000617  Update_LCD_A_Scroll            
20000618  Read_RTC                       
20000619  Update_Warning_LED             
2000061c  _lock                          
20000620  _unlock                        
20000634  errno                          
20000638  SystemCoreClock                
2000063c  __CIOBUF_                      
2000075c  __TI_tmpnams                   
200007fc  Message                        
20000810  parmbuf                        
2000081c  Messageindex                   
20000820  RPM                            
20000824  Speed                          
20000828  X                              
2000082c  Ymax                           
20000830  Ymin                           
20000834  Yrange                         
20000838  Backup_Distance                
2000083a  Blue                           
2000083c  Stepper_Step                   
2000083e  White                          
20000840  LCD_A_State                    
20000841  Motor_Spinning                 
20000842  Rotary_Button                  
20000843  Rotary_CCW                     
20000844  Rotary_CW                      
20000845  Stepper_Interrupt              
20000846  Stepper_Zero                   
2000fe00  __stack                        
20010000  __STACK_END                    
4000480c  WDTCTL_SYM                     
ffffffff  __TI_pprof_out_hndl            
ffffffff  __TI_prof_data_size            
ffffffff  __TI_prof_data_start           
ffffffff  __binit__                      
ffffffff  __c_args__                     
ffffffff  binit                          
UNDEFED   __mpu_init                     
UNDEFED   _system_post_cinit             

[301 symbols]
