<?xml version="1.0" encoding="ISO-8859-1" ?>
<link_info>
   <banner>TI ARM Linker Unix v20.2.3.LTS</banner>
   <copyright>Copyright (c) 1996-2018 Texas Instruments Incorporated</copyright>
   <link_time>0x5fb8e24f</link_time>
   <link_errors>0x0</link_errors>
   <output_file>Final Project.out</output_file>
   <entry_point>
      <name>_c_int00_noargs</name>
      <address>0x63ad</address>
   </entry_point>
   <input_file_list>
      <input_file id="fl-1">
         <path>./</path>
         <kind>object</kind>
         <file>DS3231_RTC.obj</file>
         <name>DS3231_RTC.obj</name>
      </input_file>
      <input_file id="fl-2">
         <path>./</path>
         <kind>object</kind>
         <file>LCD.obj</file>
         <name>LCD.obj</name>
      </input_file>
      <input_file id="fl-3">
         <path>./</path>
         <kind>object</kind>
         <file>Motor.obj</file>
         <name>Motor.obj</name>
      </input_file>
      <input_file id="fl-4">
         <path>./</path>
         <kind>object</kind>
         <file>Proximity.obj</file>
         <name>Proximity.obj</name>
      </input_file>
      <input_file id="fl-5">
         <path>./</path>
         <kind>object</kind>
         <file>Rotary.obj</file>
         <name>Rotary.obj</name>
      </input_file>
      <input_file id="fl-6">
         <path>./</path>
         <kind>object</kind>
         <file>ST7735.obj</file>
         <name>ST7735.obj</name>
      </input_file>
      <input_file id="fl-7">
         <path>./</path>
         <kind>object</kind>
         <file>SevenSeg.obj</file>
         <name>SevenSeg.obj</name>
      </input_file>
      <input_file id="fl-8">
         <path>./</path>
         <kind>object</kind>
         <file>Stepper.obj</file>
         <name>Stepper.obj</name>
      </input_file>
      <input_file id="fl-9">
         <path>./</path>
         <kind>object</kind>
         <file>Time.obj</file>
         <name>Time.obj</name>
      </input_file>
      <input_file id="fl-a">
         <path>./</path>
         <kind>object</kind>
         <file>main.obj</file>
         <name>main.obj</name>
      </input_file>
      <input_file id="fl-b">
         <path>./</path>
         <kind>object</kind>
         <file>startup_msp432p401r_ccs.obj</file>
         <name>startup_msp432p401r_ccs.obj</name>
      </input_file>
      <input_file id="fl-c">
         <path>./</path>
         <kind>object</kind>
         <file>system_msp432p401r.obj</file>
         <name>system_msp432p401r.obj</name>
      </input_file>
      <input_file id="fl-10">
         <kind>object</kind>
         <file>&lt;internal&gt;</file>
         <name>&lt;internal&gt;</name>
      </input_file>
      <input_file id="fl-c6">
         <path>/Applications/ti/ccs1010/ccs/tools/compiler/ti-cgt-arm_20.2.3.LTS/lib/</path>
         <kind>archive</kind>
         <file>rtsv7M4_T_le_v4SPD16_eabi.lib</file>
         <name>printf.c.obj</name>
      </input_file>
      <input_file id="fl-c7">
         <path>/Applications/ti/ccs1010/ccs/tools/compiler/ti-cgt-arm_20.2.3.LTS/lib/</path>
         <kind>archive</kind>
         <file>rtsv7M4_T_le_v4SPD16_eabi.lib</file>
         <name>_printfi.c.obj</name>
      </input_file>
      <input_file id="fl-c8">
         <path>/Applications/ti/ccs1010/ccs/tools/compiler/ti-cgt-arm_20.2.3.LTS/lib/</path>
         <kind>archive</kind>
         <file>rtsv7M4_T_le_v4SPD16_eabi.lib</file>
         <name>fputc.c.obj</name>
      </input_file>
      <input_file id="fl-c9">
         <path>/Applications/ti/ccs1010/ccs/tools/compiler/ti-cgt-arm_20.2.3.LTS/lib/</path>
         <kind>archive</kind>
         <file>rtsv7M4_T_le_v4SPD16_eabi.lib</file>
         <name>fputs.c.obj</name>
      </input_file>
      <input_file id="fl-ca">
         <path>/Applications/ti/ccs1010/ccs/tools/compiler/ti-cgt-arm_20.2.3.LTS/lib/</path>
         <kind>archive</kind>
         <file>rtsv7M4_T_le_v4SPD16_eabi.lib</file>
         <name>_io_perm.c.obj</name>
      </input_file>
      <input_file id="fl-cb">
         <path>/Applications/ti/ccs1010/ccs/tools/compiler/ti-cgt-arm_20.2.3.LTS/lib/</path>
         <kind>archive</kind>
         <file>rtsv7M4_T_le_v4SPD16_eabi.lib</file>
         <name>setvbuf.c.obj</name>
      </input_file>
      <input_file id="fl-cc">
         <path>/Applications/ti/ccs1010/ccs/tools/compiler/ti-cgt-arm_20.2.3.LTS/lib/</path>
         <kind>archive</kind>
         <file>rtsv7M4_T_le_v4SPD16_eabi.lib</file>
         <name>fd_add_t2.asm.obj</name>
      </input_file>
      <input_file id="fl-cd">
         <path>/Applications/ti/ccs1010/ccs/tools/compiler/ti-cgt-arm_20.2.3.LTS/lib/</path>
         <kind>archive</kind>
         <file>rtsv7M4_T_le_v4SPD16_eabi.lib</file>
         <name>fd_cmp_t2.asm.obj</name>
      </input_file>
      <input_file id="fl-ce">
         <path>/Applications/ti/ccs1010/ccs/tools/compiler/ti-cgt-arm_20.2.3.LTS/lib/</path>
         <kind>archive</kind>
         <file>rtsv7M4_T_le_v4SPD16_eabi.lib</file>
         <name>fd_div_t2.asm.obj</name>
      </input_file>
      <input_file id="fl-cf">
         <path>/Applications/ti/ccs1010/ccs/tools/compiler/ti-cgt-arm_20.2.3.LTS/lib/</path>
         <kind>archive</kind>
         <file>rtsv7M4_T_le_v4SPD16_eabi.lib</file>
         <name>fd_mul_t2.asm.obj</name>
      </input_file>
      <input_file id="fl-d0">
         <path>/Applications/ti/ccs1010/ccs/tools/compiler/ti-cgt-arm_20.2.3.LTS/lib/</path>
         <kind>archive</kind>
         <file>rtsv7M4_T_le_v4SPD16_eabi.lib</file>
         <name>fd_toi_t2.asm.obj</name>
      </input_file>
      <input_file id="fl-d1">
         <path>/Applications/ti/ccs1010/ccs/tools/compiler/ti-cgt-arm_20.2.3.LTS/lib/</path>
         <kind>archive</kind>
         <file>rtsv7M4_T_le_v4SPD16_eabi.lib</file>
         <name>fd_tos_t2.asm.obj</name>
      </input_file>
      <input_file id="fl-d2">
         <path>/Applications/ti/ccs1010/ccs/tools/compiler/ti-cgt-arm_20.2.3.LTS/lib/</path>
         <kind>archive</kind>
         <file>rtsv7M4_T_le_v4SPD16_eabi.lib</file>
         <name>fs_tod_t2.asm.obj</name>
      </input_file>
      <input_file id="fl-d3">
         <path>/Applications/ti/ccs1010/ccs/tools/compiler/ti-cgt-arm_20.2.3.LTS/lib/</path>
         <kind>archive</kind>
         <file>rtsv7M4_T_le_v4SPD16_eabi.lib</file>
         <name>i_tofd_t2.asm.obj</name>
      </input_file>
      <input_file id="fl-d4">
         <path>/Applications/ti/ccs1010/ccs/tools/compiler/ti-cgt-arm_20.2.3.LTS/lib/</path>
         <kind>archive</kind>
         <file>rtsv7M4_T_le_v4SPD16_eabi.lib</file>
         <name>memcpy_t2.asm.obj</name>
      </input_file>
      <input_file id="fl-d5">
         <path>/Applications/ti/ccs1010/ccs/tools/compiler/ti-cgt-arm_20.2.3.LTS/lib/</path>
         <kind>archive</kind>
         <file>rtsv7M4_T_le_v4SPD16_eabi.lib</file>
         <name>memset_t2.asm.obj</name>
      </input_file>
      <input_file id="fl-d6">
         <path>/Applications/ti/ccs1010/ccs/tools/compiler/ti-cgt-arm_20.2.3.LTS/lib/</path>
         <kind>archive</kind>
         <file>rtsv7M4_T_le_v4SPD16_eabi.lib</file>
         <name>ull_div_t2.asm.obj</name>
      </input_file>
      <input_file id="fl-d7">
         <path>/Applications/ti/ccs1010/ccs/tools/compiler/ti-cgt-arm_20.2.3.LTS/lib/</path>
         <kind>archive</kind>
         <file>rtsv7M4_T_le_v4SPD16_eabi.lib</file>
         <name>copy_zero_init.c.obj</name>
      </input_file>
      <input_file id="fl-d8">
         <path>/Applications/ti/ccs1010/ccs/tools/compiler/ti-cgt-arm_20.2.3.LTS/lib/</path>
         <kind>archive</kind>
         <file>rtsv7M4_T_le_v4SPD16_eabi.lib</file>
         <name>copy_decompress_none.c.obj</name>
      </input_file>
      <input_file id="fl-d9">
         <path>/Applications/ti/ccs1010/ccs/tools/compiler/ti-cgt-arm_20.2.3.LTS/lib/</path>
         <kind>archive</kind>
         <file>rtsv7M4_T_le_v4SPD16_eabi.lib</file>
         <name>copy_decompress_lzss.c.obj</name>
      </input_file>
      <input_file id="fl-da">
         <path>/Applications/ti/ccs1010/ccs/tools/compiler/ti-cgt-arm_20.2.3.LTS/lib/</path>
         <kind>archive</kind>
         <file>rtsv7M4_T_le_v4SPD16_eabi.lib</file>
         <name>exit.c.obj</name>
      </input_file>
      <input_file id="fl-db">
         <path>/Applications/ti/ccs1010/ccs/tools/compiler/ti-cgt-arm_20.2.3.LTS/lib/</path>
         <kind>archive</kind>
         <file>rtsv7M4_T_le_v4SPD16_eabi.lib</file>
         <name>_lock.c.obj</name>
      </input_file>
      <input_file id="fl-dc">
         <path>/Applications/ti/ccs1010/ccs/tools/compiler/ti-cgt-arm_20.2.3.LTS/lib/</path>
         <kind>archive</kind>
         <file>rtsv7M4_T_le_v4SPD16_eabi.lib</file>
         <name>_ltoa.c.obj</name>
      </input_file>
      <input_file id="fl-dd">
         <path>/Applications/ti/ccs1010/ccs/tools/compiler/ti-cgt-arm_20.2.3.LTS/lib/</path>
         <kind>archive</kind>
         <file>rtsv7M4_T_le_v4SPD16_eabi.lib</file>
         <name>atoi.c.obj</name>
      </input_file>
      <input_file id="fl-de">
         <path>/Applications/ti/ccs1010/ccs/tools/compiler/ti-cgt-arm_20.2.3.LTS/lib/</path>
         <kind>archive</kind>
         <file>rtsv7M4_T_le_v4SPD16_eabi.lib</file>
         <name>ctype.c.obj</name>
      </input_file>
      <input_file id="fl-df">
         <path>/Applications/ti/ccs1010/ccs/tools/compiler/ti-cgt-arm_20.2.3.LTS/lib/</path>
         <kind>archive</kind>
         <file>rtsv7M4_T_le_v4SPD16_eabi.lib</file>
         <name>defs.c.obj</name>
      </input_file>
      <input_file id="fl-e0">
         <path>/Applications/ti/ccs1010/ccs/tools/compiler/ti-cgt-arm_20.2.3.LTS/lib/</path>
         <kind>archive</kind>
         <file>rtsv7M4_T_le_v4SPD16_eabi.lib</file>
         <name>memccpy.c.obj</name>
      </input_file>
      <input_file id="fl-e1">
         <path>/Applications/ti/ccs1010/ccs/tools/compiler/ti-cgt-arm_20.2.3.LTS/lib/</path>
         <kind>archive</kind>
         <file>rtsv7M4_T_le_v4SPD16_eabi.lib</file>
         <name>memchr.c.obj</name>
      </input_file>
      <input_file id="fl-e2">
         <path>/Applications/ti/ccs1010/ccs/tools/compiler/ti-cgt-arm_20.2.3.LTS/lib/</path>
         <kind>archive</kind>
         <file>rtsv7M4_T_le_v4SPD16_eabi.lib</file>
         <name>memory.c.obj</name>
      </input_file>
      <input_file id="fl-e3">
         <path>/Applications/ti/ccs1010/ccs/tools/compiler/ti-cgt-arm_20.2.3.LTS/lib/</path>
         <kind>archive</kind>
         <file>rtsv7M4_T_le_v4SPD16_eabi.lib</file>
         <name>strchr.c.obj</name>
      </input_file>
      <input_file id="fl-e4">
         <path>/Applications/ti/ccs1010/ccs/tools/compiler/ti-cgt-arm_20.2.3.LTS/lib/</path>
         <kind>archive</kind>
         <file>rtsv7M4_T_le_v4SPD16_eabi.lib</file>
         <name>strlen.c.obj</name>
      </input_file>
      <input_file id="fl-e5">
         <path>/Applications/ti/ccs1010/ccs/tools/compiler/ti-cgt-arm_20.2.3.LTS/lib/</path>
         <kind>archive</kind>
         <file>rtsv7M4_T_le_v4SPD16_eabi.lib</file>
         <name>errno.c.obj</name>
      </input_file>
      <input_file id="fl-e6">
         <path>/Applications/ti/ccs1010/ccs/tools/compiler/ti-cgt-arm_20.2.3.LTS/lib/</path>
         <kind>archive</kind>
         <file>rtsv7M4_T_le_v4SPD16_eabi.lib</file>
         <name>boot_cortex_m.c.obj</name>
      </input_file>
      <input_file id="fl-e7">
         <path>/Applications/ti/ccs1010/ccs/tools/compiler/ti-cgt-arm_20.2.3.LTS/lib/</path>
         <kind>archive</kind>
         <file>rtsv7M4_T_le_v4SPD16_eabi.lib</file>
         <name>write.c.obj</name>
      </input_file>
      <input_file id="fl-e8">
         <path>/Applications/ti/ccs1010/ccs/tools/compiler/ti-cgt-arm_20.2.3.LTS/lib/</path>
         <kind>archive</kind>
         <file>rtsv7M4_T_le_v4SPD16_eabi.lib</file>
         <name>host_device.c.obj</name>
      </input_file>
      <input_file id="fl-e9">
         <path>/Applications/ti/ccs1010/ccs/tools/compiler/ti-cgt-arm_20.2.3.LTS/lib/</path>
         <kind>archive</kind>
         <file>rtsv7M4_T_le_v4SPD16_eabi.lib</file>
         <name>s_frexp.c.obj</name>
      </input_file>
      <input_file id="fl-ea">
         <path>/Applications/ti/ccs1010/ccs/tools/compiler/ti-cgt-arm_20.2.3.LTS/lib/</path>
         <kind>archive</kind>
         <file>rtsv7M4_T_le_v4SPD16_eabi.lib</file>
         <name>s_scalbn.c.obj</name>
      </input_file>
      <input_file id="fl-eb">
         <path>/Applications/ti/ccs1010/ccs/tools/compiler/ti-cgt-arm_20.2.3.LTS/lib/</path>
         <kind>archive</kind>
         <file>rtsv7M4_T_le_v4SPD16_eabi.lib</file>
         <name>wcslen.c.obj</name>
      </input_file>
      <input_file id="fl-ec">
         <path>/Applications/ti/ccs1010/ccs/tools/compiler/ti-cgt-arm_20.2.3.LTS/lib/</path>
         <kind>archive</kind>
         <file>rtsv7M4_T_le_v4SPD16_eabi.lib</file>
         <name>s_copysign.c.obj</name>
      </input_file>
      <input_file id="fl-ed">
         <path>/Applications/ti/ccs1010/ccs/tools/compiler/ti-cgt-arm_20.2.3.LTS/lib/</path>
         <kind>archive</kind>
         <file>rtsv7M4_T_le_v4SPD16_eabi.lib</file>
         <name>fflush.c.obj</name>
      </input_file>
      <input_file id="fl-ee">
         <path>/Applications/ti/ccs1010/ccs/tools/compiler/ti-cgt-arm_20.2.3.LTS/lib/</path>
         <kind>archive</kind>
         <file>rtsv7M4_T_le_v4SPD16_eabi.lib</file>
         <name>fopen.c.obj</name>
      </input_file>
      <input_file id="fl-ef">
         <path>/Applications/ti/ccs1010/ccs/tools/compiler/ti-cgt-arm_20.2.3.LTS/lib/</path>
         <kind>archive</kind>
         <file>rtsv7M4_T_le_v4SPD16_eabi.lib</file>
         <name>fseek.c.obj</name>
      </input_file>
      <input_file id="fl-f0">
         <path>/Applications/ti/ccs1010/ccs/tools/compiler/ti-cgt-arm_20.2.3.LTS/lib/</path>
         <kind>archive</kind>
         <file>rtsv7M4_T_le_v4SPD16_eabi.lib</file>
         <name>div0.asm.obj</name>
      </input_file>
      <input_file id="fl-f1">
         <path>/Applications/ti/ccs1010/ccs/tools/compiler/ti-cgt-arm_20.2.3.LTS/lib/</path>
         <kind>archive</kind>
         <file>rtsv7M4_T_le_v4SPD16_eabi.lib</file>
         <name>autoinit.c.obj</name>
      </input_file>
      <input_file id="fl-f2">
         <path>/Applications/ti/ccs1010/ccs/tools/compiler/ti-cgt-arm_20.2.3.LTS/lib/</path>
         <kind>archive</kind>
         <file>rtsv7M4_T_le_v4SPD16_eabi.lib</file>
         <name>pre_init.c.obj</name>
      </input_file>
      <input_file id="fl-f3">
         <path>/Applications/ti/ccs1010/ccs/tools/compiler/ti-cgt-arm_20.2.3.LTS/lib/</path>
         <kind>archive</kind>
         <file>rtsv7M4_T_le_v4SPD16_eabi.lib</file>
         <name>cpy_tbl.c.obj</name>
      </input_file>
      <input_file id="fl-f4">
         <path>/Applications/ti/ccs1010/ccs/tools/compiler/ti-cgt-arm_20.2.3.LTS/lib/</path>
         <kind>archive</kind>
         <file>rtsv7M4_T_le_v4SPD16_eabi.lib</file>
         <name>args_main.c.obj</name>
      </input_file>
      <input_file id="fl-f5">
         <path>/Applications/ti/ccs1010/ccs/tools/compiler/ti-cgt-arm_20.2.3.LTS/lib/</path>
         <kind>archive</kind>
         <file>rtsv7M4_T_le_v4SPD16_eabi.lib</file>
         <name>hostclose.c.obj</name>
      </input_file>
      <input_file id="fl-f6">
         <path>/Applications/ti/ccs1010/ccs/tools/compiler/ti-cgt-arm_20.2.3.LTS/lib/</path>
         <kind>archive</kind>
         <file>rtsv7M4_T_le_v4SPD16_eabi.lib</file>
         <name>hostlseek.c.obj</name>
      </input_file>
      <input_file id="fl-f7">
         <path>/Applications/ti/ccs1010/ccs/tools/compiler/ti-cgt-arm_20.2.3.LTS/lib/</path>
         <kind>archive</kind>
         <file>rtsv7M4_T_le_v4SPD16_eabi.lib</file>
         <name>hostopen.c.obj</name>
      </input_file>
      <input_file id="fl-f8">
         <path>/Applications/ti/ccs1010/ccs/tools/compiler/ti-cgt-arm_20.2.3.LTS/lib/</path>
         <kind>archive</kind>
         <file>rtsv7M4_T_le_v4SPD16_eabi.lib</file>
         <name>hostread.c.obj</name>
      </input_file>
      <input_file id="fl-f9">
         <path>/Applications/ti/ccs1010/ccs/tools/compiler/ti-cgt-arm_20.2.3.LTS/lib/</path>
         <kind>archive</kind>
         <file>rtsv7M4_T_le_v4SPD16_eabi.lib</file>
         <name>hostrename.c.obj</name>
      </input_file>
      <input_file id="fl-fa">
         <path>/Applications/ti/ccs1010/ccs/tools/compiler/ti-cgt-arm_20.2.3.LTS/lib/</path>
         <kind>archive</kind>
         <file>rtsv7M4_T_le_v4SPD16_eabi.lib</file>
         <name>hostunlink.c.obj</name>
      </input_file>
      <input_file id="fl-fb">
         <path>/Applications/ti/ccs1010/ccs/tools/compiler/ti-cgt-arm_20.2.3.LTS/lib/</path>
         <kind>archive</kind>
         <file>rtsv7M4_T_le_v4SPD16_eabi.lib</file>
         <name>hostwrite.c.obj</name>
      </input_file>
      <input_file id="fl-fc">
         <path>/Applications/ti/ccs1010/ccs/tools/compiler/ti-cgt-arm_20.2.3.LTS/lib/</path>
         <kind>archive</kind>
         <file>rtsv7M4_T_le_v4SPD16_eabi.lib</file>
         <name>trgmsg.c.obj</name>
      </input_file>
      <input_file id="fl-fd">
         <path>/Applications/ti/ccs1010/ccs/tools/compiler/ti-cgt-arm_20.2.3.LTS/lib/</path>
         <kind>archive</kind>
         <file>rtsv7M4_T_le_v4SPD16_eabi.lib</file>
         <name>open.c.obj</name>
      </input_file>
      <input_file id="fl-fe">
         <path>/Applications/ti/ccs1010/ccs/tools/compiler/ti-cgt-arm_20.2.3.LTS/lib/</path>
         <kind>archive</kind>
         <file>rtsv7M4_T_le_v4SPD16_eabi.lib</file>
         <name>lseek.c.obj</name>
      </input_file>
      <input_file id="fl-ff">
         <path>/Applications/ti/ccs1010/ccs/tools/compiler/ti-cgt-arm_20.2.3.LTS/lib/</path>
         <kind>archive</kind>
         <file>rtsv7M4_T_le_v4SPD16_eabi.lib</file>
         <name>fclose.c.obj</name>
      </input_file>
      <input_file id="fl-100">
         <path>/Applications/ti/ccs1010/ccs/tools/compiler/ti-cgt-arm_20.2.3.LTS/lib/</path>
         <kind>archive</kind>
         <file>rtsv7M4_T_le_v4SPD16_eabi.lib</file>
         <name>getdevice.c.obj</name>
      </input_file>
      <input_file id="fl-101">
         <path>/Applications/ti/ccs1010/ccs/tools/compiler/ti-cgt-arm_20.2.3.LTS/lib/</path>
         <kind>archive</kind>
         <file>rtsv7M4_T_le_v4SPD16_eabi.lib</file>
         <name>strcmp.c.obj</name>
      </input_file>
      <input_file id="fl-102">
         <path>/Applications/ti/ccs1010/ccs/tools/compiler/ti-cgt-arm_20.2.3.LTS/lib/</path>
         <kind>archive</kind>
         <file>rtsv7M4_T_le_v4SPD16_eabi.lib</file>
         <name>strcpy.c.obj</name>
      </input_file>
      <input_file id="fl-103">
         <path>/Applications/ti/ccs1010/ccs/tools/compiler/ti-cgt-arm_20.2.3.LTS/lib/</path>
         <kind>archive</kind>
         <file>rtsv7M4_T_le_v4SPD16_eabi.lib</file>
         <name>strncpy.c.obj</name>
      </input_file>
      <input_file id="fl-104">
         <path>/Applications/ti/ccs1010/ccs/tools/compiler/ti-cgt-arm_20.2.3.LTS/lib/</path>
         <kind>archive</kind>
         <file>rtsv7M4_T_le_v4SPD16_eabi.lib</file>
         <name>remove.c.obj</name>
      </input_file>
      <input_file id="fl-105">
         <path>/Applications/ti/ccs1010/ccs/tools/compiler/ti-cgt-arm_20.2.3.LTS/lib/</path>
         <kind>archive</kind>
         <file>rtsv7M4_T_le_v4SPD16_eabi.lib</file>
         <name>close.c.obj</name>
      </input_file>
      <input_file id="fl-106">
         <path>/Applications/ti/ccs1010/ccs/tools/compiler/ti-cgt-arm_20.2.3.LTS/lib/</path>
         <kind>archive</kind>
         <file>rtsv7M4_T_le_v4SPD16_eabi.lib</file>
         <name>unlink.c.obj</name>
      </input_file>
   </input_file_list>
   <object_component_list>
      <object_component id="oc-26">
         <name>.intvecs:retain</name>
         <load_address>0x0</load_address>
         <run_address>0x0</run_address>
         <size>0xe4</size>
         <input_file_ref idref="fl-b"/>
      </object_component>
      <object_component id="oc-cb">
         <name>.text</name>
         <load_address>0xe4</load_address>
         <run_address>0xe4</run_address>
         <size>0x15a8</size>
         <input_file_ref idref="fl-6"/>
      </object_component>
      <object_component id="oc-c5">
         <name>.text</name>
         <load_address>0x168c</load_address>
         <run_address>0x168c</run_address>
         <size>0xb64</size>
         <input_file_ref idref="fl-2"/>
      </object_component>
      <object_component id="oc-256">
         <name>.text:__TI_printfi</name>
         <load_address>0x21f0</load_address>
         <run_address>0x21f0</run_address>
         <size>0xa4e</size>
         <input_file_ref idref="fl-c7"/>
      </object_component>
      <object_component id="oc-289">
         <name>.text:_nop</name>
         <load_address>0x2c3e</load_address>
         <run_address>0x2c3e</run_address>
         <size>0x2</size>
         <input_file_ref idref="fl-db"/>
      </object_component>
      <object_component id="oc-70">
         <name>.text</name>
         <load_address>0x2c40</load_address>
         <run_address>0x2c40</run_address>
         <size>0x5b8</size>
         <input_file_ref idref="fl-a"/>
      </object_component>
      <object_component id="oc-d1">
         <name>.text</name>
         <load_address>0x31f8</load_address>
         <run_address>0x31f8</run_address>
         <size>0x3f0</size>
         <input_file_ref idref="fl-1"/>
      </object_component>
      <object_component id="oc-be">
         <name>.text</name>
         <load_address>0x35e8</load_address>
         <run_address>0x35e8</run_address>
         <size>0x334</size>
         <input_file_ref idref="fl-c"/>
      </object_component>
      <object_component id="oc-82">
         <name>.text</name>
         <load_address>0x391c</load_address>
         <run_address>0x391c</run_address>
         <size>0x2e8</size>
         <input_file_ref idref="fl-3"/>
      </object_component>
      <object_component id="oc-ed">
         <name>.text</name>
         <load_address>0x3c04</load_address>
         <run_address>0x3c04</run_address>
         <size>0x2a4</size>
         <input_file_ref idref="fl-9"/>
      </object_component>
      <object_component id="oc-2d1">
         <name>.text:_pconv_a</name>
         <load_address>0x3ea8</load_address>
         <run_address>0x3ea8</run_address>
         <size>0x270</size>
         <input_file_ref idref="fl-c7"/>
      </object_component>
      <object_component id="oc-d7">
         <name>.text</name>
         <load_address>0x4118</load_address>
         <run_address>0x4118</run_address>
         <size>0x258</size>
         <input_file_ref idref="fl-7"/>
      </object_component>
      <object_component id="oc-2bf">
         <name>.text:_pconv_g</name>
         <load_address>0x4370</load_address>
         <run_address>0x4370</run_address>
         <size>0x1d0</size>
         <input_file_ref idref="fl-c7"/>
      </object_component>
      <object_component id="oc-1d0">
         <name>.text</name>
         <load_address>0x4540</load_address>
         <run_address>0x4540</run_address>
         <size>0x1b6</size>
         <input_file_ref idref="fl-cc"/>
      </object_component>
      <object_component id="oc-3af">
         <name>.text</name>
         <load_address>0x46f6</load_address>
         <run_address>0x46f6</run_address>
         <size>0x2</size>
         <input_file_ref idref="fl-f0"/>
      </object_component>
      <object_component id="oc-dd">
         <name>.text</name>
         <load_address>0x46f8</load_address>
         <run_address>0x46f8</run_address>
         <size>0x1ac</size>
         <input_file_ref idref="fl-8"/>
      </object_component>
      <object_component id="oc-7c">
         <name>.text</name>
         <load_address>0x48a4</load_address>
         <run_address>0x48a4</run_address>
         <size>0x198</size>
         <input_file_ref idref="fl-4"/>
      </object_component>
      <object_component id="oc-76">
         <name>.text</name>
         <load_address>0x4a3c</load_address>
         <run_address>0x4a3c</run_address>
         <size>0x180</size>
         <input_file_ref idref="fl-5"/>
      </object_component>
      <object_component id="oc-2cb">
         <name>.text:_pconv_e</name>
         <load_address>0x4bbc</load_address>
         <run_address>0x4bbc</run_address>
         <size>0x13c</size>
         <input_file_ref idref="fl-c7"/>
      </object_component>
      <object_component id="oc-121">
         <name>.text</name>
         <load_address>0x4cf8</load_address>
         <run_address>0x4cf8</run_address>
         <size>0x136</size>
         <input_file_ref idref="fl-ce"/>
      </object_component>
      <object_component id="oc-34a">
         <name>.text:fcvt</name>
         <load_address>0x4e30</load_address>
         <run_address>0x4e30</run_address>
         <size>0x124</size>
         <input_file_ref idref="fl-c7"/>
      </object_component>
      <object_component id="oc-2f9">
         <name>.text:fputs</name>
         <load_address>0x4f54</load_address>
         <run_address>0x4f54</run_address>
         <size>0x114</size>
         <input_file_ref idref="fl-c9"/>
      </object_component>
      <object_component id="oc-35e">
         <name>.text:scalbn</name>
         <load_address>0x5068</load_address>
         <run_address>0x5068</run_address>
         <size>0x110</size>
         <input_file_ref idref="fl-ea"/>
      </object_component>
      <object_component id="oc-456">
         <name>.text:aligned_alloc</name>
         <load_address>0x5178</load_address>
         <run_address>0x5178</run_address>
         <size>0x100</size>
         <input_file_ref idref="fl-e2"/>
      </object_component>
      <object_component id="oc-130">
         <name>.text</name>
         <load_address>0x5278</load_address>
         <run_address>0x5278</run_address>
         <size>0xfc</size>
         <input_file_ref idref="fl-cf"/>
      </object_component>
      <object_component id="oc-414">
         <name>.text:free</name>
         <load_address>0x5374</load_address>
         <run_address>0x5374</run_address>
         <size>0xe4</size>
         <input_file_ref idref="fl-e2"/>
      </object_component>
      <object_component id="oc-3e6">
         <name>.text:setvbuf</name>
         <load_address>0x5458</load_address>
         <run_address>0x5458</run_address>
         <size>0xdc</size>
         <input_file_ref idref="fl-cb"/>
      </object_component>
      <object_component id="oc-2b4">
         <name>.text:_ltostr</name>
         <load_address>0x5534</load_address>
         <run_address>0x5534</run_address>
         <size>0xb1</size>
         <input_file_ref idref="fl-c7"/>
      </object_component>
      <object_component id="oc-3a">
         <name>.text</name>
         <load_address>0x55e6</load_address>
         <run_address>0x55e6</run_address>
         <size>0x9c</size>
         <input_file_ref idref="fl-d4"/>
      </object_component>
      <object_component id="oc-326">
         <name>.text</name>
         <load_address>0x5682</load_address>
         <run_address>0x5682</run_address>
         <size>0x96</size>
         <input_file_ref idref="fl-d6"/>
      </object_component>
      <object_component id="oc-300">
         <name>.text:fputc</name>
         <load_address>0x5718</load_address>
         <run_address>0x5718</run_address>
         <size>0x8c</size>
         <input_file_ref idref="fl-c8"/>
      </object_component>
      <object_component id="oc-2ba">
         <name>.text:__aeabi_cdcmple</name>
         <load_address>0x57a4</load_address>
         <run_address>0x57a4</run_address>
         <size>0x86</size>
         <input_file_ref idref="fl-cd"/>
      </object_component>
      <object_component id="oc-32d">
         <name>.text:__aeabi_cdrcmple</name>
         <load_address>0x582a</load_address>
         <run_address>0x582a</run_address>
         <size>0x86</size>
         <input_file_ref idref="fl-cd"/>
      </object_component>
      <object_component id="oc-a6">
         <name>.text</name>
         <load_address>0x58b0</load_address>
         <run_address>0x58b0</run_address>
         <size>0x7a</size>
         <input_file_ref idref="fl-d5"/>
      </object_component>
      <object_component id="oc-45d">
         <name>.text:__TI_closefile</name>
         <load_address>0x592c</load_address>
         <run_address>0x592c</run_address>
         <size>0x74</size>
         <input_file_ref idref="fl-ff"/>
      </object_component>
      <object_component id="oc-49e">
         <name>.text:split</name>
         <load_address>0x59a0</load_address>
         <run_address>0x59a0</run_address>
         <size>0x70</size>
         <input_file_ref idref="fl-e2"/>
      </object_component>
      <object_component id="oc-343">
         <name>.text:_mcpy</name>
         <load_address>0x5a10</load_address>
         <run_address>0x5a10</run_address>
         <size>0x6e</size>
         <input_file_ref idref="fl-c7"/>
      </object_component>
      <object_component id="oc-126">
         <name>.text</name>
         <load_address>0x5a7e</load_address>
         <run_address>0x5a7e</run_address>
         <size>0x6e</size>
         <input_file_ref idref="fl-d1"/>
      </object_component>
      <object_component id="oc-48d">
         <name>.text:HOSTrename</name>
         <load_address>0x5aec</load_address>
         <run_address>0x5aec</run_address>
         <size>0x6c</size>
         <input_file_ref idref="fl-f9"/>
      </object_component>
      <object_component id="oc-481">
         <name>.text:HOSTlseek</name>
         <load_address>0x5b58</load_address>
         <run_address>0x5b58</run_address>
         <size>0x68</size>
         <input_file_ref idref="fl-f6"/>
      </object_component>
      <object_component id="oc-17">
         <name>.text:decompress:lzss:__TI_decompress_lzss</name>
         <load_address>0x5bc0</load_address>
         <run_address>0x5bc0</run_address>
         <size>0x68</size>
         <input_file_ref idref="fl-d9"/>
      </object_component>
      <object_component id="oc-1d5">
         <name>.text:printf</name>
         <load_address>0x5c28</load_address>
         <run_address>0x5c28</run_address>
         <size>0x68</size>
         <input_file_ref idref="fl-c6"/>
      </object_component>
      <object_component id="oc-358">
         <name>.text:frexp</name>
         <load_address>0x5c90</load_address>
         <run_address>0x5c90</run_address>
         <size>0x64</size>
         <input_file_ref idref="fl-e9"/>
      </object_component>
      <object_component id="oc-3e0">
         <name>.text:fseek</name>
         <load_address>0x5cf4</load_address>
         <run_address>0x5cf4</run_address>
         <size>0x64</size>
         <input_file_ref idref="fl-ef"/>
      </object_component>
      <object_component id="oc-38c">
         <name>.text:__TI_wrt_ok</name>
         <load_address>0x5d58</load_address>
         <run_address>0x5d58</run_address>
         <size>0x62</size>
         <input_file_ref idref="fl-ca"/>
      </object_component>
      <object_component id="oc-469">
         <name>.text:HOSTopen</name>
         <load_address>0x5dbc</load_address>
         <run_address>0x5dbc</run_address>
         <size>0x60</size>
         <input_file_ref idref="fl-f7"/>
      </object_component>
      <object_component id="oc-4a5">
         <name>.text:close</name>
         <load_address>0x5e1c</load_address>
         <run_address>0x5e1c</run_address>
         <size>0x5c</size>
         <input_file_ref idref="fl-105"/>
      </object_component>
      <object_component id="oc-475">
         <name>.text:HOSTread</name>
         <load_address>0x5e78</load_address>
         <run_address>0x5e78</run_address>
         <size>0x58</size>
         <input_file_ref idref="fl-f8"/>
      </object_component>
      <object_component id="oc-47b">
         <name>.text:HOSTwrite</name>
         <load_address>0x5ed0</load_address>
         <run_address>0x5ed0</run_address>
         <size>0x58</size>
         <input_file_ref idref="fl-fb"/>
      </object_component>
      <object_component id="oc-2c5">
         <name>.text:_pconv_f</name>
         <load_address>0x5f28</load_address>
         <run_address>0x5f28</run_address>
         <size>0x56</size>
         <input_file_ref idref="fl-c7"/>
      </object_component>
      <object_component id="oc-337">
         <name>.text:__TI_ltoa</name>
         <load_address>0x5f7e</load_address>
         <run_address>0x5f7e</run_address>
         <size>0x54</size>
         <input_file_ref idref="fl-dc"/>
      </object_component>
      <object_component id="oc-33d">
         <name>.text:_ecpy</name>
         <load_address>0x5fd2</load_address>
         <run_address>0x5fd2</run_address>
         <size>0x52</size>
         <input_file_ref idref="fl-c7"/>
      </object_component>
      <object_component id="oc-398">
         <name>.text:__TI_doflush</name>
         <load_address>0x6024</load_address>
         <run_address>0x6024</run_address>
         <size>0x4c</size>
         <input_file_ref idref="fl-ed"/>
      </object_component>
      <object_component id="oc-2ae">
         <name>.text:atoi</name>
         <load_address>0x6070</load_address>
         <run_address>0x6070</run_address>
         <size>0x4c</size>
         <input_file_ref idref="fl-dd"/>
      </object_component>
      <object_component id="oc-160">
         <name>.text:exit</name>
         <load_address>0x60bc</load_address>
         <run_address>0x60bc</run_address>
         <size>0x48</size>
         <input_file_ref idref="fl-da"/>
      </object_component>
      <object_component id="oc-332">
         <name>.text</name>
         <load_address>0x6104</load_address>
         <run_address>0x6104</run_address>
         <size>0x48</size>
         <input_file_ref idref="fl-d0"/>
      </object_component>
      <object_component id="oc-46f">
         <name>.text:HOSTclose</name>
         <load_address>0x614c</load_address>
         <run_address>0x614c</run_address>
         <size>0x44</size>
         <input_file_ref idref="fl-f5"/>
      </object_component>
      <object_component id="oc-487">
         <name>.text:HOSTunlink</name>
         <load_address>0x6190</load_address>
         <run_address>0x6190</run_address>
         <size>0x44</size>
         <input_file_ref idref="fl-fa"/>
      </object_component>
      <object_component id="oc-166">
         <name>.text:__TI_auto_init_nobinit_nopinit:__TI_auto_init_nobinit_nopinit</name>
         <load_address>0x61d4</load_address>
         <run_address>0x61d4</run_address>
         <size>0x44</size>
         <input_file_ref idref="fl-f1"/>
      </object_component>
      <object_component id="oc-4dd">
         <name>.text:getdevice</name>
         <load_address>0x6218</load_address>
         <run_address>0x6218</run_address>
         <size>0x44</size>
         <input_file_ref idref="fl-100"/>
      </object_component>
      <object_component id="oc-350">
         <name>.text:_fcpy</name>
         <load_address>0x625c</load_address>
         <run_address>0x625c</run_address>
         <size>0x3e</size>
         <input_file_ref idref="fl-c7"/>
      </object_component>
      <object_component id="oc-4b6">
         <name>.text:__TI_writemsg</name>
         <load_address>0x629c</load_address>
         <run_address>0x629c</run_address>
         <size>0x38</size>
         <input_file_ref idref="fl-fc"/>
      </object_component>
      <object_component id="oc-12b">
         <name>.text</name>
         <load_address>0x62d4</load_address>
         <run_address>0x62d4</run_address>
         <size>0x38</size>
         <input_file_ref idref="fl-d2"/>
      </object_component>
      <object_component id="oc-4ff">
         <name>.text:strncpy</name>
         <load_address>0x630c</load_address>
         <run_address>0x630c</run_address>
         <size>0x36</size>
         <input_file_ref idref="fl-103"/>
      </object_component>
      <object_component id="oc-420">
         <name>.text:__TI_cleanup</name>
         <load_address>0x6344</load_address>
         <run_address>0x6344</run_address>
         <size>0x34</size>
         <input_file_ref idref="fl-ee"/>
      </object_component>
      <object_component id="oc-4bc">
         <name>.text:__TI_readmsg</name>
         <load_address>0x6378</load_address>
         <run_address>0x6378</run_address>
         <size>0x34</size>
         <input_file_ref idref="fl-fc"/>
      </object_component>
      <object_component id="oc-58">
         <name>.text:_c_int00_noargs:_c_int00_noargs</name>
         <load_address>0x63ac</load_address>
         <run_address>0x63ac</run_address>
         <size>0x34</size>
         <input_file_ref idref="fl-e6"/>
      </object_component>
      <object_component id="oc-505">
         <name>.text:finddevice</name>
         <load_address>0x63e0</load_address>
         <run_address>0x63e0</run_address>
         <size>0x30</size>
         <input_file_ref idref="fl-100"/>
      </object_component>
      <object_component id="oc-11c">
         <name>.text</name>
         <load_address>0x6410</load_address>
         <run_address>0x6410</run_address>
         <size>0x2e</size>
         <input_file_ref idref="fl-d3"/>
      </object_component>
      <object_component id="oc-4ab">
         <name>.text:unlink</name>
         <load_address>0x6440</load_address>
         <run_address>0x6440</run_address>
         <size>0x2c</size>
         <input_file_ref idref="fl-106"/>
      </object_component>
      <object_component id="oc-44f">
         <name>.text:free_list_insert</name>
         <load_address>0x646c</load_address>
         <run_address>0x646c</run_address>
         <size>0x28</size>
         <input_file_ref idref="fl-e2"/>
      </object_component>
      <object_component id="oc-40c">
         <name>.text:lseek</name>
         <load_address>0x6494</load_address>
         <run_address>0x6494</run_address>
         <size>0x28</size>
         <input_file_ref idref="fl-fe"/>
      </object_component>
      <object_component id="oc-39e">
         <name>.text:write</name>
         <load_address>0x64bc</load_address>
         <run_address>0x64bc</run_address>
         <size>0x28</size>
         <input_file_ref idref="fl-e7"/>
      </object_component>
      <object_component id="oc-392">
         <name>.text:memchr</name>
         <load_address>0x64e4</load_address>
         <run_address>0x64e4</run_address>
         <size>0x20</size>
         <input_file_ref idref="fl-e1"/>
      </object_component>
      <object_component id="oc-46">
         <name>.text:decompress:ZI:__TI_zero_init_nomemset:__TI_zero_init_nomemset</name>
         <load_address>0x6504</load_address>
         <run_address>0x6504</run_address>
         <size>0x1c</size>
         <input_file_ref idref="fl-d7"/>
      </object_component>
      <object_component id="oc-449">
         <name>.text:free_list_remove</name>
         <load_address>0x6520</load_address>
         <run_address>0x6520</run_address>
         <size>0x1c</size>
         <input_file_ref idref="fl-e2"/>
      </object_component>
      <object_component id="oc-2d7">
         <name>.text:memccpy</name>
         <load_address>0x653c</load_address>
         <run_address>0x653c</run_address>
         <size>0x1c</size>
         <input_file_ref idref="fl-e0"/>
      </object_component>
      <object_component id="oc-3c4">
         <name>.text:copysign</name>
         <load_address>0x6558</load_address>
         <run_address>0x6558</run_address>
         <size>0x1a</size>
         <input_file_ref idref="fl-ec"/>
      </object_component>
      <object_component id="oc-51c">
         <name>.text:strcmp</name>
         <load_address>0x6572</load_address>
         <run_address>0x6572</run_address>
         <size>0x18</size>
         <input_file_ref idref="fl-101"/>
      </object_component>
      <object_component id="oc-364">
         <name>.text:strchr</name>
         <load_address>0x658a</load_address>
         <run_address>0x658a</run_address>
         <size>0x16</size>
         <input_file_ref idref="fl-e3"/>
      </object_component>
      <object_component id="oc-4d0">
         <name>.text:strcpy</name>
         <load_address>0x65a0</load_address>
         <run_address>0x65a0</run_address>
         <size>0x14</size>
         <input_file_ref idref="fl-102"/>
      </object_component>
      <object_component id="oc-2a8">
         <name>.text:strlen</name>
         <load_address>0x65b4</load_address>
         <run_address>0x65b4</run_address>
         <size>0x14</size>
         <input_file_ref idref="fl-e4"/>
      </object_component>
      <object_component id="oc-2dd">
         <name>.text:wcslen</name>
         <load_address>0x65c8</load_address>
         <run_address>0x65c8</run_address>
         <size>0x12</size>
         <input_file_ref idref="fl-eb"/>
      </object_component>
      <object_component id="oc-1d">
         <name>.text:decompress:none:__TI_decompress_none</name>
         <load_address>0x65da</load_address>
         <run_address>0x65da</run_address>
         <size>0xe</size>
         <input_file_ref idref="fl-d8"/>
      </object_component>
      <object_component id="oc-6a">
         <name>.text</name>
         <load_address>0x65e8</load_address>
         <run_address>0x65e8</run_address>
         <size>0xe</size>
         <input_file_ref idref="fl-b"/>
      </object_component>
      <object_component id="oc-2e3">
         <name>.text:__aeabi_errno_addr</name>
         <load_address>0x65f8</load_address>
         <run_address>0x65f8</run_address>
         <size>0x8</size>
         <input_file_ref idref="fl-e5"/>
      </object_component>
      <object_component id="oc-41a">
         <name>.text:malloc</name>
         <load_address>0x6600</load_address>
         <run_address>0x6600</run_address>
         <size>0x8</size>
         <input_file_ref idref="fl-e2"/>
      </object_component>
      <object_component id="oc-265">
         <name>.text:_outc</name>
         <load_address>0x6608</load_address>
         <run_address>0x6608</run_address>
         <size>0x4</size>
         <input_file_ref idref="fl-c6"/>
      </object_component>
      <object_component id="oc-25f">
         <name>.text:_outs</name>
         <load_address>0x660c</load_address>
         <run_address>0x660c</run_address>
         <size>0x4</size>
         <input_file_ref idref="fl-c6"/>
      </object_component>
      <object_component id="oc-ac">
         <name>.text:_system_pre_init</name>
         <load_address>0x6610</load_address>
         <run_address>0x6610</run_address>
         <size>0x4</size>
         <input_file_ref idref="fl-f2"/>
      </object_component>
      <object_component id="oc-15a">
         <name>.text:abort:abort</name>
         <load_address>0x6614</load_address>
         <run_address>0x6614</run_address>
         <size>0x4</size>
         <input_file_ref idref="fl-da"/>
      </object_component>
      <object_component id="oc-1bc">
         <name>.const:.string:Font</name>
         <load_address>0x6618</load_address>
         <run_address>0x6618</run_address>
         <size>0x4fb</size>
         <input_file_ref idref="fl-6"/>
      </object_component>
      <object_component id="oc-1c7">
         <name>.const:.string:dBfs</name>
         <load_address>0x6b13</load_address>
         <run_address>0x6b13</run_address>
         <size>0x200</size>
         <input_file_ref idref="fl-6"/>
      </object_component>
      <object_component id="oc-10b">
         <name>.const:ADC_PWM_Vector</name>
         <load_address>0x6d14</load_address>
         <run_address>0x6d14</run_address>
         <size>0x200</size>
         <input_file_ref idref="fl-a"/>
      </object_component>
      <object_component id="oc-321">
         <name>.const:.string:_ctypes_</name>
         <load_address>0x6f14</load_address>
         <run_address>0x6f14</run_address>
         <size>0x101</size>
         <input_file_ref idref="fl-de"/>
      </object_component>
      <object_component id="oc-101">
         <name>.const:TempleOS_Tune</name>
         <load_address>0x7016</load_address>
         <run_address>0x7016</run_address>
         <size>0xee</size>
         <input_file_ref idref="fl-a"/>
      </object_component>
      <object_component id="oc-104">
         <name>.const:_TempleOS_Tune_High</name>
         <load_address>0x7104</load_address>
         <run_address>0x7104</run_address>
         <size>0xac</size>
         <input_file_ref idref="fl-a"/>
      </object_component>
      <object_component id="oc-107">
         <name>.const:_TempleOS_Tune_Low</name>
         <load_address>0x71b0</load_address>
         <run_address>0x71b0</run_address>
         <size>0xac</size>
         <input_file_ref idref="fl-a"/>
      </object_component>
      <object_component id="oc-1aa">
         <name>.const:.string:Bcmd</name>
         <load_address>0x725c</load_address>
         <run_address>0x725c</run_address>
         <size>0x67</size>
         <input_file_ref idref="fl-6"/>
      </object_component>
      <object_component id="oc-1b0">
         <name>.const:.string:Rcmd1</name>
         <load_address>0x72c3</load_address>
         <run_address>0x72c3</run_address>
         <size>0x3b</size>
         <input_file_ref idref="fl-6"/>
      </object_component>
      <object_component id="oc-1de">
         <name>.const:$P$T1$2</name>
         <load_address>0x72fe</load_address>
         <run_address>0x72fe</run_address>
         <size>0x30</size>
         <input_file_ref idref="fl-1"/>
      </object_component>
      <object_component id="oc-1b9">
         <name>.const:.string:Rcmd3</name>
         <load_address>0x732e</load_address>
         <run_address>0x732e</run_address>
         <size>0x2b</size>
         <input_file_ref idref="fl-6"/>
      </object_component>
      <object_component id="oc-1db">
         <name>.const:$P$T0$1</name>
         <load_address>0x7359</load_address>
         <run_address>0x7359</run_address>
         <size>0x1c</size>
         <input_file_ref idref="fl-1"/>
      </object_component>
      <object_component id="oc-1a2">
         <name>.const:Days</name>
         <load_address>0x7375</load_address>
         <run_address>0x7375</run_address>
         <size>0x1c</size>
         <input_file_ref idref="fl-2"/>
      </object_component>
      <object_component id="oc-1e3">
         <name>.const:.string:$P$T2$1</name>
         <load_address>0x7391</load_address>
         <run_address>0x7391</run_address>
         <size>0x1a</size>
         <input_file_ref idref="fl-7"/>
      </object_component>
      <object_component id="oc-1b3">
         <name>.const:.string:Rcmd2green</name>
         <load_address>0x73ab</load_address>
         <run_address>0x73ab</run_address>
         <size>0xd</size>
         <input_file_ref idref="fl-6"/>
      </object_component>
      <object_component id="oc-1b6">
         <name>.const:.string:Rcmd2red</name>
         <load_address>0x73b8</load_address>
         <run_address>0x73b8</run_address>
         <size>0xd</size>
         <input_file_ref idref="fl-6"/>
      </object_component>
      <object_component id="oc-55c">
         <name>.cinit..data.load</name>
         <load_address>0x73c8</load_address>
         <run_address>0x73c8</run_address>
         <size>0x92</size>
      </object_component>
      <object_component id="oc-55a">
         <name>__TI_handler_table</name>
         <load_address>0x745c</load_address>
         <run_address>0x745c</run_address>
         <size>0xc</size>
      </object_component>
      <object_component id="oc-55d">
         <name>.cinit..bss.load</name>
         <load_address>0x7468</load_address>
         <run_address>0x7468</run_address>
         <size>0x8</size>
      </object_component>
      <object_component id="oc-55b">
         <name>__TI_cinit_table</name>
         <load_address>0x7470</load_address>
         <run_address>0x7470</run_address>
         <size>0x10</size>
      </object_component>
      <object_component id="oc-52e">
         <name>.binit</name>
         <load_address>0x0</load_address>
         <run_address>0x0</run_address>
         <size>0x0</size>
      </object_component>
      <object_component id="oc-19f">
         <name>.data:Scroll_Text</name>
         <load_address>0x200005b8</load_address>
         <run_address>0x200005b8</run_address>
         <size>0x19</size>
         <input_file_ref idref="fl-2"/>
      </object_component>
      <object_component id="oc-19e">
         <name>.data</name>
         <load_address>0x200005d2</load_address>
         <run_address>0x200005d2</run_address>
         <size>0x2</size>
         <input_file_ref idref="fl-2"/>
      </object_component>
      <object_component id="oc-135">
         <name>.data</name>
         <load_address>0x20000604</load_address>
         <run_address>0x20000604</run_address>
         <size>0xc</size>
         <input_file_ref idref="fl-3"/>
      </object_component>
      <object_component id="oc-11a">
         <name>.data</name>
         <load_address>0x2000062c</load_address>
         <run_address>0x2000062c</run_address>
         <size>0x4</size>
         <input_file_ref idref="fl-4"/>
      </object_component>
      <object_component id="oc-1ad">
         <name>.data</name>
         <load_address>0x200005d4</load_address>
         <run_address>0x200005d4</run_address>
         <size>0x14</size>
         <input_file_ref idref="fl-6"/>
      </object_component>
      <object_component id="oc-1e9">
         <name>.data</name>
         <load_address>0x20000630</load_address>
         <run_address>0x20000630</run_address>
         <size>0x4</size>
         <input_file_ref idref="fl-8"/>
      </object_component>
      <object_component id="oc-f3">
         <name>.data</name>
         <load_address>0x20000610</load_address>
         <run_address>0x20000610</run_address>
         <size>0xa</size>
         <input_file_ref idref="fl-a"/>
      </object_component>
      <object_component id="oc-198">
         <name>.data</name>
         <load_address>0x20000638</load_address>
         <run_address>0x20000638</run_address>
         <size>0x4</size>
         <input_file_ref idref="fl-c"/>
      </object_component>
      <object_component id="oc-217">
         <name>.data:$O1$$</name>
         <load_address>0x200005f8</load_address>
         <run_address>0x200005f8</run_address>
         <size>0xc</size>
         <input_file_ref idref="fl-da"/>
      </object_component>
      <object_component id="oc-21a">
         <name>.data:$O1$$</name>
         <load_address>0x2000061c</load_address>
         <run_address>0x2000061c</run_address>
         <size>0x8</size>
         <input_file_ref idref="fl-db"/>
      </object_component>
      <object_component id="oc-25c">
         <name>.data:_ftable</name>
         <load_address>0x20000400</load_address>
         <run_address>0x20000400</run_address>
         <size>0xf0</size>
         <input_file_ref idref="fl-df"/>
      </object_component>
      <object_component id="oc-463">
         <name>.data</name>
         <load_address>0x200005e8</load_address>
         <run_address>0x200005e8</run_address>
         <size>0x10</size>
         <input_file_ref idref="fl-df"/>
      </object_component>
      <object_component id="oc-499">
         <name>.data:$O1$$</name>
         <load_address>0x20000624</load_address>
         <run_address>0x20000624</run_address>
         <size>0x8</size>
         <input_file_ref idref="fl-e2"/>
      </object_component>
      <object_component id="oc-374">
         <name>.data</name>
         <load_address>0x20000634</load_address>
         <run_address>0x20000634</run_address>
         <size>0x4</size>
         <input_file_ref idref="fl-e5"/>
      </object_component>
      <object_component id="oc-433">
         <name>.data:_device</name>
         <load_address>0x200004f0</load_address>
         <run_address>0x200004f0</run_address>
         <size>0x78</size>
         <input_file_ref idref="fl-e8"/>
      </object_component>
      <object_component id="oc-3f2">
         <name>.data:_stream</name>
         <load_address>0x20000568</load_address>
         <run_address>0x20000568</run_address>
         <size>0x50</size>
         <input_file_ref idref="fl-e8"/>
      </object_component>
      <object_component id="oc-1a5">
         <name>.bss</name>
         <uninitialized>true</uninitialized>
         <run_address>0x20000808</run_address>
         <size>0x8</size>
         <input_file_ref idref="fl-2"/>
      </object_component>
      <object_component id="oc-1a7">
         <name>.bss</name>
         <uninitialized>true</uninitialized>
         <run_address>0x20000818</run_address>
         <size>0x4</size>
         <input_file_ref idref="fl-6"/>
      </object_component>
      <object_component id="oc-4e7">
         <name>.bss:_CIOBUF_</name>
         <uninitialized>true</uninitialized>
         <run_address>0x2000063c</run_address>
         <size>0x120</size>
         <input_file_ref idref="fl-fc"/>
      </object_component>
      <object_component id="oc-ea">
         <name>.common:LCD_A_State</name>
         <uninitialized>true</uninitialized>
         <run_address>0x20000840</run_address>
         <size>0x1</size>
      </object_component>
      <object_component id="oc-19c">
         <name>.common:White</name>
         <uninitialized>true</uninitialized>
         <run_address>0x2000083e</run_address>
         <size>0x2</size>
      </object_component>
      <object_component id="oc-19d">
         <name>.common:Blue</name>
         <uninitialized>true</uninitialized>
         <run_address>0x2000083a</run_address>
         <size>0x2</size>
      </object_component>
      <object_component id="oc-10a">
         <name>.common:Motor_Spinning</name>
         <uninitialized>true</uninitialized>
         <run_address>0x20000841</run_address>
         <size>0x1</size>
      </object_component>
      <object_component id="oc-f9">
         <name>.common:RPM</name>
         <uninitialized>true</uninitialized>
         <run_address>0x20000820</run_address>
         <size>0x4</size>
      </object_component>
      <object_component id="oc-f6">
         <name>.common:Speed</name>
         <uninitialized>true</uninitialized>
         <run_address>0x20000824</run_address>
         <size>0x4</size>
      </object_component>
      <object_component id="oc-fe">
         <name>.common:Backup_Distance</name>
         <uninitialized>true</uninitialized>
         <run_address>0x20000838</run_address>
         <size>0x2</size>
      </object_component>
      <object_component id="oc-e9">
         <name>.common:Rotary_Button</name>
         <uninitialized>true</uninitialized>
         <run_address>0x20000842</run_address>
         <size>0x1</size>
      </object_component>
      <object_component id="oc-e8">
         <name>.common:Rotary_CW</name>
         <uninitialized>true</uninitialized>
         <run_address>0x20000844</run_address>
         <size>0x1</size>
      </object_component>
      <object_component id="oc-e3">
         <name>.common:Rotary_CCW</name>
         <uninitialized>true</uninitialized>
         <run_address>0x20000843</run_address>
         <size>0x1</size>
      </object_component>
      <object_component id="oc-1bf">
         <name>.common:Message</name>
         <uninitialized>true</uninitialized>
         <run_address>0x200007fc</run_address>
         <size>0xc</size>
      </object_component>
      <object_component id="oc-1c2">
         <name>.common:Messageindex</name>
         <uninitialized>true</uninitialized>
         <run_address>0x2000081c</run_address>
         <size>0x4</size>
      </object_component>
      <object_component id="oc-1c3">
         <name>.common:Ymax</name>
         <uninitialized>true</uninitialized>
         <run_address>0x2000082c</run_address>
         <size>0x4</size>
      </object_component>
      <object_component id="oc-1c4">
         <name>.common:Ymin</name>
         <uninitialized>true</uninitialized>
         <run_address>0x20000830</run_address>
         <size>0x4</size>
      </object_component>
      <object_component id="oc-1c6">
         <name>.common:X</name>
         <uninitialized>true</uninitialized>
         <run_address>0x20000828</run_address>
         <size>0x4</size>
      </object_component>
      <object_component id="oc-1c5">
         <name>.common:Yrange</name>
         <uninitialized>true</uninitialized>
         <run_address>0x20000834</run_address>
         <size>0x4</size>
      </object_component>
      <object_component id="oc-fd">
         <name>.common:Stepper_Step</name>
         <uninitialized>true</uninitialized>
         <run_address>0x2000083c</run_address>
         <size>0x2</size>
      </object_component>
      <object_component id="oc-fa">
         <name>.common:Stepper_Interrupt</name>
         <uninitialized>true</uninitialized>
         <run_address>0x20000845</run_address>
         <size>0x1</size>
      </object_component>
      <object_component id="oc-1e8">
         <name>.common:Stepper_Zero</name>
         <uninitialized>true</uninitialized>
         <run_address>0x20000846</run_address>
         <size>0x1</size>
      </object_component>
      <object_component id="oc-4b1">
         <name>.common:__TI_tmpnams</name>
         <uninitialized>true</uninitialized>
         <run_address>0x2000075c</run_address>
         <size>0xa0</size>
      </object_component>
      <object_component id="oc-4c2">
         <name>.common:parmbuf</name>
         <uninitialized>true</uninitialized>
         <run_address>0x20000810</run_address>
         <size>0x8</size>
      </object_component>
      <object_component id="oc-29">
         <name>.sysmem</name>
         <uninitialized>true</uninitialized>
         <run_address>0x20000000</run_address>
         <size>0x10</size>
         <input_file_ref idref="fl-e2"/>
      </object_component>
      <object_component id="oc-560">
         <name>.sysmem</name>
         <uninitialized>true</uninitialized>
         <run_address>0x20000000</run_address>
         <size>0x0</size>
      </object_component>
      <object_component id="oc-2c">
         <name>.stack</name>
         <uninitialized>true</uninitialized>
         <run_address>0x2000fe00</run_address>
         <size>0x4</size>
         <input_file_ref idref="fl-e6"/>
      </object_component>
      <object_component id="oc-55f">
         <name>.stack</name>
         <uninitialized>true</uninitialized>
         <run_address>0x2000fe00</run_address>
         <size>0x0</size>
      </object_component>
      <object_component id="oc-1e2">
         <name>.debug_info</name>
         <load_address>0x0</load_address>
         <run_address>0x0</run_address>
         <size>0x5db</size>
         <input_file_ref idref="fl-1"/>
      </object_component>
      <object_component id="oc-1dc">
         <name>.debug_info</name>
         <load_address>0x5db</load_address>
         <run_address>0x5db</run_address>
         <size>0xde</size>
         <input_file_ref idref="fl-1"/>
      </object_component>
      <object_component id="oc-1df">
         <name>.debug_info</name>
         <load_address>0x6b9</load_address>
         <run_address>0x6b9</run_address>
         <size>0xde</size>
         <input_file_ref idref="fl-1"/>
      </object_component>
      <object_component id="oc-d2">
         <name>.debug_info</name>
         <load_address>0x797</load_address>
         <run_address>0x797</run_address>
         <size>0x845</size>
         <input_file_ref idref="fl-1"/>
      </object_component>
      <object_component id="oc-278">
         <name>.debug_info</name>
         <load_address>0xfdc</load_address>
         <run_address>0xfdc</run_address>
         <size>0x37e2</size>
         <input_file_ref idref="fl-1"/>
      </object_component>
      <object_component id="oc-139">
         <name>.debug_info</name>
         <load_address>0x47be</load_address>
         <run_address>0x47be</run_address>
         <size>0x26b</size>
         <input_file_ref idref="fl-1"/>
      </object_component>
      <object_component id="oc-1ed">
         <name>.debug_info</name>
         <load_address>0x4a29</load_address>
         <run_address>0x4a29</run_address>
         <size>0x1055</size>
         <input_file_ref idref="fl-1"/>
      </object_component>
      <object_component id="oc-35">
         <name>.debug_info</name>
         <load_address>0x5a7e</load_address>
         <run_address>0x5a7e</run_address>
         <size>0x84</size>
         <input_file_ref idref="fl-1"/>
      </object_component>
      <object_component id="oc-20c">
         <name>.debug_info</name>
         <load_address>0x5b02</load_address>
         <run_address>0x5b02</run_address>
         <size>0x2a4</size>
         <input_file_ref idref="fl-1"/>
      </object_component>
      <object_component id="oc-10f">
         <name>.debug_info</name>
         <load_address>0x5da6</load_address>
         <run_address>0x5da6</run_address>
         <size>0xbb</size>
         <input_file_ref idref="fl-1"/>
      </object_component>
      <object_component id="oc-24e">
         <name>.debug_info</name>
         <load_address>0x5e61</load_address>
         <run_address>0x5e61</run_address>
         <size>0xcc</size>
         <input_file_ref idref="fl-1"/>
      </object_component>
      <object_component id="oc-26d">
         <name>.debug_info</name>
         <load_address>0x5f2d</load_address>
         <run_address>0x5f2d</run_address>
         <size>0x2c</size>
         <input_file_ref idref="fl-1"/>
      </object_component>
      <object_component id="oc-eb">
         <name>.debug_info</name>
         <load_address>0x5f59</load_address>
         <run_address>0x5f59</run_address>
         <size>0x6fa</size>
         <input_file_ref idref="fl-2"/>
      </object_component>
      <object_component id="oc-1a3">
         <name>.debug_info</name>
         <load_address>0x6653</load_address>
         <run_address>0x6653</run_address>
         <size>0xd2</size>
         <input_file_ref idref="fl-2"/>
      </object_component>
      <object_component id="oc-1a0">
         <name>.debug_info</name>
         <load_address>0x6725</load_address>
         <run_address>0x6725</run_address>
         <size>0xe0</size>
         <input_file_ref idref="fl-2"/>
      </object_component>
      <object_component id="oc-c6">
         <name>.debug_info</name>
         <load_address>0x6805</load_address>
         <run_address>0x6805</run_address>
         <size>0xbde</size>
         <input_file_ref idref="fl-2"/>
      </object_component>
      <object_component id="oc-115">
         <name>.debug_info</name>
         <load_address>0x73e3</load_address>
         <run_address>0x73e3</run_address>
         <size>0x37e2</size>
         <input_file_ref idref="fl-2"/>
      </object_component>
      <object_component id="oc-1cb">
         <name>.debug_info</name>
         <load_address>0xabc5</load_address>
         <run_address>0xabc5</run_address>
         <size>0x51</size>
         <input_file_ref idref="fl-2"/>
      </object_component>
      <object_component id="oc-f7">
         <name>.debug_info</name>
         <load_address>0xac16</load_address>
         <run_address>0xac16</run_address>
         <size>0x5c5</size>
         <input_file_ref idref="fl-3"/>
      </object_component>
      <object_component id="oc-83">
         <name>.debug_info</name>
         <load_address>0xb1db</load_address>
         <run_address>0xb1db</run_address>
         <size>0x6d3</size>
         <input_file_ref idref="fl-3"/>
      </object_component>
      <object_component id="oc-ff">
         <name>.debug_info</name>
         <load_address>0xb8ae</load_address>
         <run_address>0xb8ae</run_address>
         <size>0x566</size>
         <input_file_ref idref="fl-4"/>
      </object_component>
      <object_component id="oc-7d">
         <name>.debug_info</name>
         <load_address>0xbe14</load_address>
         <run_address>0xbe14</run_address>
         <size>0x462</size>
         <input_file_ref idref="fl-4"/>
      </object_component>
      <object_component id="oc-e4">
         <name>.debug_info</name>
         <load_address>0xc276</load_address>
         <run_address>0xc276</run_address>
         <size>0x5a7</size>
         <input_file_ref idref="fl-5"/>
      </object_component>
      <object_component id="oc-77">
         <name>.debug_info</name>
         <load_address>0xc81d</load_address>
         <run_address>0xc81d</run_address>
         <size>0x3d1</size>
         <input_file_ref idref="fl-5"/>
      </object_component>
      <object_component id="oc-1c0">
         <name>.debug_info</name>
         <load_address>0xcbee</load_address>
         <run_address>0xcbee</run_address>
         <size>0x672</size>
         <input_file_ref idref="fl-6"/>
      </object_component>
      <object_component id="oc-1ae">
         <name>.debug_info</name>
         <load_address>0xd260</load_address>
         <run_address>0xd260</run_address>
         <size>0x169</size>
         <input_file_ref idref="fl-6"/>
      </object_component>
      <object_component id="oc-1bd">
         <name>.debug_info</name>
         <load_address>0xd3c9</load_address>
         <run_address>0xd3c9</run_address>
         <size>0xd4</size>
         <input_file_ref idref="fl-6"/>
      </object_component>
      <object_component id="oc-1a8">
         <name>.debug_info</name>
         <load_address>0xd49d</load_address>
         <run_address>0xd49d</run_address>
         <size>0x140</size>
         <input_file_ref idref="fl-6"/>
      </object_component>
      <object_component id="oc-1ab">
         <name>.debug_info</name>
         <load_address>0xd5dd</load_address>
         <run_address>0xd5dd</run_address>
         <size>0xd5</size>
         <input_file_ref idref="fl-6"/>
      </object_component>
      <object_component id="oc-1b1">
         <name>.debug_info</name>
         <load_address>0xd6b2</load_address>
         <run_address>0xd6b2</run_address>
         <size>0xd7</size>
         <input_file_ref idref="fl-6"/>
      </object_component>
      <object_component id="oc-1b4">
         <name>.debug_info</name>
         <load_address>0xd789</load_address>
         <run_address>0xd789</run_address>
         <size>0xe1</size>
         <input_file_ref idref="fl-6"/>
      </object_component>
      <object_component id="oc-1b7">
         <name>.debug_info</name>
         <load_address>0xd86a</load_address>
         <run_address>0xd86a</run_address>
         <size>0xdd</size>
         <input_file_ref idref="fl-6"/>
      </object_component>
      <object_component id="oc-1ba">
         <name>.debug_info</name>
         <load_address>0xd947</load_address>
         <run_address>0xd947</run_address>
         <size>0xd7</size>
         <input_file_ref idref="fl-6"/>
      </object_component>
      <object_component id="oc-1c8">
         <name>.debug_info</name>
         <load_address>0xda1e</load_address>
         <run_address>0xda1e</run_address>
         <size>0xd6</size>
         <input_file_ref idref="fl-6"/>
      </object_component>
      <object_component id="oc-cc">
         <name>.debug_info</name>
         <load_address>0xdaf4</load_address>
         <run_address>0xdaf4</run_address>
         <size>0x25d3</size>
         <input_file_ref idref="fl-6"/>
      </object_component>
      <object_component id="oc-1e7">
         <name>.debug_info</name>
         <load_address>0x100c7</load_address>
         <run_address>0x100c7</run_address>
         <size>0x557</size>
         <input_file_ref idref="fl-7"/>
      </object_component>
      <object_component id="oc-1e4">
         <name>.debug_info</name>
         <load_address>0x1061e</load_address>
         <run_address>0x1061e</run_address>
         <size>0xdc</size>
         <input_file_ref idref="fl-7"/>
      </object_component>
      <object_component id="oc-d8">
         <name>.debug_info</name>
         <load_address>0x106fa</load_address>
         <run_address>0x106fa</run_address>
         <size>0x531</size>
         <input_file_ref idref="fl-7"/>
      </object_component>
      <object_component id="oc-281">
         <name>.debug_info</name>
         <load_address>0x10c2b</load_address>
         <run_address>0x10c2b</run_address>
         <size>0x37e2</size>
         <input_file_ref idref="fl-7"/>
      </object_component>
      <object_component id="oc-fb">
         <name>.debug_info</name>
         <load_address>0x1440d</load_address>
         <run_address>0x1440d</run_address>
         <size>0x5bf</size>
         <input_file_ref idref="fl-8"/>
      </object_component>
      <object_component id="oc-de">
         <name>.debug_info</name>
         <load_address>0x149cc</load_address>
         <run_address>0x149cc</run_address>
         <size>0x1f1</size>
         <input_file_ref idref="fl-8"/>
      </object_component>
      <object_component id="oc-286">
         <name>.debug_info</name>
         <load_address>0x14bbd</load_address>
         <run_address>0x14bbd</run_address>
         <size>0x532</size>
         <input_file_ref idref="fl-9"/>
      </object_component>
      <object_component id="oc-ee">
         <name>.debug_info</name>
         <load_address>0x150ef</load_address>
         <run_address>0x150ef</run_address>
         <size>0x75e</size>
         <input_file_ref idref="fl-9"/>
      </object_component>
      <object_component id="oc-1f7">
         <name>.debug_info</name>
         <load_address>0x1584d</load_address>
         <run_address>0x1584d</run_address>
         <size>0x37e2</size>
         <input_file_ref idref="fl-9"/>
      </object_component>
      <object_component id="oc-e6">
         <name>.debug_info</name>
         <load_address>0x1902f</load_address>
         <run_address>0x1902f</run_address>
         <size>0xbaf</size>
         <input_file_ref idref="fl-a"/>
      </object_component>
      <object_component id="oc-f4">
         <name>.debug_info</name>
         <load_address>0x19bde</load_address>
         <run_address>0x19bde</run_address>
         <size>0x1ed</size>
         <input_file_ref idref="fl-a"/>
      </object_component>
      <object_component id="oc-10c">
         <name>.debug_info</name>
         <load_address>0x19dcb</load_address>
         <run_address>0x19dcb</run_address>
         <size>0xe7</size>
         <input_file_ref idref="fl-a"/>
      </object_component>
      <object_component id="oc-102">
         <name>.debug_info</name>
         <load_address>0x19eb2</load_address>
         <run_address>0x19eb2</run_address>
         <size>0xe5</size>
         <input_file_ref idref="fl-a"/>
      </object_component>
      <object_component id="oc-105">
         <name>.debug_info</name>
         <load_address>0x19f97</load_address>
         <run_address>0x19f97</run_address>
         <size>0xf1</size>
         <input_file_ref idref="fl-a"/>
      </object_component>
      <object_component id="oc-108">
         <name>.debug_info</name>
         <load_address>0x1a088</load_address>
         <run_address>0x1a088</run_address>
         <size>0xef</size>
         <input_file_ref idref="fl-a"/>
      </object_component>
      <object_component id="oc-71">
         <name>.debug_info</name>
         <load_address>0x1a177</load_address>
         <run_address>0x1a177</run_address>
         <size>0x579</size>
         <input_file_ref idref="fl-a"/>
      </object_component>
      <object_component id="oc-8a">
         <name>.debug_info</name>
         <load_address>0x1a6f0</load_address>
         <run_address>0x1a6f0</run_address>
         <size>0x2d2</size>
         <input_file_ref idref="fl-b"/>
      </object_component>
      <object_component id="oc-27">
         <name>.debug_info</name>
         <load_address>0x1a9c2</load_address>
         <run_address>0x1a9c2</run_address>
         <size>0xfe</size>
         <input_file_ref idref="fl-b"/>
      </object_component>
      <object_component id="oc-6b">
         <name>.debug_info</name>
         <load_address>0x1aac0</load_address>
         <run_address>0x1aac0</run_address>
         <size>0x1c5</size>
         <input_file_ref idref="fl-b"/>
      </object_component>
      <object_component id="oc-199">
         <name>.debug_info</name>
         <load_address>0x1ac85</load_address>
         <run_address>0x1ac85</run_address>
         <size>0xf7</size>
         <input_file_ref idref="fl-c"/>
      </object_component>
      <object_component id="oc-bf">
         <name>.debug_info</name>
         <load_address>0x1ad7c</load_address>
         <run_address>0x1ad7c</run_address>
         <size>0x269</size>
         <input_file_ref idref="fl-c"/>
      </object_component>
      <object_component id="oc-26c">
         <name>.debug_info</name>
         <load_address>0x1afe5</load_address>
         <run_address>0x1afe5</run_address>
         <size>0x3e5</size>
         <input_file_ref idref="fl-c6"/>
      </object_component>
      <object_component id="oc-266">
         <name>.debug_info</name>
         <load_address>0x1b3ca</load_address>
         <run_address>0x1b3ca</run_address>
         <size>0x157</size>
         <input_file_ref idref="fl-c6"/>
      </object_component>
      <object_component id="oc-260">
         <name>.debug_info</name>
         <load_address>0x1b521</load_address>
         <run_address>0x1b521</run_address>
         <size>0x166</size>
         <input_file_ref idref="fl-c6"/>
      </object_component>
      <object_component id="oc-1d6">
         <name>.debug_info</name>
         <load_address>0x1b687</load_address>
         <run_address>0x1b687</run_address>
         <size>0x1ac</size>
         <input_file_ref idref="fl-c6"/>
      </object_component>
      <object_component id="oc-309">
         <name>.debug_info</name>
         <load_address>0x1b833</load_address>
         <run_address>0x1b833</run_address>
         <size>0xb2</size>
         <input_file_ref idref="fl-c6"/>
      </object_component>
      <object_component id="oc-2ea">
         <name>.debug_info</name>
         <load_address>0x1b8e5</load_address>
         <run_address>0x1b8e5</run_address>
         <size>0x590</size>
         <input_file_ref idref="fl-c7"/>
      </object_component>
      <object_component id="oc-2b5">
         <name>.debug_info</name>
         <load_address>0x1be75</load_address>
         <run_address>0x1be75</run_address>
         <size>0x21e</size>
         <input_file_ref idref="fl-c7"/>
      </object_component>
      <object_component id="oc-33e">
         <name>.debug_info</name>
         <load_address>0x1c093</load_address>
         <run_address>0x1c093</run_address>
         <size>0x1b3</size>
         <input_file_ref idref="fl-c7"/>
      </object_component>
      <object_component id="oc-344">
         <name>.debug_info</name>
         <load_address>0x1c246</load_address>
         <run_address>0x1c246</run_address>
         <size>0x21b</size>
         <input_file_ref idref="fl-c7"/>
      </object_component>
      <object_component id="oc-2c0">
         <name>.debug_info</name>
         <load_address>0x1c461</load_address>
         <run_address>0x1c461</run_address>
         <size>0x3c0</size>
         <input_file_ref idref="fl-c7"/>
      </object_component>
      <object_component id="oc-34b">
         <name>.debug_info</name>
         <load_address>0x1c821</load_address>
         <run_address>0x1c821</run_address>
         <size>0x30a</size>
         <input_file_ref idref="fl-c7"/>
      </object_component>
      <object_component id="oc-351">
         <name>.debug_info</name>
         <load_address>0x1cb2b</load_address>
         <run_address>0x1cb2b</run_address>
         <size>0x215</size>
         <input_file_ref idref="fl-c7"/>
      </object_component>
      <object_component id="oc-2c6">
         <name>.debug_info</name>
         <load_address>0x1cd40</load_address>
         <run_address>0x1cd40</run_address>
         <size>0x215</size>
         <input_file_ref idref="fl-c7"/>
      </object_component>
      <object_component id="oc-2cc">
         <name>.debug_info</name>
         <load_address>0x1cf55</load_address>
         <run_address>0x1cf55</run_address>
         <size>0x304</size>
         <input_file_ref idref="fl-c7"/>
      </object_component>
      <object_component id="oc-2d2">
         <name>.debug_info</name>
         <load_address>0x1d259</load_address>
         <run_address>0x1d259</run_address>
         <size>0x4b5</size>
         <input_file_ref idref="fl-c7"/>
      </object_component>
      <object_component id="oc-257">
         <name>.debug_info</name>
         <load_address>0x1d70e</load_address>
         <run_address>0x1d70e</run_address>
         <size>0x5f4</size>
         <input_file_ref idref="fl-c7"/>
      </object_component>
      <object_component id="oc-2eb">
         <name>.debug_info</name>
         <load_address>0x1dd02</load_address>
         <run_address>0x1dd02</run_address>
         <size>0x86</size>
         <input_file_ref idref="fl-c7"/>
      </object_component>
      <object_component id="oc-380">
         <name>.debug_info</name>
         <load_address>0x1dd88</load_address>
         <run_address>0x1dd88</run_address>
         <size>0x39</size>
         <input_file_ref idref="fl-c7"/>
      </object_component>
      <object_component id="oc-3db">
         <name>.debug_info</name>
         <load_address>0x1ddc1</load_address>
         <run_address>0x1ddc1</run_address>
         <size>0xb6</size>
         <input_file_ref idref="fl-c7"/>
      </object_component>
      <object_component id="oc-385">
         <name>.debug_info</name>
         <load_address>0x1de77</load_address>
         <run_address>0x1de77</run_address>
         <size>0x46</size>
         <input_file_ref idref="fl-c7"/>
      </object_component>
      <object_component id="oc-2f0">
         <name>.debug_info</name>
         <load_address>0x1debd</load_address>
         <run_address>0x1debd</run_address>
         <size>0x46</size>
         <input_file_ref idref="fl-c7"/>
      </object_component>
      <object_component id="oc-37b">
         <name>.debug_info</name>
         <load_address>0x1df03</load_address>
         <run_address>0x1df03</run_address>
         <size>0x2c</size>
         <input_file_ref idref="fl-c7"/>
      </object_component>
      <object_component id="oc-3a7">
         <name>.debug_info</name>
         <load_address>0x1df2f</load_address>
         <run_address>0x1df2f</run_address>
         <size>0x383</size>
         <input_file_ref idref="fl-c8"/>
      </object_component>
      <object_component id="oc-301">
         <name>.debug_info</name>
         <load_address>0x1e2b2</load_address>
         <run_address>0x1e2b2</run_address>
         <size>0x1ea</size>
         <input_file_ref idref="fl-c8"/>
      </object_component>
      <object_component id="oc-3a5">
         <name>.debug_info</name>
         <load_address>0x1e49c</load_address>
         <run_address>0x1e49c</run_address>
         <size>0x3fc</size>
         <input_file_ref idref="fl-c9"/>
      </object_component>
      <object_component id="oc-2fa">
         <name>.debug_info</name>
         <load_address>0x1e898</load_address>
         <run_address>0x1e898</run_address>
         <size>0x2e2</size>
         <input_file_ref idref="fl-c9"/>
      </object_component>
      <object_component id="oc-151">
         <name>.debug_info</name>
         <load_address>0x1eb7a</load_address>
         <run_address>0x1eb7a</run_address>
         <size>0x2c</size>
         <input_file_ref idref="fl-c9"/>
      </object_component>
      <object_component id="oc-3ed">
         <name>.debug_info</name>
         <load_address>0x1eba6</load_address>
         <run_address>0x1eba6</run_address>
         <size>0x300</size>
         <input_file_ref idref="fl-ca"/>
[...]
      </symbol>
      <symbol id="sm-7c6">
         <name>__aeabi_d2f</name>
         <value>0x5a7f</value>
         <object_component_ref idref="oc-126"/>
      </symbol>
      <symbol id="sm-7d1">
         <name>__aeabi_f2d</name>
         <value>0x62d5</value>
         <object_component_ref idref="oc-12b"/>
      </symbol>
      <symbol id="sm-7db">
         <name>__aeabi_i2d</name>
         <value>0x6411</value>
         <object_component_ref idref="oc-11c"/>
      </symbol>
      <symbol id="sm-7f6">
         <name>memcpy</name>
         <value>0x55e7</value>
         <object_component_ref idref="oc-3a"/>
      </symbol>
      <symbol id="sm-7f7">
         <name>__aeabi_memcpy</name>
         <value>0x55e7</value>
         <object_component_ref idref="oc-3a"/>
      </symbol>
      <symbol id="sm-7f8">
         <name>__aeabi_memcpy8</name>
         <value>0x55e7</value>
         <object_component_ref idref="oc-3a"/>
      </symbol>
      <symbol id="sm-7f9">
         <name>__aeabi_memcpy4</name>
         <value>0x55e7</value>
         <object_component_ref idref="oc-3a"/>
      </symbol>
      <symbol id="sm-808">
         <name>__aeabi_memset</name>
         <value>0x58b3</value>
         <object_component_ref idref="oc-a6"/>
      </symbol>
      <symbol id="sm-809">
         <name>memset</name>
         <value>0x58b9</value>
         <object_component_ref idref="oc-a6"/>
      </symbol>
      <symbol id="sm-80a">
         <name>__aeabi_memset8</name>
         <value>0x58b3</value>
         <object_component_ref idref="oc-a6"/>
      </symbol>
      <symbol id="sm-80b">
         <name>__aeabi_memset4</name>
         <value>0x58b3</value>
         <object_component_ref idref="oc-a6"/>
      </symbol>
      <symbol id="sm-80c">
         <name>__aeabi_memclr8</name>
         <value>0x58b1</value>
         <object_component_ref idref="oc-a6"/>
      </symbol>
      <symbol id="sm-80d">
         <name>__aeabi_memclr4</name>
         <value>0x58b1</value>
         <object_component_ref idref="oc-a6"/>
      </symbol>
      <symbol id="sm-80e">
         <name>__aeabi_memclr</name>
         <value>0x58b1</value>
         <object_component_ref idref="oc-a6"/>
      </symbol>
      <symbol id="sm-81b">
         <name>__aeabi_uldivmod</name>
         <value>0x5683</value>
         <object_component_ref idref="oc-326"/>
      </symbol>
      <symbol id="sm-82f">
         <name>__TI_zero_init_nomemset</name>
         <value>0x6505</value>
         <object_component_ref idref="oc-46"/>
      </symbol>
      <symbol id="sm-846">
         <name>__TI_decompress_none</name>
         <value>0x65db</value>
         <object_component_ref idref="oc-1d"/>
      </symbol>
      <symbol id="sm-869">
         <name>__TI_decompress_lzss</name>
         <value>0x5bc1</value>
         <object_component_ref idref="oc-17"/>
      </symbol>
      <symbol id="sm-88f">
         <name>C$$EXIT</name>
         <value>0x6615</value>
         <object_component_ref idref="oc-15a"/>
      </symbol>
      <symbol id="sm-890">
         <name>abort</name>
         <value>0x6615</value>
         <object_component_ref idref="oc-15a"/>
      </symbol>
      <symbol id="sm-891">
         <name>__TI_dtors_ptr</name>
         <value>0x200005fc</value>
         <object_component_ref idref="oc-217"/>
      </symbol>
      <symbol id="sm-892">
         <name>__TI_cleanup_ptr</name>
         <value>0x200005f8</value>
         <object_component_ref idref="oc-217"/>
      </symbol>
      <symbol id="sm-893">
         <name>__TI_enable_exit_profile_output</name>
         <value>0x20000600</value>
         <object_component_ref idref="oc-217"/>
      </symbol>
      <symbol id="sm-894">
         <name>exit</name>
         <value>0x60bd</value>
         <object_component_ref idref="oc-160"/>
      </symbol>
      <symbol id="sm-8a9">
         <name>_nop</name>
         <value>0x2c3f</value>
         <object_component_ref idref="oc-289"/>
      </symbol>
      <symbol id="sm-8aa">
         <name>_lock</name>
         <value>0x2000061c</value>
         <object_component_ref idref="oc-21a"/>
      </symbol>
      <symbol id="sm-8ab">
         <name>_unlock</name>
         <value>0x20000620</value>
         <object_component_ref idref="oc-21a"/>
      </symbol>
      <symbol id="sm-8ba">
         <name>__TI_ltoa</name>
         <value>0x5f7f</value>
         <object_component_ref idref="oc-337"/>
      </symbol>
      <symbol id="sm-8d0">
         <name>atoi</name>
         <value>0x6071</value>
         <object_component_ref idref="oc-2ae"/>
      </symbol>
      <symbol id="sm-8db">
         <name>_ctypes_</name>
         <value>0x6f14</value>
         <object_component_ref idref="oc-321"/>
      </symbol>
      <symbol id="sm-8f0">
         <name>__TI_tmpnams</name>
         <value>0x2000075c</value>
      </symbol>
      <symbol id="sm-8f1">
         <name>__aeabi_stdout</name>
         <value>0x200005f0</value>
         <object_component_ref idref="oc-463"/>
      </symbol>
      <symbol id="sm-8f2">
         <name>__aeabi_stderr</name>
         <value>0x200005f4</value>
         <object_component_ref idref="oc-463"/>
      </symbol>
      <symbol id="sm-8f3">
         <name>__aeabi_stdin</name>
         <value>0x200005ec</value>
         <object_component_ref idref="oc-463"/>
      </symbol>
      <symbol id="sm-8f4">
         <name>_ftable</name>
         <value>0x20000400</value>
         <object_component_ref idref="oc-25c"/>
      </symbol>
      <symbol id="sm-8f5">
         <name>__TI_ft_end</name>
         <value>0x200005e8</value>
         <object_component_ref idref="oc-463"/>
      </symbol>
      <symbol id="sm-905">
         <name>memccpy</name>
         <value>0x653d</value>
         <object_component_ref idref="oc-2d7"/>
      </symbol>
      <symbol id="sm-915">
         <name>memchr</name>
         <value>0x64e5</value>
         <object_component_ref idref="oc-392"/>
      </symbol>
      <symbol id="sm-99e">
         <name>_sys_memory</name>
         <value>0x20000000</value>
         <object_component_ref idref="oc-29"/>
      </symbol>
      <symbol id="sm-99f">
         <name>free</name>
         <value>0x5375</value>
         <object_component_ref idref="oc-414"/>
      </symbol>
      <symbol id="sm-9a0">
         <name>memalign</name>
         <value>0x5179</value>
         <object_component_ref idref="oc-456"/>
      </symbol>
      <symbol id="sm-9a1">
         <name>malloc</name>
         <value>0x6601</value>
         <object_component_ref idref="oc-41a"/>
      </symbol>
      <symbol id="sm-9a2">
         <name>aligned_alloc</name>
         <value>0x5179</value>
         <object_component_ref idref="oc-456"/>
      </symbol>
      <symbol id="sm-9b2">
         <name>strchr</name>
         <value>0x658b</value>
         <object_component_ref idref="oc-364"/>
      </symbol>
      <symbol id="sm-9c0">
         <name>strlen</name>
         <value>0x65b5</value>
         <object_component_ref idref="oc-2a8"/>
      </symbol>
      <symbol id="sm-9d6">
         <name>__aeabi_errno_addr</name>
         <value>0x65f9</value>
         <object_component_ref idref="oc-2e3"/>
      </symbol>
      <symbol id="sm-9d7">
         <name>errno</name>
         <value>0x20000634</value>
         <object_component_ref idref="oc-374"/>
      </symbol>
      <symbol id="sm-9ea">
         <name>__stack</name>
         <value>0x2000fe00</value>
         <object_component_ref idref="oc-2c"/>
      </symbol>
      <symbol id="sm-9eb">
         <name>_c_int00_noargs</name>
         <value>0x63ad</value>
         <object_component_ref idref="oc-58"/>
      </symbol>
      <symbol id="sm-a05">
         <name>write</name>
         <value>0x64bd</value>
         <object_component_ref idref="oc-39e"/>
      </symbol>
      <symbol id="sm-a16">
         <name>_stream</name>
         <value>0x20000568</value>
         <object_component_ref idref="oc-3f2"/>
      </symbol>
      <symbol id="sm-a17">
         <name>_device</name>
         <value>0x200004f0</value>
         <object_component_ref idref="oc-433"/>
      </symbol>
      <symbol id="sm-a37">
         <name>frexpl</name>
         <value>0x5c91</value>
         <object_component_ref idref="oc-358"/>
      </symbol>
      <symbol id="sm-a38">
         <name>frexp</name>
         <value>0x5c91</value>
         <object_component_ref idref="oc-358"/>
      </symbol>
      <symbol id="sm-a55">
         <name>scalbn</name>
         <value>0x5069</value>
         <object_component_ref idref="oc-35e"/>
      </symbol>
      <symbol id="sm-a56">
         <name>scalbnl</name>
         <value>0x5069</value>
         <object_component_ref idref="oc-35e"/>
      </symbol>
      <symbol id="sm-a57">
         <name>ldexpl</name>
         <value>0x5069</value>
         <object_component_ref idref="oc-35e"/>
      </symbol>
      <symbol id="sm-a58">
         <name>ldexp</name>
         <value>0x5069</value>
         <object_component_ref idref="oc-35e"/>
      </symbol>
      <symbol id="sm-a71">
         <name>wcslen</name>
         <value>0x65c9</value>
         <object_component_ref idref="oc-2dd"/>
      </symbol>
      <symbol id="sm-a7b">
         <name>copysign</name>
         <value>0x6559</value>
         <object_component_ref idref="oc-3c4"/>
      </symbol>
      <symbol id="sm-a7c">
         <name>copysignl</name>
         <value>0x6559</value>
         <object_component_ref idref="oc-3c4"/>
      </symbol>
      <symbol id="sm-a8c">
         <name>__TI_doflush</name>
         <value>0x6025</value>
         <object_component_ref idref="oc-398"/>
      </symbol>
      <symbol id="sm-a9c">
         <name>__TI_cleanup</name>
         <value>0x6345</value>
         <object_component_ref idref="oc-420"/>
      </symbol>
      <symbol id="sm-aae">
         <name>fseek</name>
         <value>0x5cf5</value>
         <object_component_ref idref="oc-3e0"/>
      </symbol>
      <symbol id="sm-ab8">
         <name>__aeabi_idiv0</name>
         <value>0x46f7</value>
         <object_component_ref idref="oc-3af"/>
      </symbol>
      <symbol id="sm-ab9">
         <name>__aeabi_ldiv0</name>
         <value>0x46f7</value>
         <object_component_ref idref="oc-3af"/>
      </symbol>
      <symbol id="sm-ae1">
         <name>__TI_auto_init_nobinit_nopinit</name>
         <value>0x61d5</value>
         <object_component_ref idref="oc-166"/>
      </symbol>
      <symbol id="sm-aeb">
         <name>_system_pre_init</name>
         <value>0x6611</value>
         <object_component_ref idref="oc-ac"/>
      </symbol>
      <symbol id="sm-afe">
         <name>HOSTclose</name>
         <value>0x614d</value>
         <object_component_ref idref="oc-46f"/>
      </symbol>
      <symbol id="sm-b0f">
         <name>HOSTlseek</name>
         <value>0x5b59</value>
         <object_component_ref idref="oc-481"/>
      </symbol>
      <symbol id="sm-b21">
         <name>parmbuf</name>
         <value>0x20000810</value>
      </symbol>
      <symbol id="sm-b22">
         <name>HOSTopen</name>
         <value>0x5dbd</value>
         <object_component_ref idref="oc-469"/>
      </symbol>
      <symbol id="sm-b33">
         <name>HOSTread</name>
         <value>0x5e79</value>
         <object_component_ref idref="oc-475"/>
      </symbol>
      <symbol id="sm-b44">
         <name>HOSTrename</name>
         <value>0x5aed</value>
         <object_component_ref idref="oc-48d"/>
      </symbol>
      <symbol id="sm-b55">
         <name>HOSTunlink</name>
         <value>0x6191</value>
         <object_component_ref idref="oc-487"/>
      </symbol>
      <symbol id="sm-b66">
         <name>HOSTwrite</name>
         <value>0x5ed1</value>
         <object_component_ref idref="oc-47b"/>
      </symbol>
      <symbol id="sm-b8a">
         <name>__TI_readmsg</name>
         <value>0x6379</value>
         <object_component_ref idref="oc-4bc"/>
      </symbol>
      <symbol id="sm-b8b">
         <name>C$$IO$$</name>
         <value>0x62cb</value>
         <object_component_ref idref="oc-4b6"/>
      </symbol>
      <symbol id="sm-b8c">
         <name>__CIOBUF_</name>
         <value>0x2000063c</value>
         <object_component_ref idref="oc-4e7"/>
      </symbol>
      <symbol id="sm-b8d">
         <name>__TI_writemsg</name>
         <value>0x629d</value>
         <object_component_ref idref="oc-4b6"/>
      </symbol>
      <symbol id="sm-b9e">
         <name>lseek</name>
         <value>0x6495</value>
         <object_component_ref idref="oc-40c"/>
      </symbol>
      <symbol id="sm-bb3">
         <name>__TI_closefile</name>
         <value>0x592d</value>
         <object_component_ref idref="oc-45d"/>
      </symbol>
      <symbol id="sm-bd6">
         <name>finddevice</name>
         <value>0x63e1</value>
         <object_component_ref idref="oc-505"/>
      </symbol>
      <symbol id="sm-bd7">
         <name>getdevice</name>
         <value>0x6219</value>
         <object_component_ref idref="oc-4dd"/>
      </symbol>
      <symbol id="sm-be6">
         <name>strcmp</name>
         <value>0x6573</value>
         <object_component_ref idref="oc-51c"/>
      </symbol>
      <symbol id="sm-bf4">
         <name>strcpy</name>
         <value>0x65a1</value>
         <object_component_ref idref="oc-4d0"/>
      </symbol>
      <symbol id="sm-c04">
         <name>strncpy</name>
         <value>0x630d</value>
         <object_component_ref idref="oc-4ff"/>
      </symbol>
      <symbol id="sm-c19">
         <name>close</name>
         <value>0x5e1d</value>
         <object_component_ref idref="oc-4a5"/>
      </symbol>
      <symbol id="sm-c29">
         <name>unlink</name>
         <value>0x6441</value>
         <object_component_ref idref="oc-4ab"/>
      </symbol>
      <symbol id="sm-c2a">
         <name>__TI_static_base__</name>
         <value>0x0</value>
      </symbol>
      <symbol id="sm-c2d">
         <name>__mpu_init</name>
         <value>0x0</value>
      </symbol>
      <symbol id="sm-c2e">
         <name>_system_post_cinit</name>
         <value>0x0</value>
      </symbol>
      <symbol id="sm-c2f">
         <name>NMI_Handler</name>
         <value>0x65f5</value>
      </symbol>
      <symbol id="sm-c30">
         <name>HardFault_Handler</name>
         <value>0x65f5</value>
      </symbol>
      <symbol id="sm-c31">
         <name>MemManage_Handler</name>
         <value>0x65f5</value>
      </symbol>
      <symbol id="sm-c32">
         <name>BusFault_Handler</name>
         <value>0x65f5</value>
      </symbol>
      <symbol id="sm-c33">
         <name>UsageFault_Handler</name>
         <value>0x65f5</value>
      </symbol>
      <symbol id="sm-c34">
         <name>SVC_Handler</name>
         <value>0x65f5</value>
      </symbol>
      <symbol id="sm-c35">
         <name>DebugMon_Handler</name>
         <value>0x65f5</value>
      </symbol>
      <symbol id="sm-c36">
         <name>PendSV_Handler</name>
         <value>0x65f5</value>
      </symbol>
      <symbol id="sm-c37">
         <name>SysTick_Handler</name>
         <value>0x307d</value>
      </symbol>
      <symbol id="sm-c38">
         <name>PSS_IRQHandler</name>
         <value>0x65f5</value>
      </symbol>
      <symbol id="sm-c39">
         <name>CS_IRQHandler</name>
         <value>0x65f5</value>
      </symbol>
      <symbol id="sm-c3a">
         <name>PCM_IRQHandler</name>
         <value>0x65f5</value>
      </symbol>
      <symbol id="sm-c3b">
         <name>WDT_A_IRQHandler</name>
         <value>0x65f5</value>
      </symbol>
      <symbol id="sm-c3c">
         <name>FPU_IRQHandler</name>
         <value>0x65f5</value>
      </symbol>
      <symbol id="sm-c3d">
         <name>FLCTL_IRQHandler</name>
         <value>0x65f5</value>
      </symbol>
      <symbol id="sm-c3e">
         <name>COMP_E0_IRQHandler</name>
         <value>0x65f5</value>
      </symbol>
      <symbol id="sm-c3f">
         <name>COMP_E1_IRQHandler</name>
         <value>0x65f5</value>
      </symbol>
      <symbol id="sm-c40">
         <name>TA0_0_IRQHandler</name>
         <value>0x65f5</value>
      </symbol>
      <symbol id="sm-c41">
         <name>TA0_N_IRQHandler</name>
         <value>0x65f5</value>
      </symbol>
      <symbol id="sm-c42">
         <name>TA1_0_IRQHandler</name>
         <value>0x65f5</value>
      </symbol>
      <symbol id="sm-c43">
         <name>TA1_N_IRQHandler</name>
         <value>0x65f5</value>
      </symbol>
      <symbol id="sm-c44">
         <name>TA2_0_IRQHandler</name>
         <value>0x65f5</value>
      </symbol>
      <symbol id="sm-c45">
         <name>TA2_N_IRQHandler</name>
         <value>0x65f5</value>
      </symbol>
      <symbol id="sm-c46">
         <name>TA3_0_IRQHandler</name>
         <value>0x65f5</value>
      </symbol>
      <symbol id="sm-c47">
         <name>TA3_N_IRQHandler</name>
         <value>0x65f5</value>
      </symbol>
      <symbol id="sm-c48">
         <name>EUSCIA0_IRQHandler</name>
         <value>0x65f5</value>
      </symbol>
      <symbol id="sm-c49">
         <name>EUSCIA1_IRQHandler</name>
         <value>0x65f5</value>
      </symbol>
      <symbol id="sm-c4a">
         <name>EUSCIA2_IRQHandler</name>
         <value>0x65f5</value>
      </symbol>
      <symbol id="sm-c4b">
         <name>EUSCIA3_IRQHandler</name>
         <value>0x65f5</value>
      </symbol>
      <symbol id="sm-c4c">
         <name>EUSCIB0_IRQHandler</name>
         <value>0x65f5</value>
      </symbol>
      <symbol id="sm-c4d">
         <name>EUSCIB1_IRQHandler</name>
         <value>0x65f5</value>
      </symbol>
      <symbol id="sm-c4e">
         <name>EUSCIB2_IRQHandler</name>
         <value>0x65f5</value>
      </symbol>
      <symbol id="sm-c4f">
         <name>EUSCIB3_IRQHandler</name>
         <value>0x65f5</value>
      </symbol>
      <symbol id="sm-c50">
         <name>ADC14_IRQHandler</name>
         <value>0x30a1</value>
      </symbol>
      <symbol id="sm-c51">
         <name>T32_INT1_IRQHandler</name>
         <value>0x3031</value>
      </symbol>
      <symbol id="sm-c52">
         <name>T32_INT2_IRQHandler</name>
         <value>0x3069</value>
      </symbol>
      <symbol id="sm-c53">
         <name>T32_INTC_IRQHandler</name>
         <value>0x65f5</value>
      </symbol>
      <symbol id="sm-c54">
         <name>AES256_IRQHandler</name>
         <value>0x65f5</value>
      </symbol>
      <symbol id="sm-c55">
         <name>RTC_C_IRQHandler</name>
         <value>0x65f5</value>
      </symbol>
      <symbol id="sm-c56">
         <name>DMA_ERR_IRQHandler</name>
         <value>0x65f5</value>
      </symbol>
      <symbol id="sm-c57">
         <name>DMA_INT3_IRQHandler</name>
         <value>0x65f5</value>
      </symbol>
      <symbol id="sm-c58">
         <name>DMA_INT2_IRQHandler</name>
         <value>0x65f5</value>
      </symbol>
      <symbol id="sm-c59">
         <name>DMA_INT1_IRQHandler</name>
         <value>0x65f5</value>
      </symbol>
      <symbol id="sm-c5a">
         <name>DMA_INT0_IRQHandler</name>
         <value>0x65f5</value>
      </symbol>
      <symbol id="sm-c5b">
         <name>PORT1_IRQHandler</name>
         <value>0x65f5</value>
      </symbol>
      <symbol id="sm-c5c">
         <name>PORT2_IRQHandler</name>
         <value>0x65f5</value>
      </symbol>
      <symbol id="sm-c5d">
         <name>PORT3_IRQHandler</name>
         <value>0x4b21</value>
      </symbol>
      <symbol id="sm-c5e">
         <name>PORT4_IRQHandler</name>
         <value>0x49bd</value>
      </symbol>
      <symbol id="sm-c5f">
         <name>PORT5_IRQHandler</name>
         <value>0x3a89</value>
      </symbol>
      <symbol id="sm-c60">
         <name>PORT6_IRQHandler</name>
         <value>0x65f5</value>
      </symbol>
      <symbol id="sm-c61">
         <name>remove</name>
         <value>0x6441</value>
      </symbol>
   </symbol_table>
   <title>Link successful</title>
</link_info>
