******************************************************************************
                  TI ARM Linker Unix v20.2.2                   
******************************************************************************
>> Linked Thu Nov 19 04:04:55 2020

OUTPUT FILE NAME:   <Lab 9 - Part 2.out>
ENTRY POINT SYMBOL: "_c_int00_noargs"  address: 00002869


MEMORY CONFIGURATION

         name            origin    length      used     unused   attr    fill
----------------------  --------  ---------  --------  --------  ----  --------
  MAIN                  00000000   00040000  00003347  0003ccb9  R  X
  INFO                  00200000   00004000  00000000  00004000  R  X
  SRAM_CODE             01000000   00010000  0000025c  0000fda4  RW X
  SRAM_DATA             20000000   00010000  0000025c  0000fda4  RW  


SEGMENT ALLOCATION MAP

run origin  load origin   length   init length attrs members
----------  ----------- ---------- ----------- ----- -------
00000000    00000000    00003348   00003348    r-x
  00000000    00000000    000000e4   000000e4    r-- .intvecs
  000000e4    000000e4    00002826   00002826    r-x .text
  0000290a    0000290a    000009fd   000009fd    r-- .const
  00003308    00003308    00000040   00000040    r-- .cinit
20000000    20000000    0000005c   00000000    rw-
  20000000    20000000    00000030   00000000    rw- .data
  20000030    20000030    0000002c   00000000    rw- .bss
2000fe00    2000fe00    00000200   00000000    rw-
  2000fe00    2000fe00    00000200   00000000    rw- .stack


SECTION ALLOCATION MAP

 output                                  attributes/
section   page    origin      length       input sections
--------  ----  ----------  ----------   ----------------
.intvecs   0    00000000    000000e4     
                  00000000    000000e4     startup_msp432p401r_ccs.obj (.intvecs:retain)

.text      0    000000e4    00002826     
                  000000e4    00001380     ST7735.obj (.text)
                  00001464    00000770     main.obj (.text)
                  00001bd4    00000334     system_msp432p401r.obj (.text)
                  00001f08    00000258     SevenSeg.obj (.text)
                  00002160    00000218     Time.obj (.text)
                  00002378    00000136     rtsv7M4_T_le_v4SPD16_eabi.lib : fd_div_t2.asm.obj (.text)
                  000024ae    000000fc                                   : fd_mul_t2.asm.obj (.text)
                  000025aa    000000ce     LCD.obj (.text)
                  00002678    0000009c     rtsv7M4_T_le_v4SPD16_eabi.lib : memcpy_t2.asm.obj (.text)
                  00002714    0000006e                                   : fd_tos_t2.asm.obj (.text)
                  00002782    00000068                                   : copy_decompress_lzss.c.obj (.text:decompress:lzss:__TI_decompress_lzss)
                  000027ea    00000002     --HOLE-- [fill = 0]
                  000027ec    00000044                                   : autoinit.c.obj (.text:__TI_auto_init_nobinit_nopinit:__TI_auto_init_nobinit_nopinit)
                  00002830    00000038                                   : fs_tod_t2.asm.obj (.text)
                  00002868    00000034                                   : boot_cortex_m.c.obj (.text:_c_int00_noargs:_c_int00_noargs)
                  0000289c    0000002e                                   : i_tofd_t2.asm.obj (.text)
                  000028ca    0000001c                                   : copy_zero_init.c.obj (.text:decompress:ZI:__TI_zero_init_nomemset:__TI_zero_init_nomemset)
                  000028e6    0000000e                                   : copy_decompress_none.c.obj (.text:decompress:none:__TI_decompress_none)
                  000028f4    0000000e     startup_msp432p401r_ccs.obj (.text)
                  00002902    00000004     rtsv7M4_T_le_v4SPD16_eabi.lib : pre_init.c.obj (.text:_system_pre_init)
                  00002906    00000004                                   : exit.c.obj (.text:abort:abort)

.const     0    0000290a    000009fd     
                  0000290a    000004fb     ST7735.obj (.const:.string:Font)
                  00002e05    00000200     ST7735.obj (.const:.string:dBfs)
                  00003005    00000001     --HOLE-- [fill = 0]
                  00003006    00000200     main.obj (.const:ADC_PWM_Vector)
                  00003206    00000067     ST7735.obj (.const:.string:Bcmd)
                  0000326d    0000003b     ST7735.obj (.const:.string:Rcmd1)
                  000032a8    0000002b     ST7735.obj (.const:.string:Rcmd3)
                  000032d3    0000001a     SevenSeg.obj (.const:.string:$P$T2$1)
                  000032ed    0000000d     ST7735.obj (.const:.string:Rcmd2green)
                  000032fa    0000000d     ST7735.obj (.const:.string:Rcmd2red)

.cinit     0    00003308    00000040     
                  00003308    0000001c     (.cinit..data.load) [load image, compression = lzss]
                  00003324    0000000c     (__TI_handler_table)
                  00003330    00000008     (.cinit..bss.load) [load image, compression = zero_init]
                  00003338    00000010     (__TI_cinit_table)

.init_array 
*          0    00000000    00000000     UNINITIALIZED

.binit     0    00000000    00000000     

.data      0    20000000    00000030     UNINITIALIZED
                  20000000    00000018     main.obj (.data)
                  20000018    00000014     ST7735.obj (.data)
                  2000002c    00000004     system_msp432p401r.obj (.data)

.bss       0    20000030    0000002c     UNINITIALIZED
                  20000030    0000000c     (.common:Message)
                  2000003c    00000008     main.obj (.bss)
                  20000044    00000004     ST7735.obj (.bss)
                  20000048    00000004     (.common:Messageindex)
                  2000004c    00000004     (.common:X)
                  20000050    00000004     (.common:Ymax)
                  20000054    00000004     (.common:Ymin)
                  20000058    00000004     (.common:Yrange)

.stack     0    2000fe00    00000200     UNINITIALIZED
                  2000fe00    00000004     rtsv7M4_T_le_v4SPD16_eabi.lib : boot_cortex_m.c.obj (.stack)
                  2000fe04    000001fc     --HOLE--

__llvm_prf_cnts 
*          0    20000000    00000000     UNINITIALIZED

MODULE SUMMARY

       Module                        code    ro data   rw data
       ------                        ----    -------   -------
    ./
       ST7735.obj                    4992    2018      112    
       main.obj                      1904    512       64     
       system_msp432p401r.obj        820     0         8      
       SevenSeg.obj                  600     26        0      
       Time.obj                      536     0         0      
       startup_msp432p401r_ccs.obj   14      228       0      
       LCD.obj                       206     0         0      
    +--+-----------------------------+-------+---------+---------+
       Total:                        9072    2784      184    
                                                              
    /Applications/ti/ccs1010/ccs/tools/compiler/ti-cgt-arm_20.2.2.LTS/lib/rtsv7M4_T_le_v4SPD16_eabi.lib
       fd_div_t2.asm.obj             310     0         0      
       fd_mul_t2.asm.obj             252     0         0      
       memcpy_t2.asm.obj             156     0         0      
       fd_tos_t2.asm.obj             110     0         0      
       copy_decompress_lzss.c.obj    104     0         0      
       autoinit.c.obj                68      0         0      
       fs_tod_t2.asm.obj             56      0         0      
       boot_cortex_m.c.obj           52      0         0      
       i_tofd_t2.asm.obj             46      0         0      
       copy_zero_init.c.obj          28      0         0      
       copy_decompress_none.c.obj    14      0         0      
       exit.c.obj                    4       0         0      
       pre_init.c.obj                4       0         0      
    +--+-----------------------------+-------+---------+---------+
       Total:                        1204    0         0      
                                                              
       Stack:                        0       0         1024   
       Linker Generated:             0       64        0      
    +--+-----------------------------+-------+---------+---------+
       Grand Total:                  10276   2848      1208   


LINKER GENERATED COPY TABLES

__TI_cinit_table @ 00003338 records: 2, size/record: 8, table size: 16
	.data: load addr=00003308, load size=0000001c bytes, run addr=20000000, run size=00000030 bytes, compression=lzss
	.bss: load addr=00003330, load size=00000008 bytes, run addr=20000030, run size=0000002c bytes, compression=zero_init


LINKER GENERATED HANDLER TABLE

__TI_handler_table @ 00003324 records: 3, size/record: 4, table size: 12
	index: 0, handler: __TI_decompress_lzss
	index: 1, handler: __TI_decompress_none
	index: 2, handler: __TI_zero_init


GLOBAL SYMBOLS: SORTED ALPHABETICALLY BY Name 

address   name                          
-------   ----                          
00001b0d  ADC14_IRQHandler              
00001b0d  ADC14_IRQHandler              
00003006  ADC_PWM_Vector                
00002901  AES256_IRQHandler             
00002901  BusFault_Handler              
00002907  C$$EXIT                       
00002901  COMP_E0_IRQHandler            
00002901  COMP_E1_IRQHandler            
00002901  CS_IRQHandler                 
000021cb  Clock_48MHz_Init              
00002901  DMA_ERR_IRQHandler            
00002901  DMA_INT0_IRQHandler           
00002901  DMA_INT1_IRQHandler           
00002901  DMA_INT2_IRQHandler           
00002901  DMA_INT3_IRQHandler           
00002901  DebugMon_Handler              
00002901  Default_Handler               
0000015b  Delay1ms                      
00002901  EUSCIA0_IRQHandler            
00002901  EUSCIA1_IRQHandler            
00002901  EUSCIA2_IRQHandler            
00002901  EUSCIA3_IRQHandler            
00002901  EUSCIB0_IRQHandler            
00002901  EUSCIB1_IRQHandler            
00002901  EUSCIB2_IRQHandler            
00002901  EUSCIB3_IRQHandler            
00002901  FLCTL_IRQHandler              
00002901  FPU_IRQHandler                
00001939  HallEffect_P5_Init            
00002901  HardFault_Handler             
000014ff  Init                          
000025ab  LCD_Init                      
00002901  MemManage_Handler             
20000030  Message                       
20000048  Messageindex                  
00001a7d  Motor_P5_TA2_2_Init           
20000001  Motor_Spinning                
00002901  NMI_Handler                   
00001405  Output_Clear                  
0000141f  Output_Color                  
000013f5  Output_Init                   
0000140f  Output_Off                    
00001417  Output_On                     
00002901  PCM_IRQHandler                
00002901  PORT1_IRQHandler              
00002901  PORT2_IRQHandler              
00002901  PORT3_IRQHandler              
00002901  PORT4_IRQHandler              
00001995  PORT5_IRQHandler              
00001995  PORT5_IRQHandler              
00002901  PORT6_IRQHandler              
00002901  PSS_IRQHandler                
00002901  PendSV_Handler                
00001abd  Potentiometer_P6_A5_Init      
20000008  RPM                           
00002901  RTC_C_IRQHandler              
000028f5  Reset_Handler                 
00000735  ST7735_Color565               
00000799  ST7735_DrawBitmap             
00000b0d  ST7735_DrawChar               
00000997  ST7735_DrawCharS              
0000052d  ST7735_DrawFastHLine          
0000046f  ST7735_DrawFastVLine          
00000415  ST7735_DrawPixel              
00000c7b  ST7735_DrawString             
00000629  ST7735_FillRect               
000005e5  ST7735_FillScreen             
000002e3  ST7735_InitB                  
00000303  ST7735_InitR                  
00000eaf  ST7735_InvertDisplay          
000012ed  ST7735_OutChar                
000013a9  ST7735_OutString              
00000d69  ST7735_OutUDec                
000011f9  ST7735_PlotBar                
00000ec7  ST7735_PlotClear              
00000fe9  ST7735_PlotLine               
00001299  ST7735_PlotNext               
000012b3  ST7735_PlotNextErase          
00000f23  ST7735_PlotPoint              
00001123  ST7735_PlotPoints             
0000124f  ST7735_PlotdBfs               
00000d43  ST7735_SetCursor              
00000de5  ST7735_SetRotation            
000013c7  ST7735_SetTextColor           
00000769  ST7735_SwapColor              
00001675  ST7735_WriteSpeedRPM          
00002901  SVC_Handler                   
00001f8f  SevenSeg_MAX7219_Init         
00001f09  SevenSeg_P2_UCA1_Init         
00001fcf  SevenSeg_Write                
0000206d  SevenSeg_WriteFloat           
0000201b  SevenSeg_WriteInteger         
20000004  Speed                         
20000020  StTextColor                   
20000018  StX                           
2000001c  StY                           
0000224f  SysTick_Delay_ms              
000022a3  SysTick_Delay_us              
00002901  SysTick_Handler               
00002233  SysTick_Init                  
2000002c  SystemCoreClock               
00001bd5  SystemCoreClockUpdate         
00001e4d  SystemInit                    
000015cb  T32_INT1_IRQHandler           
000015cb  T32_INT1_IRQHandler           
00002901  T32_INT2_IRQHandler           
00002901  T32_INTC_IRQHandler           
00002901  TA0_0_IRQHandler              
00002901  TA0_N_IRQHandler              
00002901  TA1_0_IRQHandler              
00002901  TA1_N_IRQHandler              
00002901  TA2_0_IRQHandler              
00002901  TA2_N_IRQHandler              
00002901  TA3_0_IRQHandler              
00002901  TA3_N_IRQHandler              
000022cd  Timer32_1_Interrupt_Init      
000022fd  Timer32_2_Counter_Init        
20000000  Update_Gauges                 
00002901  UsageFault_Handler            
4000480c  WDTCTL_SYM                    
00002901  WDT_A_IRQHandler              
2000004c  X                             
20000050  Ymax                          
20000054  Ymin                          
20000058  Yrange                        
20010000  __STACK_END                   
00000200  __STACK_SIZE                  
00003338  __TI_CINIT_Base               
00003348  __TI_CINIT_Limit              
00003324  __TI_Handler_Table_Base       
00003330  __TI_Handler_Table_Limit      
000027ed  __TI_auto_init_nobinit_nopinit
00002783  __TI_decompress_lzss          
000028e7  __TI_decompress_none          
ffffffff  __TI_pprof_out_hndl           
ffffffff  __TI_prof_data_size           
ffffffff  __TI_prof_data_start          
00000000  __TI_static_base__            
000028cb  __TI_zero_init_nomemset       
00002715  __aeabi_d2f                   
00002379  __aeabi_ddiv                  
000024af  __aeabi_dmul                  
00002831  __aeabi_f2d                   
0000289d  __aeabi_i2d                   
00002679  __aeabi_memcpy                
00002679  __aeabi_memcpy4               
00002679  __aeabi_memcpy8               
ffffffff  __binit__                     
ffffffff  __c_args__                    
UNDEFED   __mpu_init                    
2000fe00  __stack                       
20000000  __start___llvm_prf_cnts       
20000000  __stop___llvm_prf_cnts        
00002869  _c_int00_noargs               
UNDEFED   _system_post_cinit            
00002903  _system_pre_init              
00002907  abort                         
ffffffff  binit                         
00002e05  dBfs                          
000013e7  ferror                        
000013db  fgetc                         
00000d01  fillmessage                   
00000000  interruptVectors              
20000028  lastj                         
000014cf  main                          
00002679  memcpy                        
0000014d  parrotdelay                   


GLOBAL SYMBOLS: SORTED BY Symbol Address 

address   name                          
-------   ----                          
00000000  __TI_static_base__            
00000000  interruptVectors              
0000014d  parrotdelay                   
0000015b  Delay1ms                      
00000200  __STACK_SIZE                  
000002e3  ST7735_InitB                  
00000303  ST7735_InitR                  
00000415  ST7735_DrawPixel              
0000046f  ST7735_DrawFastVLine          
0000052d  ST7735_DrawFastHLine          
000005e5  ST7735_FillScreen             
00000629  ST7735_FillRect               
00000735  ST7735_Color565               
00000769  ST7735_SwapColor              
00000799  ST7735_DrawBitmap             
00000997  ST7735_DrawCharS              
00000b0d  ST7735_DrawChar               
00000c7b  ST7735_DrawString             
00000d01  fillmessage                   
00000d43  ST7735_SetCursor              
00000d69  ST7735_OutUDec                
00000de5  ST7735_SetRotation            
00000eaf  ST7735_InvertDisplay          
00000ec7  ST7735_PlotClear              
00000f23  ST7735_PlotPoint              
00000fe9  ST7735_PlotLine               
00001123  ST7735_PlotPoints             
000011f9  ST7735_PlotBar                
0000124f  ST7735_PlotdBfs               
00001299  ST7735_PlotNext               
000012b3  ST7735_PlotNextErase          
000012ed  ST7735_OutChar                
000013a9  ST7735_OutString              
000013c7  ST7735_SetTextColor           
000013db  fgetc                         
000013e7  ferror                        
000013f5  Output_Init                   
00001405  Output_Clear                  
0000140f  Output_Off                    
00001417  Output_On                     
0000141f  Output_Color                  
000014cf  main                          
000014ff  Init                          
000015cb  T32_INT1_IRQHandler           
000015cb  T32_INT1_IRQHandler           
00001675  ST7735_WriteSpeedRPM          
00001939  HallEffect_P5_Init            
00001995  PORT5_IRQHandler              
00001995  PORT5_IRQHandler              
00001a7d  Motor_P5_TA2_2_Init           
00001abd  Potentiometer_P6_A5_Init      
00001b0d  ADC14_IRQHandler              
00001b0d  ADC14_IRQHandler              
00001bd5  SystemCoreClockUpdate         
00001e4d  SystemInit                    
00001f09  SevenSeg_P2_UCA1_Init         
00001f8f  SevenSeg_MAX7219_Init         
00001fcf  SevenSeg_Write                
0000201b  SevenSeg_WriteInteger         
0000206d  SevenSeg_WriteFloat           
000021cb  Clock_48MHz_Init              
00002233  SysTick_Init                  
0000224f  SysTick_Delay_ms              
000022a3  SysTick_Delay_us              
000022cd  Timer32_1_Interrupt_Init      
000022fd  Timer32_2_Counter_Init        
00002379  __aeabi_ddiv                  
000024af  __aeabi_dmul                  
000025ab  LCD_Init                      
00002679  __aeabi_memcpy                
00002679  __aeabi_memcpy4               
00002679  __aeabi_memcpy8               
00002679  memcpy                        
00002715  __aeabi_d2f                   
00002783  __TI_decompress_lzss          
000027ed  __TI_auto_init_nobinit_nopinit
00002831  __aeabi_f2d                   
00002869  _c_int00_noargs               
0000289d  __aeabi_i2d                   
000028cb  __TI_zero_init_nomemset       
000028e7  __TI_decompress_none          
000028f5  Reset_Handler                 
00002901  AES256_IRQHandler             
00002901  BusFault_Handler              
00002901  COMP_E0_IRQHandler            
00002901  COMP_E1_IRQHandler            
00002901  CS_IRQHandler                 
00002901  DMA_ERR_IRQHandler            
00002901  DMA_INT0_IRQHandler           
00002901  DMA_INT1_IRQHandler           
00002901  DMA_INT2_IRQHandler           
00002901  DMA_INT3_IRQHandler           
00002901  DebugMon_Handler              
00002901  Default_Handler               
00002901  EUSCIA0_IRQHandler            
00002901  EUSCIA1_IRQHandler            
00002901  EUSCIA2_IRQHandler            
00002901  EUSCIA3_IRQHandler            
00002901  EUSCIB0_IRQHandler            
00002901  EUSCIB1_IRQHandler            
00002901  EUSCIB2_IRQHandler            
00002901  EUSCIB3_IRQHandler            
00002901  FLCTL_IRQHandler              
00002901  FPU_IRQHandler                
00002901  HardFault_Handler             
00002901  MemManage_Handler             
00002901  NMI_Handler                   
00002901  PCM_IRQHandler                
00002901  PORT1_IRQHandler              
00002901  PORT2_IRQHandler              
00002901  PORT3_IRQHandler              
00002901  PORT4_IRQHandler              
00002901  PORT6_IRQHandler              
00002901  PSS_IRQHandler                
00002901  PendSV_Handler                
00002901  RTC_C_IRQHandler              
00002901  SVC_Handler                   
00002901  SysTick_Handler               
00002901  T32_INT2_IRQHandler           
00002901  T32_INTC_IRQHandler           
00002901  TA0_0_IRQHandler              
00002901  TA0_N_IRQHandler              
00002901  TA1_0_IRQHandler              
00002901  TA1_N_IRQHandler              
00002901  TA2_0_IRQHandler              
00002901  TA2_N_IRQHandler              
00002901  TA3_0_IRQHandler              
00002901  TA3_N_IRQHandler              
00002901  UsageFault_Handler            
00002901  WDT_A_IRQHandler              
00002903  _system_pre_init              
00002907  C$$EXIT                       
00002907  abort                         
00002e05  dBfs                          
00003006  ADC_PWM_Vector                
00003324  __TI_Handler_Table_Base       
00003330  __TI_Handler_Table_Limit      
00003338  __TI_CINIT_Base               
00003348  __TI_CINIT_Limit              
20000000  Update_Gauges                 
20000000  __start___llvm_prf_cnts       
20000000  __stop___llvm_prf_cnts        
20000001  Motor_Spinning                
20000004  Speed                         
20000008  RPM                           
20000018  StX                           
2000001c  StY                           
20000020  StTextColor                   
20000028  lastj                         
2000002c  SystemCoreClock               
20000030  Message                       
20000048  Messageindex                  
2000004c  X                             
20000050  Ymax                          
20000054  Ymin                          
20000058  Yrange                        
2000fe00  __stack                       
20010000  __STACK_END                   
4000480c  WDTCTL_SYM                    
ffffffff  __TI_pprof_out_hndl           
ffffffff  __TI_prof_data_size           
ffffffff  __TI_prof_data_start          
ffffffff  __binit__                     
ffffffff  __c_args__                    
ffffffff  binit                         
UNDEFED   __mpu_init                    
UNDEFED   _system_post_cinit            

[167 symbols]
