******************************************************************************
                  TI ARM Linker Unix v20.2.2                   
******************************************************************************
>> Linked Sat Oct 31 16:00:46 2020

OUTPUT FILE NAME:   <Lab 7 - Part 3 (Master).out>
ENTRY POINT SYMBOL: "_c_int00_noargs"  address: 00003455


MEMORY CONFIGURATION

         name            origin    length      used     unused   attr    fill
----------------------  --------  ---------  --------  --------  ----  --------
  MAIN                  00000000   00040000  00003859  0003c7a7  R  X
  INFO                  00200000   00004000  00000000  00004000  R  X
  SRAM_CODE             01000000   00010000  000009b9  0000f647  RW X
  SRAM_DATA             20000000   00010000  000009b9  0000f647  RW  


SEGMENT ALLOCATION MAP

run origin  load origin   length   init length attrs members
----------  ----------- ---------- ----------- ----- -------
00000000    00000000    00003860   00003860    r-x
  00000000    00000000    000000e4   000000e4    r-- .intvecs
  000000e4    000000e4    000035dc   000035dc    r-x .text
  000036c0    000036c0    00000101   00000101    r-- .const
  000037c8    000037c8    00000098   00000098    r-- .cinit
20000000    20000000    000007b9   00000000    rw-
  20000000    20000000    00000400   00000000    rw- .sysmem
  20000400    20000400    000001f0   00000000    rw- .data
  200005f0    200005f0    000001c9   00000000    rw- .bss
2000fe00    2000fe00    00000200   00000000    rw-
  2000fe00    2000fe00    00000200   00000000    rw- .stack


SECTION ALLOCATION MAP

 output                                  attributes/
section   page    origin      length       input sections
--------  ----  ----------  ----------   ----------------
.intvecs   0    00000000    000000e4     
                  00000000    000000e4     startup_msp432p401r_ccs.obj (.intvecs:retain)

.text      0    000000e4    000035dc     
                  000000e4    00000a4e     rtsv7M4_T_le_v4SPD16_eabi.lib : _printfi.c.obj (.text:__TI_printfi)
                  00000b32    00000002                                   : _lock.c.obj (.text:_nop)
                  00000b34    000004c4     main.obj (.text)
                  00000ff8    00000334     system_msp432p401r.obj (.text)
                  0000132c    000002a0     Keypad.obj (.text)
                  000015cc    00000270     rtsv7M4_T_le_v4SPD16_eabi.lib : _printfi.c.obj (.text:_pconv_a)
                  0000183c    000001d0                                   : _printfi.c.obj (.text:_pconv_g)
                  00001a0c    000001b6                                   : fd_add_t2.asm.obj (.text)
                  00001bc2    00000002                                   : div0.asm.obj (.text)
                  00001bc4    0000013c                                   : _printfi.c.obj (.text:_pconv_e)
                  00001d00    00000136                                   : fd_div_t2.asm.obj (.text)
                  00001e36    00000002     --HOLE-- [fill = 0]
                  00001e38    00000124                                   : _printfi.c.obj (.text:fcvt)
                  00001f5c    00000114                                   : fputs.c.obj (.text:fputs)
                  00002070    00000110                                   : s_scalbn.c.obj (.text:scalbn)
                  00002180    00000100                                   : memory.c.obj (.text:aligned_alloc)
                  00002280    000000fc                                   : fd_mul_t2.asm.obj (.text)
                  0000237c    000000e4                                   : memory.c.obj (.text:free)
                  00002460    000000dc                                   : setvbuf.c.obj (.text:setvbuf)
                  0000253c    000000b1                                   : _printfi.c.obj (.text:_ltostr)
                  000025ed    00000003     --HOLE-- [fill = 0]
                  000025f0    000000ac     SysTick.obj (.text)
                  0000269c    0000009c     rtsv7M4_T_le_v4SPD16_eabi.lib : memcpy_t2.asm.obj (.text)
                  00002738    00000096                                   : ull_div_t2.asm.obj (.text)
                  000027ce    00000002     --HOLE-- [fill = 0]
                  000027d0    00000094     Clock_48MHz.obj (.text)
                  00002864    0000008c     rtsv7M4_T_le_v4SPD16_eabi.lib : fputc.c.obj (.text:fputc)
                  000028f0    00000086                                   : fd_cmp_t2.asm.obj (.text:__aeabi_cdcmple)
                  00002976    00000086                                   : fd_cmp_t2.asm.obj (.text:__aeabi_cdrcmple)
                  000029fc    0000007a                                   : memset_t2.asm.obj (.text)
                  00002a76    00000002     --HOLE-- [fill = 0]
                  00002a78    00000074                                   : fclose.c.obj (.text:__TI_closefile)
                  00002aec    00000070                                   : memory.c.obj (.text:split)
                  00002b5c    0000006e                                   : _printfi.c.obj (.text:_mcpy)
                  00002bca    00000002     --HOLE-- [fill = 0]
                  00002bcc    0000006c                                   : hostrename.c.obj (.text:HOSTrename)
                  00002c38    00000068                                   : hostlseek.c.obj (.text:HOSTlseek)
                  00002ca0    00000068                                   : copy_decompress_lzss.c.obj (.text:decompress:lzss:__TI_decompress_lzss)
                  00002d08    00000068                                   : printf.c.obj (.text:printf)
                  00002d70    00000064                                   : s_frexp.c.obj (.text:frexp)
                  00002dd4    00000064                                   : fseek.c.obj (.text:fseek)
                  00002e38    00000062                                   : _io_perm.c.obj (.text:__TI_wrt_ok)
                  00002e9a    00000002     --HOLE-- [fill = 0]
                  00002e9c    00000060                                   : hostopen.c.obj (.text:HOSTopen)
                  00002efc    0000005c                                   : close.c.obj (.text:close)
                  00002f58    00000058                                   : hostread.c.obj (.text:HOSTread)
                  00002fb0    00000058                                   : hostwrite.c.obj (.text:HOSTwrite)
                  00003008    00000056                                   : _printfi.c.obj (.text:_pconv_f)
                  0000305e    00000054                                   : _ltoa.c.obj (.text:__TI_ltoa)
                  000030b2    00000052                                   : _printfi.c.obj (.text:_ecpy)
                  00003104    0000004c                                   : fflush.c.obj (.text:__TI_doflush)
                  00003150    0000004c                                   : atoi.c.obj (.text:atoi)
                  0000319c    00000048                                   : exit.c.obj (.text:exit)
                  000031e4    00000048                                   : fd_toi_t2.asm.obj (.text)
                  0000322c    00000044                                   : hostclose.c.obj (.text:HOSTclose)
                  00003270    00000044                                   : hostunlink.c.obj (.text:HOSTunlink)
                  000032b4    00000044                                   : autoinit.c.obj (.text:__TI_auto_init_nobinit_nopinit:__TI_auto_init_nobinit_nopinit)
                  000032f8    00000044                                   : getdevice.c.obj (.text:getdevice)
                  0000333c    0000003e                                   : _printfi.c.obj (.text:_fcpy)
                  0000337a    00000002     --HOLE-- [fill = 0]
                  0000337c    00000038                                   : trgmsg.c.obj (.text:__TI_writemsg)
                  000033b4    00000036                                   : strncpy.c.obj (.text:strncpy)
                  000033ea    00000002     --HOLE-- [fill = 0]
                  000033ec    00000034                                   : fopen.c.obj (.text:__TI_cleanup)
                  00003420    00000034                                   : trgmsg.c.obj (.text:__TI_readmsg)
                  00003454    00000034                                   : boot_cortex_m.c.obj (.text:_c_int00_noargs:_c_int00_noargs)
                  00003488    00000030                                   : getdevice.c.obj (.text:finddevice)
                  000034b8    0000002e                                   : i_tofd_t2.asm.obj (.text)
                  000034e6    00000002     --HOLE-- [fill = 0]
                  000034e8    0000002c                                   : unlink.c.obj (.text:unlink)
                  00003514    00000028                                   : memory.c.obj (.text:free_list_insert)
                  0000353c    00000028                                   : lseek.c.obj (.text:lseek)
                  00003564    00000028                                   : write.c.obj (.text:write)
                  0000358c    00000020                                   : memchr.c.obj (.text:memchr)
                  000035ac    0000001c                                   : copy_zero_init.c.obj (.text:decompress:ZI:__TI_zero_init_nomemset:__TI_zero_init_nomemset)
                  000035c8    0000001c                                   : memory.c.obj (.text:free_list_remove)
                  000035e4    0000001c                                   : memccpy.c.obj (.text:memccpy)
                  00003600    0000001a                                   : s_copysign.c.obj (.text:copysign)
                  0000361a    00000018                                   : strcmp.c.obj (.text:strcmp)
                  00003632    00000016                                   : strchr.c.obj (.text:strchr)
                  00003648    00000014                                   : strcpy.c.obj (.text:strcpy)
                  0000365c    00000014                                   : strlen.c.obj (.text:strlen)
                  00003670    00000012                                   : wcslen.c.obj (.text:wcslen)
                  00003682    0000000e                                   : copy_decompress_none.c.obj (.text:decompress:none:__TI_decompress_none)
                  00003690    0000000e     startup_msp432p401r_ccs.obj (.text)
                  0000369e    00000002     --HOLE-- [fill = 0]
                  000036a0    00000008     rtsv7M4_T_le_v4SPD16_eabi.lib : errno.c.obj (.text:__aeabi_errno_addr)
                  000036a8    00000008                                   : memory.c.obj (.text:malloc)
                  000036b0    00000004                                   : printf.c.obj (.text:_outc)
                  000036b4    00000004                                   : printf.c.obj (.text:_outs)
                  000036b8    00000004                                   : pre_init.c.obj (.text:_system_pre_init)
                  000036bc    00000004                                   : exit.c.obj (.text:abort:abort)

.const     0    000036c0    00000101     
                  000036c0    00000101     rtsv7M4_T_le_v4SPD16_eabi.lib : ctype.c.obj (.const:.string:_ctypes_)

.cinit     0    000037c8    00000098     
                  000037c8    0000006e     (.cinit..data.load) [load image, compression = lzss]
                  00003836    00000002     --HOLE-- [fill = 0]
                  00003838    0000000c     (__TI_handler_table)
                  00003844    00000004     --HOLE-- [fill = 0]
                  00003848    00000008     (.cinit..bss.load) [load image, compression = zero_init]
                  00003850    00000010     (__TI_cinit_table)

.init_array 
*          0    00000000    00000000     UNINITIALIZED

.binit     0    00000000    00000000     

.sysmem    0    20000000    00000400     UNINITIALIZED
                  20000000    00000010     rtsv7M4_T_le_v4SPD16_eabi.lib : memory.c.obj (.sysmem)
                  20000010    000003f0     --HOLE--

.data      0    20000400    000001f0     UNINITIALIZED
                  20000400    000000f0     rtsv7M4_T_le_v4SPD16_eabi.lib : defs.c.obj (.data:_ftable)
                  200004f0    00000078                                   : host_device.c.obj (.data:_device)
                  20000568    00000050                                   : host_device.c.obj (.data:_stream)
                  200005b8    00000010                                   : defs.c.obj (.data)
                  200005c8    0000000c                                   : exit.c.obj (.data:$O1$$)
                  200005d4    00000008                                   : _lock.c.obj (.data:$O1$$)
                  200005dc    00000008                                   : memory.c.obj (.data:$O1$$)
                  200005e4    00000004     main.obj (.data)
                  200005e8    00000004     rtsv7M4_T_le_v4SPD16_eabi.lib : errno.c.obj (.data)
                  200005ec    00000004     system_msp432p401r.obj (.data)

.bss       0    200005f0    000001c9     UNINITIALIZED
                  200005f0    00000120     rtsv7M4_T_le_v4SPD16_eabi.lib : trgmsg.c.obj (.bss:_CIOBUF_)
                  20000710    000000a0     (.common:__TI_tmpnams)
                  200007b0    00000008     (.common:parmbuf)
                  200007b8    00000001     (.common:Keypad_Interrupt)

.stack     0    2000fe00    00000200     UNINITIALIZED
                  2000fe00    00000004     rtsv7M4_T_le_v4SPD16_eabi.lib : boot_cortex_m.c.obj (.stack)
                  2000fe04    000001fc     --HOLE--

__llvm_prf_cnts 
*          0    20000000    00000000     UNINITIALIZED

MODULE SUMMARY

       Module                        code    ro data   rw data
       ------                        ----    -------   -------
    ./
       main.obj                      1220    0         8      
       system_msp432p401r.obj        820     0         8      
       Keypad.obj                    672     0         2      
       startup_msp432p401r_ccs.obj   14      228       0      
       SysTick.obj                   172     0         0      
       Clock_48MHz.obj               148     0         0      
    +--+-----------------------------+-------+---------+---------+
       Total:                        3046    228       18     
                                                              
    /Applications/ti/ccs1010/ccs/tools/compiler/ti-cgt-arm_20.2.2.LTS/lib/rtsv7M4_T_le_v4SPD16_eabi.lib
       _printfi.c.obj                4851    0         0      
       defs.c.obj                    0       0         832    
       memory.c.obj                  672     0         16     
       trgmsg.c.obj                  108     0         576    
       fd_add_t2.asm.obj             438     0         0      
       host_device.c.obj             0       0         400    
       fd_div_t2.asm.obj             310     0         0      
       fputs.c.obj                   276     0         0      
       s_scalbn.c.obj                272     0         0      
       fd_cmp_t2.asm.obj             268     0         0      
       ctype.c.obj                   0       257       0      
       fd_mul_t2.asm.obj             252     0         0      
       setvbuf.c.obj                 220     0         0      
       memcpy_t2.asm.obj             156     0         0      
       ull_div_t2.asm.obj            150     0         0      
       fputc.c.obj                   140     0         0      
       memset_t2.asm.obj             122     0         0      
       fclose.c.obj                  116     0         0      
       getdevice.c.obj               116     0         0      
       hostopen.c.obj                96      0         16     
       printf.c.obj                  112     0         0      
       hostrename.c.obj              108     0         0      
       copy_decompress_lzss.c.obj    104     0         0      
       hostlseek.c.obj               104     0         0      
       exit.c.obj                    76      0         24     
       fseek.c.obj                   100     0         0      
       s_frexp.c.obj                 100     0         0      
       _io_perm.c.obj                98      0         0      
       close.c.obj                   92      0         0      
       hostread.c.obj                88      0         0      
       hostwrite.c.obj               88      0         0      
       _ltoa.c.obj                   84      0         0      
       atoi.c.obj                    76      0         0      
       fflush.c.obj                  76      0         0      
       fd_toi_t2.asm.obj             72      0         0      
       autoinit.c.obj                68      0         0      
       hostclose.c.obj               68      0         0      
       hostunlink.c.obj              68      0         0      
       strncpy.c.obj                 54      0         0      
       boot_cortex_m.c.obj           52      0         0      
       fopen.c.obj                   52      0         0      
       i_tofd_t2.asm.obj             46      0         0      
       unlink.c.obj                  44      0         0      
       lseek.c.obj                   40      0         0      
       write.c.obj                   40      0         0      
       memchr.c.obj                  32      0         0      
       copy_zero_init.c.obj          28      0         0      
       memccpy.c.obj                 28      0         0      
       s_copysign.c.obj              26      0         0      
       strcmp.c.obj                  24      0         0      
       strchr.c.obj                  22      0         0      
       strcpy.c.obj                  20      0         0      
       strlen.c.obj                  20      0         0      
       _lock.c.obj                   2       0         16     
       wcslen.c.obj                  18      0         0      
       errno.c.obj                   8       0         8      
       copy_decompress_none.c.obj    14      0         0      
       pre_init.c.obj                4       0         0      
       div0.asm.obj                  2       0         0      
    +--+-----------------------------+-------+---------+---------+
       Total:                        10721   257       1888   
                                                              
       Heap:                         0       0         2048   
       Stack:                        0       0         1024   
       Linker Generated:             0       146       0      
    +--+-----------------------------+-------+---------+---------+
       Grand Total:                  13767   631       4978   


LINKER GENERATED COPY TABLES

__TI_cinit_table @ 00003850 records: 2, size/record: 8, table size: 16
	.data: load addr=000037c8, load size=0000006e bytes, run addr=20000400, run size=000001f0 bytes, compression=lzss
	.bss: load addr=00003848, load size=00000008 bytes, run addr=200005f0, run size=000001c9 bytes, compression=zero_init


LINKER GENERATED HANDLER TABLE

__TI_handler_table @ 00003838 records: 3, size/record: 4, table size: 12
	index: 0, handler: __TI_decompress_lzss
	index: 1, handler: __TI_decompress_none
	index: 2, handler: __TI_zero_init


GLOBAL SYMBOLS: SORTED ALPHABETICALLY BY Name 

address   name                           
-------   ----                           
0000369d  ADC14_IRQHandler               
0000369d  AES256_IRQHandler              
0000369d  BusFault_Handler               
00000c75  Buttons_P6_Init                
000036bd  C$$EXIT                        
000033ab  C$$IO$$                        
0000369d  COMP_E0_IRQHandler             
0000369d  COMP_E1_IRQHandler             
0000369d  CS_IRQHandler                  
000027d1  Clock_Init48MHz                
200005e4  Cycle_Count                    
0000369d  DMA_ERR_IRQHandler             
0000369d  DMA_INT0_IRQHandler            
0000369d  DMA_INT1_IRQHandler            
0000369d  DMA_INT2_IRQHandler            
0000369d  DMA_INT3_IRQHandler            
0000369d  DebugMon_Handler               
0000369d  Default_Handler                
0000369d  EUSCIA0_IRQHandler             
0000369d  EUSCIA1_IRQHandler             
0000369d  EUSCIA2_IRQHandler             
0000369d  EUSCIA3_IRQHandler             
00000ee5  EUSCIB0_IRQHandler             
00000ee5  EUSCIB0_IRQHandler             
0000369d  EUSCIB1_IRQHandler             
0000369d  EUSCIB2_IRQHandler             
0000369d  EUSCIB3_IRQHandler             
0000369d  FLCTL_IRQHandler               
0000369d  FPU_IRQHandler                 
0000322d  HOSTclose                      
00002c39  HOSTlseek                      
00002e9d  HOSTopen                       
00002f59  HOSTread                       
00002bcd  HOSTrename                     
00003271  HOSTunlink                     
00002fb1  HOSTwrite                      
0000369d  HardFault_Handler              
00000e15  I2C_P1_Init                    
00000bb7  Init                           
000013a3  Keypad_Col_P5_Init             
000013cd  Keypad_Disable                 
000013df  Keypad_Enable                  
200007b8  Keypad_Interrupt               
00001525  Keypad_PrintKey                
00001409  Keypad_Read                    
00001359  Keypad_Row_P2_Init             
0000369d  MemManage_Handler              
0000369d  NMI_Handler                    
0000369d  PCM_IRQHandler                 
0000369d  PORT1_IRQHandler               
000013f7  PORT2_IRQHandler               
000013f7  PORT2_IRQHandler               
0000369d  PORT3_IRQHandler               
0000369d  PORT4_IRQHandler               
0000369d  PORT5_IRQHandler               
00000ccb  PORT6_IRQHandler               
00000ccb  PORT6_IRQHandler               
0000369d  PSS_IRQHandler                 
0000369d  PendSV_Handler                 
0000369d  RTC_C_IRQHandler               
00003691  Reset_Handler                  
0000369d  SVC_Handler                    
200005e6  Step_Count                     
0000260d  SysTick_Delay_ms               
00002661  SysTick_Delay_us               
0000369d  SysTick_Handler                
000025f1  SysTick_Init                   
200005ec  SystemCoreClock                
00000ff9  SystemCoreClockUpdate          
00001271  SystemInit                     
0000369d  T32_INT1_IRQHandler            
0000369d  T32_INT2_IRQHandler            
0000369d  T32_INTC_IRQHandler            
0000369d  TA0_0_IRQHandler               
0000369d  TA0_N_IRQHandler               
0000369d  TA1_0_IRQHandler               
0000369d  TA1_N_IRQHandler               
0000369d  TA2_0_IRQHandler               
0000369d  TA2_N_IRQHandler               
0000369d  TA3_0_IRQHandler               
0000369d  TA3_N_IRQHandler               
0000369d  UsageFault_Handler             
4000480c  WDTCTL_SYM                     
0000369d  WDT_A_IRQHandler               
200005f0  __CIOBUF_                      
20010000  __STACK_END                    
00000200  __STACK_SIZE                   
00000400  __SYSMEM_SIZE                  
00003850  __TI_CINIT_Base                
00003860  __TI_CINIT_Limit               
00003838  __TI_Handler_Table_Base        
00003844  __TI_Handler_Table_Limit       
000032b5  __TI_auto_init_nobinit_nopinit 
000033ed  __TI_cleanup                   
200005c8  __TI_cleanup_ptr               
00002a79  __TI_closefile                 
00002ca1  __TI_decompress_lzss           
00003683  __TI_decompress_none           
00003105  __TI_doflush                   
200005cc  __TI_dtors_ptr                 
200005d0  __TI_enable_exit_profile_output
200005b8  __TI_ft_end                    
0000305f  __TI_ltoa                      
ffffffff  __TI_pprof_out_hndl            
000000e5  __TI_printfi                   
ffffffff  __TI_prof_data_size            
ffffffff  __TI_prof_data_start           
00003421  __TI_readmsg                   
00000000  __TI_static_base__             
20000710  __TI_tmpnams                   
0000337d  __TI_writemsg                  
00002e39  __TI_wrt_ok                    
000035ad  __TI_zero_init_nomemset        
000028f1  __aeabi_cdcmpeq                
000028f1  __aeabi_cdcmple                
00002977  __aeabi_cdrcmple               
000031e5  __aeabi_d2iz                   
00001a17  __aeabi_dadd                   
00001d01  __aeabi_ddiv                   
00002281  __aeabi_dmul                   
00001a0d  __aeabi_dsub                   
000036a1  __aeabi_errno_addr             
000034b9  __aeabi_i2d                    
00001bc3  __aeabi_idiv0                  
00001bc3  __aeabi_ldiv0                  
000029fd  __aeabi_memclr                 
000029fd  __aeabi_memclr4                
000029fd  __aeabi_memclr8                
0000269d  __aeabi_memcpy                 
0000269d  __aeabi_memcpy4                
0000269d  __aeabi_memcpy8                
000029ff  __aeabi_memset                 
000029ff  __aeabi_memset4                
000029ff  __aeabi_memset8                
200005c4  __aeabi_stderr                 
200005bc  __aeabi_stdin                  
200005c0  __aeabi_stdout                 
00002739  __aeabi_uldivmod               
ffffffff  __binit__                      
ffffffff  __c_args__                     
UNDEFED   __mpu_init                     
2000fe00  __stack                        
20000000  __start___llvm_prf_cnts        
20000000  __stop___llvm_prf_cnts         
00003455  _c_int00_noargs                
000036c0  _ctypes_                       
200004f0  _device                        
20000400  _ftable                        
200005d4  _lock                          
00000b33  _nop                           
20000568  _stream                        
20000000  _sys_memory                    
UNDEFED   _system_post_cinit             
000036b9  _system_pre_init               
200005d8  _unlock                        
000036bd  abort                          
00002181  aligned_alloc                  
00003151  atoi                           
ffffffff  binit                          
00002efd  close                          
00003601  copysign                       
00003601  copysignl                      
200005e8  errno                          
0000319d  exit                           
00003489  finddevice                     
00002865  fputc                          
00001f5d  fputs                          
0000237d  free                           
00002d71  frexp                          
00002d71  frexpl                         
00002dd5  fseek                          
000032f9  getdevice                      
00000000  interruptVectors               
00002071  ldexp                          
00002071  ldexpl                         
0000353d  lseek                          
00000b61  main                           
000036a9  malloc                         
00002181  memalign                       
000035e5  memccpy                        
0000358d  memchr                         
0000269d  memcpy                         
00002a05  memset                         
200007b0  parmbuf                        
00002d09  printf                         
00002865  putc                           
000034e9  remove                         
00002071  scalbn                         
00002071  scalbnl                        
00002461  setvbuf                        
00003633  strchr                         
0000361b  strcmp                         
00003649  strcpy                         
0000365d  strlen                         
000033b5  strncpy                        
000034e9  unlink                         
00003671  wcslen                         
00003565  write                          


GLOBAL SYMBOLS: SORTED BY Symbol Address 

address   name                           
-------   ----                           
00000000  __TI_static_base__             
00000000  interruptVectors               
000000e5  __TI_printfi                   
00000200  __STACK_SIZE                   
00000400  __SYSMEM_SIZE                  
00000b33  _nop                           
00000b61  main                           
00000bb7  Init                           
00000c75  Buttons_P6_Init                
00000ccb  PORT6_IRQHandler               
00000ccb  PORT6_IRQHandler               
00000e15  I2C_P1_Init                    
00000ee5  EUSCIB0_IRQHandler             
00000ee5  EUSCIB0_IRQHandler             
00000ff9  SystemCoreClockUpdate          
00001271  SystemInit                     
00001359  Keypad_Row_P2_Init             
000013a3  Keypad_Col_P5_Init             
000013cd  Keypad_Disable                 
000013df  Keypad_Enable                  
000013f7  PORT2_IRQHandler               
000013f7  PORT2_IRQHandler               
00001409  Keypad_Read                    
00001525  Keypad_PrintKey                
00001a0d  __aeabi_dsub                   
00001a17  __aeabi_dadd                   
00001bc3  __aeabi_idiv0                  
00001bc3  __aeabi_ldiv0                  
00001d01  __aeabi_ddiv                   
00001f5d  fputs                          
00002071  ldexp                          
00002071  ldexpl                         
00002071  scalbn                         
00002071  scalbnl                        
00002181  aligned_alloc                  
00002181  memalign                       
00002281  __aeabi_dmul                   
0000237d  free                           
00002461  setvbuf                        
000025f1  SysTick_Init                   
0000260d  SysTick_Delay_ms               
00002661  SysTick_Delay_us               
0000269d  __aeabi_memcpy                 
0000269d  __aeabi_memcpy4                
0000269d  __aeabi_memcpy8                
0000269d  memcpy                         
00002739  __aeabi_uldivmod               
000027d1  Clock_Init48MHz                
00002865  fputc                          
00002865  putc                           
000028f1  __aeabi_cdcmpeq                
000028f1  __aeabi_cdcmple                
00002977  __aeabi_cdrcmple               
000029fd  __aeabi_memclr                 
000029fd  __aeabi_memclr4                
000029fd  __aeabi_memclr8                
000029ff  __aeabi_memset                 
000029ff  __aeabi_memset4                
000029ff  __aeabi_memset8                
00002a05  memset                         
00002a79  __TI_closefile                 
00002bcd  HOSTrename                     
00002c39  HOSTlseek                      
00002ca1  __TI_decompress_lzss           
00002d09  printf                         
00002d71  frexp                          
00002d71  frexpl                         
00002dd5  fseek                          
00002e39  __TI_wrt_ok                    
00002e9d  HOSTopen                       
00002efd  close                          
00002f59  HOSTread                       
00002fb1  HOSTwrite                      
0000305f  __TI_ltoa                      
00003105  __TI_doflush                   
00003151  atoi                           
0000319d  exit                           
000031e5  __aeabi_d2iz                   
0000322d  HOSTclose                      
00003271  HOSTunlink                     
000032b5  __TI_auto_init_nobinit_nopinit 
000032f9  getdevice                      
0000337d  __TI_writemsg                  
000033ab  C$$IO$$                        
000033b5  strncpy                        
000033ed  __TI_cleanup                   
00003421  __TI_readmsg                   
00003455  _c_int00_noargs                
00003489  finddevice                     
000034b9  __aeabi_i2d                    
000034e9  remove                         
000034e9  unlink                         
0000353d  lseek                          
00003565  write                          
0000358d  memchr                         
000035ad  __TI_zero_init_nomemset        
000035e5  memccpy                        
00003601  copysign                       
00003601  copysignl                      
0000361b  strcmp                         
00003633  strchr                         
00003649  strcpy                         
0000365d  strlen                         
00003671  wcslen                         
00003683  __TI_decompress_none           
00003691  Reset_Handler                  
0000369d  ADC14_IRQHandler               
0000369d  AES256_IRQHandler              
0000369d  BusFault_Handler               
0000369d  COMP_E0_IRQHandler             
0000369d  COMP_E1_IRQHandler             
0000369d  CS_IRQHandler                  
0000369d  DMA_ERR_IRQHandler             
0000369d  DMA_INT0_IRQHandler            
0000369d  DMA_INT1_IRQHandler            
0000369d  DMA_INT2_IRQHandler            
0000369d  DMA_INT3_IRQHandler            
0000369d  DebugMon_Handler               
0000369d  Default_Handler                
0000369d  EUSCIA0_IRQHandler             
0000369d  EUSCIA1_IRQHandler             
0000369d  EUSCIA2_IRQHandler             
0000369d  EUSCIA3_IRQHandler             
0000369d  EUSCIB1_IRQHandler             
0000369d  EUSCIB2_IRQHandler             
0000369d  EUSCIB3_IRQHandler             
0000369d  FLCTL_IRQHandler               
0000369d  FPU_IRQHandler                 
0000369d  HardFault_Handler              
0000369d  MemManage_Handler              
0000369d  NMI_Handler                    
0000369d  PCM_IRQHandler                 
0000369d  PORT1_IRQHandler               
0000369d  PORT3_IRQHandler               
0000369d  PORT4_IRQHandler               
0000369d  PORT5_IRQHandler               
0000369d  PSS_IRQHandler                 
0000369d  PendSV_Handler                 
0000369d  RTC_C_IRQHandler               
0000369d  SVC_Handler                    
0000369d  SysTick_Handler                
0000369d  T32_INT1_IRQHandler            
0000369d  T32_INT2_IRQHandler            
0000369d  T32_INTC_IRQHandler            
0000369d  TA0_0_IRQHandler               
0000369d  TA0_N_IRQHandler               
0000369d  TA1_0_IRQHandler               
0000369d  TA1_N_IRQHandler               
0000369d  TA2_0_IRQHandler               
0000369d  TA2_N_IRQHandler               
0000369d  TA3_0_IRQHandler               
0000369d  TA3_N_IRQHandler               
0000369d  UsageFault_Handler             
0000369d  WDT_A_IRQHandler               
000036a1  __aeabi_errno_addr             
000036a9  malloc                         
000036b9  _system_pre_init               
000036bd  C$$EXIT                        
000036bd  abort                          
000036c0  _ctypes_                       
00003838  __TI_Handler_Table_Base        
00003844  __TI_Handler_Table_Limit       
00003850  __TI_CINIT_Base                
00003860  __TI_CINIT_Limit               
20000000  __start___llvm_prf_cnts        
20000000  __stop___llvm_prf_cnts         
20000000  _sys_memory                    
20000400  _ftable                        
200004f0  _device                        
20000568  _stream                        
200005b8  __TI_ft_end                    
200005bc  __aeabi_stdin                  
200005c0  __aeabi_stdout                 
200005c4  __aeabi_stderr                 
200005c8  __TI_cleanup_ptr               
200005cc  __TI_dtors_ptr                 
200005d0  __TI_enable_exit_profile_output
200005d4  _lock                          
200005d8  _unlock                        
200005e4  Cycle_Count                    
200005e6  Step_Count                     
200005e8  errno                          
200005ec  SystemCoreClock                
200005f0  __CIOBUF_                      
20000710  __TI_tmpnams                   
200007b0  parmbuf                        
200007b8  Keypad_Interrupt               
2000fe00  __stack                        
20010000  __STACK_END                    
4000480c  WDTCTL_SYM                     
ffffffff  __TI_pprof_out_hndl            
ffffffff  __TI_prof_data_size            
ffffffff  __TI_prof_data_start           
ffffffff  __binit__                      
ffffffff  __c_args__                     
ffffffff  binit                          
UNDEFED   __mpu_init                     
UNDEFED   _system_post_cinit             

[198 symbols]
