******************************************************************************
                  TI ARM Linker Unix v20.2.2                   
******************************************************************************
>> Linked Sat Oct 31 15:56:32 2020

OUTPUT FILE NAME:   <Lab 7 - Part 1.out>
ENTRY POINT SYMBOL: "_c_int00_noargs"  address: 00000aad


MEMORY CONFIGURATION

         name            origin    length      used     unused   attr    fill
----------------------  --------  ---------  --------  --------  ----  --------
  MAIN                  00000000   00040000  00000b58  0003f4a8  R  X
  INFO                  00200000   00004000  00000000  00004000  R  X
  SRAM_CODE             01000000   00010000  00000212  0000fdee  RW X
  SRAM_DATA             20000000   00010000  00000212  0000fdee  RW  


SEGMENT ALLOCATION MAP

run origin  load origin   length   init length attrs members
----------  ----------- ---------- ----------- ----- -------
00000000    00000000    00000b58   00000b58    r-x
  00000000    00000000    000000e4   000000e4    r-- .intvecs
  000000e4    000000e4    00000a3c   00000a3c    r-x .text
  00000b20    00000b20    00000038   00000038    r-- .cinit
20000000    20000000    00000012   00000000    rw-
  20000000    20000000    0000000c   00000000    rw- .data
  2000000c    2000000c    00000006   00000000    rw- .bss
2000fe00    2000fe00    00000200   00000000    rw-
  2000fe00    2000fe00    00000200   00000000    rw- .stack


SECTION ALLOCATION MAP

 output                                  attributes/
section   page    origin      length       input sections
--------  ----  ----------  ----------   ----------------
.intvecs   0    00000000    000000e4     
                  00000000    000000e4     startup_msp432p401r_ccs.obj (.intvecs:retain)

.text      0    000000e4    00000a3c     
                  000000e4    00000334     system_msp432p401r.obj (.text)
                  00000418    000002c4     Stepper.obj (.text)
                  000006dc    00000148     main.obj (.text)
                  00000824    000000ac     SysTick.obj (.text)
                  000008d0    0000009c     rtsv7M4_T_le_v4SPD16_eabi.lib : memcpy_t2.asm.obj (.text)
                  0000096c    00000094     Clock_48MHz.obj (.text)
                  00000a00    00000068     rtsv7M4_T_le_v4SPD16_eabi.lib : copy_decompress_lzss.c.obj (.text:decompress:lzss:__TI_decompress_lzss)
                  00000a68    00000044                                   : autoinit.c.obj (.text:__TI_auto_init_nobinit_nopinit:__TI_auto_init_nobinit_nopinit)
                  00000aac    00000034                                   : boot_cortex_m.c.obj (.text:_c_int00_noargs:_c_int00_noargs)
                  00000ae0    0000001c                                   : copy_zero_init.c.obj (.text:decompress:ZI:__TI_zero_init_nomemset:__TI_zero_init_nomemset)
                  00000afc    0000000e                                   : copy_decompress_none.c.obj (.text:decompress:none:__TI_decompress_none)
                  00000b0a    0000000e     startup_msp432p401r_ccs.obj (.text)
                  00000b18    00000004     rtsv7M4_T_le_v4SPD16_eabi.lib : pre_init.c.obj (.text:_system_pre_init)
                  00000b1c    00000004                                   : exit.c.obj (.text:abort:abort)

.cinit     0    00000b20    00000038     
                  00000b20    0000000f     (.cinit..data.load) [load image, compression = lzss]
                  00000b2f    00000001     --HOLE-- [fill = 0]
                  00000b30    0000000c     (__TI_handler_table)
                  00000b3c    00000004     --HOLE-- [fill = 0]
                  00000b40    00000008     (.cinit..bss.load) [load image, compression = zero_init]
                  00000b48    00000010     (__TI_cinit_table)

.init_array 
*          0    00000000    00000000     UNINITIALIZED

.binit     0    00000000    00000000     

.data      0    20000000    0000000c     UNINITIALIZED
                  20000000    00000006     Stepper.obj (.data)
                  20000006    00000002     main.obj (.data)
                  20000008    00000004     system_msp432p401r.obj (.data)

.bss       0    2000000c    00000006     UNINITIALIZED
                  2000000c    00000002     (.common:Stepper_Step)
                  2000000e    00000002     (.common:Stepper_StepsMoved)
                  20000010    00000001     (.common:Stepper_Interrupt)
                  20000011    00000001     (.common:Stepper_Zero)

.stack     0    2000fe00    00000200     UNINITIALIZED
                  2000fe00    00000004     rtsv7M4_T_le_v4SPD16_eabi.lib : boot_cortex_m.c.obj (.stack)
                  2000fe04    000001fc     --HOLE--

__llvm_prf_cnts 
*          0    20000000    00000000     UNINITIALIZED

MODULE SUMMARY

       Module                        code   ro data   rw data
       ------                        ----   -------   -------
    ./
       system_msp432p401r.obj        820    0         8      
       Stepper.obj                   708    0         24     
       main.obj                      328    0         4      
       startup_msp432p401r_ccs.obj   14     228       0      
       SysTick.obj                   172    0         0      
       Clock_48MHz.obj               148    0         0      
    +--+-----------------------------+------+---------+---------+
       Total:                        2190   228       36     
                                                             
    /Applications/ti/ccs1010/ccs/tools/compiler/ti-cgt-arm_20.2.2.LTS/lib/rtsv7M4_T_le_v4SPD16_eabi.lib
       memcpy_t2.asm.obj             156    0         0      
       copy_decompress_lzss.c.obj    104    0         0      
       autoinit.c.obj                68     0         0      
       boot_cortex_m.c.obj           52     0         0      
       copy_zero_init.c.obj          28     0         0      
       copy_decompress_none.c.obj    14     0         0      
       exit.c.obj                    4      0         0      
       pre_init.c.obj                4      0         0      
    +--+-----------------------------+------+---------+---------+
       Total:                        430    0         0      
                                                             
       Stack:                        0      0         1024   
       Linker Generated:             0      51        0      
    +--+-----------------------------+------+---------+---------+
       Grand Total:                  2620   279       1060   


LINKER GENERATED COPY TABLES

__TI_cinit_table @ 00000b48 records: 2, size/record: 8, table size: 16
	.data: load addr=00000b20, load size=0000000f bytes, run addr=20000000, run size=0000000c bytes, compression=lzss
	.bss: load addr=00000b40, load size=00000008 bytes, run addr=2000000c, run size=00000006 bytes, compression=zero_init


LINKER GENERATED HANDLER TABLE

__TI_handler_table @ 00000b30 records: 3, size/record: 4, table size: 12
	index: 0, handler: __TI_decompress_lzss
	index: 1, handler: __TI_decompress_none
	index: 2, handler: __TI_zero_init


GLOBAL SYMBOLS: SORTED ALPHABETICALLY BY Name 

address   name                          
-------   ----                          
00000b17  ADC14_IRQHandler              
00000b17  AES256_IRQHandler             
00000b17  BusFault_Handler              
0000078f  Button_P6_Init                
20000006  Button_Pressed                
00000b1d  C$$EXIT                       
00000b17  COMP_E0_IRQHandler            
00000b17  COMP_E1_IRQHandler            
00000b17  CS_IRQHandler                 
0000096d  Clock_Init48MHz               
00000b17  DMA_ERR_IRQHandler            
00000b17  DMA_INT0_IRQHandler           
00000b17  DMA_INT1_IRQHandler           
00000b17  DMA_INT2_IRQHandler           
00000b17  DMA_INT3_IRQHandler           
00000b17  DebugMon_Handler              
00000b17  Default_Handler               
00000b17  EUSCIA0_IRQHandler            
00000b17  EUSCIA1_IRQHandler            
00000b17  EUSCIA2_IRQHandler            
00000b17  EUSCIA3_IRQHandler            
00000b17  EUSCIB0_IRQHandler            
00000b17  EUSCIB1_IRQHandler            
00000b17  EUSCIB2_IRQHandler            
00000b17  EUSCIB3_IRQHandler            
00000b17  FLCTL_IRQHandler              
00000b17  FPU_IRQHandler                
00000b17  HardFault_Handler             
20000007  Increment                     
00000757  Init                          
00000b17  MemManage_Handler             
00000b17  NMI_Handler                   
00000b17  PCM_IRQHandler                
00000b17  PORT1_IRQHandler              
00000b17  PORT2_IRQHandler              
00000b17  PORT3_IRQHandler              
00000b17  PORT4_IRQHandler              
00000b17  PORT5_IRQHandler              
00000771  PORT6_IRQHandler              
00000771  PORT6_IRQHandler              
00000b17  PSS_IRQHandler                
00000b17  PendSV_Handler                
00000b17  RTC_C_IRQHandler              
00000b0b  Reset_Handler                 
00000b17  SVC_Handler                   
20000010  Stepper_Interrupt             
00000445  Stepper_P7_Init               
2000000c  Stepper_Step                  
2000000e  Stepper_StepsMoved            
00000671  Stepper_Timer32_1_Init        
00000493  Stepper_Update                
00000609  Stepper_UpdateFrequency       
20000011  Stepper_Zero                  
00000841  SysTick_Delay_ms              
00000895  SysTick_Delay_us              
00000b17  SysTick_Handler               
00000825  SysTick_Init                  
20000008  SystemCoreClock               
000000e5  SystemCoreClockUpdate         
0000035d  SystemInit                    
0000068f  T32_INT1_IRQHandler           
0000068f  T32_INT1_IRQHandler           
00000b17  T32_INT2_IRQHandler           
00000b17  T32_INTC_IRQHandler           
00000b17  TA0_0_IRQHandler              
00000b17  TA0_N_IRQHandler              
00000b17  TA1_0_IRQHandler              
00000b17  TA1_N_IRQHandler              
00000b17  TA2_0_IRQHandler              
00000b17  TA2_N_IRQHandler              
00000b17  TA3_0_IRQHandler              
00000b17  TA3_N_IRQHandler              
00000b17  UsageFault_Handler            
4000480c  WDTCTL_SYM                    
00000b17  WDT_A_IRQHandler              
20010000  __STACK_END                   
00000200  __STACK_SIZE                  
00000b48  __TI_CINIT_Base               
00000b58  __TI_CINIT_Limit              
00000b30  __TI_Handler_Table_Base       
00000b3c  __TI_Handler_Table_Limit      
00000a69  __TI_auto_init_nobinit_nopinit
00000a01  __TI_decompress_lzss          
00000afd  __TI_decompress_none          
ffffffff  __TI_pprof_out_hndl           
ffffffff  __TI_prof_data_size           
ffffffff  __TI_prof_data_start          
00000000  __TI_static_base__            
00000ae1  __TI_zero_init_nomemset       
000008d1  __aeabi_memcpy                
000008d1  __aeabi_memcpy4               
000008d1  __aeabi_memcpy8               
ffffffff  __binit__                     
ffffffff  __c_args__                    
UNDEFED   __mpu_init                    
2000fe00  __stack                       
20000000  __start___llvm_prf_cnts       
20000000  __stop___llvm_prf_cnts        
00000aad  _c_int00_noargs               
UNDEFED   _system_post_cinit            
00000b19  _system_pre_init              
00000b1d  abort                         
ffffffff  binit                         
00000000  interruptVectors              
00000709  main                          
000008d1  memcpy                        


GLOBAL SYMBOLS: SORTED BY Symbol Address 

address   name                          
-------   ----                          
00000000  __TI_static_base__            
00000000  interruptVectors              
000000e5  SystemCoreClockUpdate         
00000200  __STACK_SIZE                  
0000035d  SystemInit                    
00000445  Stepper_P7_Init               
00000493  Stepper_Update                
00000609  Stepper_UpdateFrequency       
00000671  Stepper_Timer32_1_Init        
0000068f  T32_INT1_IRQHandler           
0000068f  T32_INT1_IRQHandler           
00000709  main                          
00000757  Init                          
00000771  PORT6_IRQHandler              
00000771  PORT6_IRQHandler              
0000078f  Button_P6_Init                
00000825  SysTick_Init                  
00000841  SysTick_Delay_ms              
00000895  SysTick_Delay_us              
000008d1  __aeabi_memcpy                
000008d1  __aeabi_memcpy4               
000008d1  __aeabi_memcpy8               
000008d1  memcpy                        
0000096d  Clock_Init48MHz               
00000a01  __TI_decompress_lzss          
00000a69  __TI_auto_init_nobinit_nopinit
00000aad  _c_int00_noargs               
00000ae1  __TI_zero_init_nomemset       
00000afd  __TI_decompress_none          
00000b0b  Reset_Handler                 
00000b17  ADC14_IRQHandler              
00000b17  AES256_IRQHandler             
00000b17  BusFault_Handler              
00000b17  COMP_E0_IRQHandler            
00000b17  COMP_E1_IRQHandler            
00000b17  CS_IRQHandler                 
00000b17  DMA_ERR_IRQHandler            
00000b17  DMA_INT0_IRQHandler           
00000b17  DMA_INT1_IRQHandler           
00000b17  DMA_INT2_IRQHandler           
00000b17  DMA_INT3_IRQHandler           
00000b17  DebugMon_Handler              
00000b17  Default_Handler               
00000b17  EUSCIA0_IRQHandler            
00000b17  EUSCIA1_IRQHandler            
00000b17  EUSCIA2_IRQHandler            
00000b17  EUSCIA3_IRQHandler            
00000b17  EUSCIB0_IRQHandler            
00000b17  EUSCIB1_IRQHandler            
00000b17  EUSCIB2_IRQHandler            
00000b17  EUSCIB3_IRQHandler            
00000b17  FLCTL_IRQHandler              
00000b17  FPU_IRQHandler                
00000b17  HardFault_Handler             
00000b17  MemManage_Handler             
00000b17  NMI_Handler                   
00000b17  PCM_IRQHandler                
00000b17  PORT1_IRQHandler              
00000b17  PORT2_IRQHandler              
00000b17  PORT3_IRQHandler              
00000b17  PORT4_IRQHandler              
00000b17  PORT5_IRQHandler              
00000b17  PSS_IRQHandler                
00000b17  PendSV_Handler                
00000b17  RTC_C_IRQHandler              
00000b17  SVC_Handler                   
00000b17  SysTick_Handler               
00000b17  T32_INT2_IRQHandler           
00000b17  T32_INTC_IRQHandler           
00000b17  TA0_0_IRQHandler              
00000b17  TA0_N_IRQHandler              
00000b17  TA1_0_IRQHandler              
00000b17  TA1_N_IRQHandler              
00000b17  TA2_0_IRQHandler              
00000b17  TA2_N_IRQHandler              
00000b17  TA3_0_IRQHandler              
00000b17  TA3_N_IRQHandler              
00000b17  UsageFault_Handler            
00000b17  WDT_A_IRQHandler              
00000b19  _system_pre_init              
00000b1d  C$$EXIT                       
00000b1d  abort                         
00000b30  __TI_Handler_Table_Base       
00000b3c  __TI_Handler_Table_Limit      
00000b48  __TI_CINIT_Base               
00000b58  __TI_CINIT_Limit              
20000000  __start___llvm_prf_cnts       
20000000  __stop___llvm_prf_cnts        
20000006  Button_Pressed                
20000007  Increment                     
20000008  SystemCoreClock               
2000000c  Stepper_Step                  
2000000e  Stepper_StepsMoved            
20000010  Stepper_Interrupt             
20000011  Stepper_Zero                  
2000fe00  __stack                       
20010000  __STACK_END                   
4000480c  WDTCTL_SYM                    
ffffffff  __TI_pprof_out_hndl           
ffffffff  __TI_prof_data_size           
ffffffff  __TI_prof_data_start          
ffffffff  __binit__                     
ffffffff  __c_args__                    
ffffffff  binit                         
UNDEFED   __mpu_init                    
UNDEFED   _system_post_cinit            

[106 symbols]
