******************************************************************************
                  TI ARM Linker Unix v20.2.2                   
******************************************************************************
>> Linked Sat Oct  3 09:39:34 2020

OUTPUT FILE NAME:   <Lab 5 - Part 1.out>
ENTRY POINT SYMBOL: "_c_int00_noargs"  address: 000035f1


MEMORY CONFIGURATION

         name            origin    length      used     unused   attr    fill
----------------------  --------  ---------  --------  --------  ----  --------
  MAIN                  00000000   00040000  00003a41  0003c5bf  R  X
  INFO                  00200000   00004000  00000000  00004000  R  X
  SRAM_CODE             01000000   00010000  000009b9  0000f647  RW X
  SRAM_DATA             20000000   00010000  000009b9  0000f647  RW  


SEGMENT ALLOCATION MAP

run origin  load origin   length   init length attrs members
----------  ----------- ---------- ----------- ----- -------
00000000    00000000    00003a48   00003a48    r-x
  00000000    00000000    000000e4   000000e4    r-- .intvecs
  000000e4    000000e4    00003778   00003778    r-x .text
  0000385c    0000385c    0000014d   0000014d    r-- .const
  000039b0    000039b0    00000098   00000098    r-- .cinit
20000000    20000000    000007b9   00000000    rw-
  20000000    20000000    00000400   00000000    rw- .sysmem
  20000400    20000400    000001f0   00000000    rw- .data
  200005f0    200005f0    000001c9   00000000    rw- .bss
2000fe00    2000fe00    00000200   00000000    rw-
  2000fe00    2000fe00    00000200   00000000    rw- .stack


SECTION ALLOCATION MAP

 output                                  attributes/
section   page    origin      length       input sections
--------  ----  ----------  ----------   ----------------
.intvecs   0    00000000    000000e4     
                  00000000    000000e4     startup_msp432p401r_ccs.obj (.intvecs:retain)

.text      0    000000e4    00003778     
                  000000e4    00000a4e     rtsv7M4_T_le_v4SPD16_eabi.lib : _printfi.c.obj (.text:__TI_printfi)
                  00000b32    00000002                                   : _lock.c.obj (.text:_nop)
                  00000b34    00000410     main.obj (.text)
                  00000f44    00000334     system_msp432p401r.obj (.text)
                  00001278    00000318     DS3231_RTC.obj (.text)
                  00001590    000002a0     Keypad.obj (.text)
                  00001830    00000270     rtsv7M4_T_le_v4SPD16_eabi.lib : _printfi.c.obj (.text:_pconv_a)
                  00001aa0    000001d0                                   : _printfi.c.obj (.text:_pconv_g)
                  00001c70    000001b6                                   : fd_add_t2.asm.obj (.text)
                  00001e26    00000002                                   : div0.asm.obj (.text)
                  00001e28    0000013c                                   : _printfi.c.obj (.text:_pconv_e)
                  00001f64    00000136                                   : fd_div_t2.asm.obj (.text)
                  0000209a    00000002     --HOLE-- [fill = 0]
                  0000209c    00000124                                   : _printfi.c.obj (.text:fcvt)
                  000021c0    00000114                                   : fputs.c.obj (.text:fputs)
                  000022d4    00000110                                   : s_scalbn.c.obj (.text:scalbn)
                  000023e4    00000100                                   : memory.c.obj (.text:aligned_alloc)
                  000024e4    000000fc                                   : fd_mul_t2.asm.obj (.text)
                  000025e0    000000e4                                   : memory.c.obj (.text:free)
                  000026c4    000000dc                                   : setvbuf.c.obj (.text:setvbuf)
                  000027a0    000000b1                                   : _printfi.c.obj (.text:_ltostr)
                  00002851    00000001     --HOLE-- [fill = 0]
                  00002852    0000009c                                   : memcpy_t2.asm.obj (.text)
                  000028ee    00000096                                   : ull_div_t2.asm.obj (.text)
                  00002984    0000008c                                   : fputc.c.obj (.text:fputc)
                  00002a10    00000086                                   : fd_cmp_t2.asm.obj (.text:__aeabi_cdcmple)
                  00002a96    00000086                                   : fd_cmp_t2.asm.obj (.text:__aeabi_cdrcmple)
                  00002b1c    0000007c     SysTick.obj (.text)
                  00002b98    0000007a     rtsv7M4_T_le_v4SPD16_eabi.lib : memset_t2.asm.obj (.text)
                  00002c12    00000002     --HOLE-- [fill = 0]
                  00002c14    00000074                                   : fclose.c.obj (.text:__TI_closefile)
                  00002c88    00000070                                   : memory.c.obj (.text:split)
                  00002cf8    0000006e                                   : _printfi.c.obj (.text:_mcpy)
                  00002d66    00000002     --HOLE-- [fill = 0]
                  00002d68    0000006c                                   : hostrename.c.obj (.text:HOSTrename)
                  00002dd4    00000068                                   : hostlseek.c.obj (.text:HOSTlseek)
                  00002e3c    00000068                                   : copy_decompress_lzss.c.obj (.text:decompress:lzss:__TI_decompress_lzss)
                  00002ea4    00000068                                   : printf.c.obj (.text:printf)
                  00002f0c    00000064                                   : s_frexp.c.obj (.text:frexp)
                  00002f70    00000064                                   : fseek.c.obj (.text:fseek)
                  00002fd4    00000062                                   : _io_perm.c.obj (.text:__TI_wrt_ok)
                  00003036    00000002     --HOLE-- [fill = 0]
                  00003038    00000060                                   : hostopen.c.obj (.text:HOSTopen)
                  00003098    0000005c                                   : close.c.obj (.text:close)
                  000030f4    00000058                                   : hostread.c.obj (.text:HOSTread)
                  0000314c    00000058                                   : hostwrite.c.obj (.text:HOSTwrite)
                  000031a4    00000056                                   : _printfi.c.obj (.text:_pconv_f)
                  000031fa    00000054                                   : _ltoa.c.obj (.text:__TI_ltoa)
                  0000324e    00000052                                   : _printfi.c.obj (.text:_ecpy)
                  000032a0    0000004c                                   : fflush.c.obj (.text:__TI_doflush)
                  000032ec    0000004c                                   : atoi.c.obj (.text:atoi)
                  00003338    00000048                                   : exit.c.obj (.text:exit)
                  00003380    00000048                                   : fd_toi_t2.asm.obj (.text)
                  000033c8    00000044                                   : hostclose.c.obj (.text:HOSTclose)
                  0000340c    00000044                                   : hostunlink.c.obj (.text:HOSTunlink)
                  00003450    00000044                                   : autoinit.c.obj (.text:__TI_auto_init_nobinit_nopinit:__TI_auto_init_nobinit_nopinit)
                  00003494    00000044                                   : getdevice.c.obj (.text:getdevice)
                  000034d8    0000003e                                   : _printfi.c.obj (.text:_fcpy)
                  00003516    00000002     --HOLE-- [fill = 0]
                  00003518    00000038                                   : trgmsg.c.obj (.text:__TI_writemsg)
                  00003550    00000036                                   : strncpy.c.obj (.text:strncpy)
                  00003586    00000002     --HOLE-- [fill = 0]
                  00003588    00000034                                   : fopen.c.obj (.text:__TI_cleanup)
                  000035bc    00000034                                   : trgmsg.c.obj (.text:__TI_readmsg)
                  000035f0    00000034                                   : boot_cortex_m.c.obj (.text:_c_int00_noargs:_c_int00_noargs)
                  00003624    00000030                                   : getdevice.c.obj (.text:finddevice)
                  00003654    0000002e                                   : i_tofd_t2.asm.obj (.text)
                  00003682    00000002     --HOLE-- [fill = 0]
                  00003684    0000002c                                   : unlink.c.obj (.text:unlink)
                  000036b0    00000028                                   : memory.c.obj (.text:free_list_insert)
                  000036d8    00000028                                   : lseek.c.obj (.text:lseek)
                  00003700    00000028                                   : write.c.obj (.text:write)
                  00003728    00000020                                   : memchr.c.obj (.text:memchr)
                  00003748    0000001c                                   : copy_zero_init.c.obj (.text:decompress:ZI:__TI_zero_init_nomemset:__TI_zero_init_nomemset)
                  00003764    0000001c                                   : memory.c.obj (.text:free_list_remove)
                  00003780    0000001c                                   : memccpy.c.obj (.text:memccpy)
                  0000379c    0000001a                                   : s_copysign.c.obj (.text:copysign)
                  000037b6    00000018                                   : strcmp.c.obj (.text:strcmp)
                  000037ce    00000016                                   : strchr.c.obj (.text:strchr)
                  000037e4    00000014                                   : strcpy.c.obj (.text:strcpy)
                  000037f8    00000014                                   : strlen.c.obj (.text:strlen)
                  0000380c    00000012                                   : wcslen.c.obj (.text:wcslen)
                  0000381e    0000000e                                   : copy_decompress_none.c.obj (.text:decompress:none:__TI_decompress_none)
                  0000382c    0000000e     startup_msp432p401r_ccs.obj (.text)
                  0000383a    00000002     --HOLE-- [fill = 0]
                  0000383c    00000008     rtsv7M4_T_le_v4SPD16_eabi.lib : errno.c.obj (.text:__aeabi_errno_addr)
                  00003844    00000008                                   : memory.c.obj (.text:malloc)
                  0000384c    00000004                                   : printf.c.obj (.text:_outc)
                  00003850    00000004                                   : printf.c.obj (.text:_outs)
                  00003854    00000004                                   : pre_init.c.obj (.text:_system_pre_init)
                  00003858    00000004                                   : exit.c.obj (.text:abort:abort)

.const     0    0000385c    0000014d     
                  0000385c    00000101     rtsv7M4_T_le_v4SPD16_eabi.lib : ctype.c.obj (.const:.string:_ctypes_)
                  0000395d    00000030     DS3231_RTC.obj (.const:$P$T1$2)
                  0000398d    0000001c     DS3231_RTC.obj (.const:$P$T0$1)

.cinit     0    000039b0    00000098     
                  000039b0    00000071     (.cinit..data.load) [load image, compression = lzss]
                  00003a21    00000003     --HOLE-- [fill = 0]
                  00003a24    0000000c     (__TI_handler_table)
                  00003a30    00000008     (.cinit..bss.load) [load image, compression = zero_init]
                  00003a38    00000010     (__TI_cinit_table)

.init_array 
*          0    00000000    00000000     UNINITIALIZED

.binit     0    00000000    00000000     

.sysmem    0    20000000    00000400     UNINITIALIZED
                  20000000    00000010     rtsv7M4_T_le_v4SPD16_eabi.lib : memory.c.obj (.sysmem)
                  20000010    000003f0     --HOLE--

.data      0    20000400    000001f0     UNINITIALIZED
                  20000400    000000f0     rtsv7M4_T_le_v4SPD16_eabi.lib : defs.c.obj (.data:_ftable)
                  200004f0    00000078                                   : host_device.c.obj (.data:_device)
                  20000568    00000050                                   : host_device.c.obj (.data:_stream)
                  200005b8    00000010                                   : defs.c.obj (.data)
                  200005c8    0000000c                                   : exit.c.obj (.data:$O1$$)
                  200005d4    00000008                                   : _lock.c.obj (.data:$O1$$)
                  200005dc    00000008                                   : memory.c.obj (.data:$O1$$)
                  200005e4    00000004     main.obj (.data)
                  200005e8    00000004     rtsv7M4_T_le_v4SPD16_eabi.lib : errno.c.obj (.data)
                  200005ec    00000004     system_msp432p401r.obj (.data)

.bss       0    200005f0    000001c9     UNINITIALIZED
                  200005f0    00000120     rtsv7M4_T_le_v4SPD16_eabi.lib : trgmsg.c.obj (.bss:_CIOBUF_)
                  20000710    000000a0     (.common:__TI_tmpnams)
                  200007b0    00000008     (.common:parmbuf)
                  200007b8    00000001     (.common:Keypad_Interrupt)

.stack     0    2000fe00    00000200     UNINITIALIZED
                  2000fe00    00000004     rtsv7M4_T_le_v4SPD16_eabi.lib : boot_cortex_m.c.obj (.stack)
                  2000fe04    000001fc     --HOLE--

__llvm_prf_cnts 
*          0    20000000    00000000     UNINITIALIZED

MODULE SUMMARY

       Module                        code    ro data   rw data
       ------                        ----    -------   -------
    ./
       main.obj                      1040    0         8      
       DS3231_RTC.obj                792     76        0      
       system_msp432p401r.obj        820     0         8      
       Keypad.obj                    672     0         2      
       startup_msp432p401r_ccs.obj   14      228       0      
       SysTick.obj                   124     0         0      
    +--+-----------------------------+-------+---------+---------+
       Total:                        3462    304       18     
                                                              
    /Applications/ti/ccs1010/ccs/tools/compiler/ti-cgt-arm_20.2.2.LTS/lib/rtsv7M4_T_le_v4SPD16_eabi.lib
       _printfi.c.obj                4851    0         0      
       defs.c.obj                    0       0         832    
       memory.c.obj                  672     0         16     
       trgmsg.c.obj                  108     0         576    
       fd_add_t2.asm.obj             438     0         0      
       host_device.c.obj             0       0         400    
       fd_div_t2.asm.obj             310     0         0      
       fputs.c.obj                   276     0         0      
       s_scalbn.c.obj                272     0         0      
       fd_cmp_t2.asm.obj             268     0         0      
       ctype.c.obj                   0       257       0      
       fd_mul_t2.asm.obj             252     0         0      
       setvbuf.c.obj                 220     0         0      
       memcpy_t2.asm.obj             156     0         0      
       ull_div_t2.asm.obj            150     0         0      
       fputc.c.obj                   140     0         0      
       memset_t2.asm.obj             122     0         0      
       fclose.c.obj                  116     0         0      
       getdevice.c.obj               116     0         0      
       hostopen.c.obj                96      0         16     
       printf.c.obj                  112     0         0      
       hostrename.c.obj              108     0         0      
       copy_decompress_lzss.c.obj    104     0         0      
       hostlseek.c.obj               104     0         0      
       exit.c.obj                    76      0         24     
       fseek.c.obj                   100     0         0      
       s_frexp.c.obj                 100     0         0      
       _io_perm.c.obj                98      0         0      
       close.c.obj                   92      0         0      
       hostread.c.obj                88      0         0      
       hostwrite.c.obj               88      0         0      
       _ltoa.c.obj                   84      0         0      
       atoi.c.obj                    76      0         0      
       fflush.c.obj                  76      0         0      
       fd_toi_t2.asm.obj             72      0         0      
       autoinit.c.obj                68      0         0      
       hostclose.c.obj               68      0         0      
       hostunlink.c.obj              68      0         0      
       strncpy.c.obj                 54      0         0      
       boot_cortex_m.c.obj           52      0         0      
       fopen.c.obj                   52      0         0      
       i_tofd_t2.asm.obj             46      0         0      
       unlink.c.obj                  44      0         0      
       lseek.c.obj                   40      0         0      
       write.c.obj                   40      0         0      
       memchr.c.obj                  32      0         0      
       copy_zero_init.c.obj          28      0         0      
       memccpy.c.obj                 28      0         0      
       s_copysign.c.obj              26      0         0      
       strcmp.c.obj                  24      0         0      
       strchr.c.obj                  22      0         0      
       strcpy.c.obj                  20      0         0      
       strlen.c.obj                  20      0         0      
       _lock.c.obj                   2       0         16     
       wcslen.c.obj                  18      0         0      
       errno.c.obj                   8       0         8      
       copy_decompress_none.c.obj    14      0         0      
       pre_init.c.obj                4       0         0      
       div0.asm.obj                  2       0         0      
    +--+-----------------------------+-------+---------+---------+
       Total:                        10721   257       1888   
                                                              
       Heap:                         0       0         2048   
       Stack:                        0       0         1024   
       Linker Generated:             0       149       0      
    +--+-----------------------------+-------+---------+---------+
       Grand Total:                  14183   710       4978   


LINKER GENERATED COPY TABLES

__TI_cinit_table @ 00003a38 records: 2, size/record: 8, table size: 16
	.data: load addr=000039b0, load size=00000071 bytes, run addr=20000400, run size=000001f0 bytes, compression=lzss
	.bss: load addr=00003a30, load size=00000008 bytes, run addr=200005f0, run size=000001c9 bytes, compression=zero_init


LINKER GENERATED HANDLER TABLE

__TI_handler_table @ 00003a24 records: 3, size/record: 4, table size: 12
	index: 0, handler: __TI_decompress_lzss
	index: 1, handler: __TI_decompress_none
	index: 2, handler: __TI_zero_init


GLOBAL SYMBOLS: SORTED ALPHABETICALLY BY Name 

address   name                           
-------   ----                           
00003839  ADC14_IRQHandler               
00003839  AES256_IRQHandler              
00003839  BusFault_Handler               
00003859  C$$EXIT                        
00003547  C$$IO$$                        
00003839  COMP_E0_IRQHandler             
00003839  COMP_E1_IRQHandler             
00003839  CS_IRQHandler                  
00003839  DMA_ERR_IRQHandler             
00003839  DMA_INT0_IRQHandler            
00003839  DMA_INT1_IRQHandler            
00003839  DMA_INT2_IRQHandler            
00003839  DMA_INT3_IRQHandler            
00003839  DebugMon_Handler               
00003839  Default_Handler                
00003839  EUSCIA0_IRQHandler             
00003839  EUSCIA1_IRQHandler             
00003839  EUSCIA2_IRQHandler             
00003839  EUSCIA3_IRQHandler             
00003839  EUSCIB0_IRQHandler             
00003839  EUSCIB1_IRQHandler             
00003839  EUSCIB2_IRQHandler             
00003839  EUSCIB3_IRQHandler             
00003839  FLCTL_IRQHandler               
00003839  FPU_IRQHandler                 
000033c9  HOSTclose                      
00002dd5  HOSTlseek                      
00003039  HOSTopen                       
000030f5  HOSTread                       
00002d69  HOSTrename                     
0000340d  HOSTunlink                     
0000314d  HOSTwrite                      
00003839  HardFault_Handler              
00000cc9  Init                           
00001607  Keypad_Col_P5_Init             
00001631  Keypad_Disable                 
00001643  Keypad_Enable                  
200007b8  Keypad_Interrupt               
00001789  Keypad_PrintKey                
0000166d  Keypad_Read                    
000015bd  Keypad_Row_P2_Init             
00003839  MemManage_Handler              
00003839  NMI_Handler                    
00003839  PCM_IRQHandler                 
00003839  PORT1_IRQHandler               
0000165b  PORT2_IRQHandler               
0000165b  PORT2_IRQHandler               
00003839  PORT3_IRQHandler               
00003839  PORT4_IRQHandler               
00003839  PORT5_IRQHandler               
00003839  PORT6_IRQHandler               
00003839  PSS_IRQHandler                 
00003839  PendSV_Handler                 
00001495  RTC_BCD_to_Decimal             
00003839  RTC_C_IRQHandler               
000014bd  RTC_Decimal_to_BCD             
00001341  RTC_I2C1_BurstRead             
000012b1  RTC_I2C1_BurstWrite            
00001279  RTC_I2C1_Init                  
000014eb  RTC_Integers_to_BCD            
00001415  RTC_PrintTime                  
0000382d  Reset_Handler                  
00003839  SVC_Handler                    
200005e4  State                          
00002b39  SysTick_Delay_ms               
00002b63  SysTick_Delay_us               
00003839  SysTick_Handler                
00002b1d  SysTick_Init                   
200005ec  SystemCoreClock                
00000f45  SystemCoreClockUpdate          
000011bd  SystemInit                     
00003839  T32_INT1_IRQHandler            
00003839  T32_INT2_IRQHandler            
00003839  T32_INTC_IRQHandler            
00003839  TA0_0_IRQHandler               
00003839  TA0_N_IRQHandler               
00003839  TA1_0_IRQHandler               
00003839  TA1_N_IRQHandler               
00003839  TA2_0_IRQHandler               
00003839  TA2_N_IRQHandler               
00003839  TA3_0_IRQHandler               
00003839  TA3_N_IRQHandler               
00003839  UsageFault_Handler             
4000480c  WDTCTL_SYM                     
00003839  WDT_A_IRQHandler               
200005f0  __CIOBUF_                      
20010000  __STACK_END                    
00000200  __STACK_SIZE                   
00000400  __SYSMEM_SIZE                  
00003a38  __TI_CINIT_Base                
00003a48  __TI_CINIT_Limit               
00003a24  __TI_Handler_Table_Base        
00003a30  __TI_Handler_Table_Limit       
00003451  __TI_auto_init_nobinit_nopinit 
00003589  __TI_cleanup                   
200005c8  __TI_cleanup_ptr               
00002c15  __TI_closefile                 
00002e3d  __TI_decompress_lzss           
0000381f  __TI_decompress_none           
000032a1  __TI_doflush                   
200005cc  __TI_dtors_ptr                 
200005d0  __TI_enable_exit_profile_output
200005b8  __TI_ft_end                    
000031fb  __TI_ltoa                      
ffffffff  __TI_pprof_out_hndl            
000000e5  __TI_printfi                   
ffffffff  __TI_prof_data_size            
ffffffff  __TI_prof_data_start           
000035bd  __TI_readmsg                   
00000000  __TI_static_base__             
20000710  __TI_tmpnams                   
00003519  __TI_writemsg                  
00002fd5  __TI_wrt_ok                    
00003749  __TI_zero_init_nomemset        
00002a11  __aeabi_cdcmpeq                
00002a11  __aeabi_cdcmple                
00002a97  __aeabi_cdrcmple               
00003381  __aeabi_d2iz                   
00001c7b  __aeabi_dadd                   
00001f65  __aeabi_ddiv                   
000024e5  __aeabi_dmul                   
00001c71  __aeabi_dsub                   
0000383d  __aeabi_errno_addr             
00003655  __aeabi_i2d                    
00001e27  __aeabi_idiv0                  
00001e27  __aeabi_ldiv0                  
00002b99  __aeabi_memclr                 
00002b99  __aeabi_memclr4                
00002b99  __aeabi_memclr8                
00002853  __aeabi_memcpy                 
00002853  __aeabi_memcpy4                
00002853  __aeabi_memcpy8                
00002b9b  __aeabi_memset                 
00002b9b  __aeabi_memset4                
00002b9b  __aeabi_memset8                
200005c4  __aeabi_stderr                 
200005bc  __aeabi_stdin                  
200005c0  __aeabi_stdout                 
000028ef  __aeabi_uldivmod               
ffffffff  __binit__                      
ffffffff  __c_args__                     
UNDEFED   __mpu_init                     
2000fe00  __stack                        
20000000  __start___llvm_prf_cnts        
20000000  __stop___llvm_prf_cnts         
000035f1  _c_int00_noargs                
0000385c  _ctypes_                       
200004f0  _device                        
20000400  _ftable                        
200005d4  _lock                          
00000b33  _nop                           
20000568  _stream                        
20000000  _sys_memory                    
UNDEFED   _system_post_cinit             
00003855  _system_pre_init               
200005d8  _unlock                        
00003859  abort                          
000023e5  aligned_alloc                  
000032ed  atoi                           
ffffffff  binit                          
00003099  close                          
0000379d  copysign                       
0000379d  copysignl                      
200005e8  errno                          
00003339  exit                           
00003625  finddevice                     
00002985  fputc                          
000021c1  fputs                          
000025e1  free                           
00002f0d  frexp                          
00002f0d  frexpl                         
00002f71  fseek                          
00003495  getdevice                      
00000000  interruptVectors               
000022d5  ldexp                          
000022d5  ldexpl                         
000036d9  lseek                          
00000b35  main                           
00003845  malloc                         
000023e5  memalign                       
00003781  memccpy                        
00003729  memchr                         
00002853  memcpy                         
00002ba1  memset                         
200007b0  parmbuf                        
00002ea5  printf                         
00002985  putc                           
00003685  remove                         
000022d5  scalbn                         
000022d5  scalbnl                        
000026c5  setvbuf                        
000037cf  strchr                         
000037b7  strcmp                         
000037e5  strcpy                         
000037f9  strlen                         
00003551  strncpy                        
00003685  unlink                         
0000380d  wcslen                         
00003701  write                          


GLOBAL SYMBOLS: SORTED BY Symbol Address 

address   name                           
-------   ----                           
00000000  __TI_static_base__             
00000000  interruptVectors               
000000e5  __TI_printfi                   
00000200  __STACK_SIZE                   
00000400  __SYSMEM_SIZE                  
00000b33  _nop                           
00000b35  main                           
00000cc9  Init                           
00000f45  SystemCoreClockUpdate          
000011bd  SystemInit                     
00001279  RTC_I2C1_Init                  
000012b1  RTC_I2C1_BurstWrite            
00001341  RTC_I2C1_BurstRead             
00001415  RTC_PrintTime                  
00001495  RTC_BCD_to_Decimal             
000014bd  RTC_Decimal_to_BCD             
000014eb  RTC_Integers_to_BCD            
000015bd  Keypad_Row_P2_Init             
00001607  Keypad_Col_P5_Init             
00001631  Keypad_Disable                 
00001643  Keypad_Enable                  
0000165b  PORT2_IRQHandler               
0000165b  PORT2_IRQHandler               
0000166d  Keypad_Read                    
00001789  Keypad_PrintKey                
00001c71  __aeabi_dsub                   
00001c7b  __aeabi_dadd                   
00001e27  __aeabi_idiv0                  
00001e27  __aeabi_ldiv0                  
00001f65  __aeabi_ddiv                   
000021c1  fputs                          
000022d5  ldexp                          
000022d5  ldexpl                         
000022d5  scalbn                         
000022d5  scalbnl                        
000023e5  aligned_alloc                  
000023e5  memalign                       
000024e5  __aeabi_dmul                   
000025e1  free                           
000026c5  setvbuf                        
00002853  __aeabi_memcpy                 
00002853  __aeabi_memcpy4                
00002853  __aeabi_memcpy8                
00002853  memcpy                         
000028ef  __aeabi_uldivmod               
00002985  fputc                          
00002985  putc                           
00002a11  __aeabi_cdcmpeq                
00002a11  __aeabi_cdcmple                
00002a97  __aeabi_cdrcmple               
00002b1d  SysTick_Init                   
00002b39  SysTick_Delay_ms               
00002b63  SysTick_Delay_us               
00002b99  __aeabi_memclr                 
00002b99  __aeabi_memclr4                
00002b99  __aeabi_memclr8                
00002b9b  __aeabi_memset                 
00002b9b  __aeabi_memset4                
00002b9b  __aeabi_memset8                
00002ba1  memset                         
00002c15  __TI_closefile                 
00002d69  HOSTrename                     
00002dd5  HOSTlseek                      
00002e3d  __TI_decompress_lzss           
00002ea5  printf                         
00002f0d  frexp                          
00002f0d  frexpl                         
00002f71  fseek                          
00002fd5  __TI_wrt_ok                    
00003039  HOSTopen                       
00003099  close                          
000030f5  HOSTread                       
0000314d  HOSTwrite                      
000031fb  __TI_ltoa                      
000032a1  __TI_doflush                   
000032ed  atoi                           
00003339  exit                           
00003381  __aeabi_d2iz                   
000033c9  HOSTclose                      
0000340d  HOSTunlink                     
00003451  __TI_auto_init_nobinit_nopinit 
00003495  getdevice                      
00003519  __TI_writemsg                  
00003547  C$$IO$$                        
00003551  strncpy                        
00003589  __TI_cleanup                   
000035bd  __TI_readmsg                   
000035f1  _c_int00_noargs                
00003625  finddevice                     
00003655  __aeabi_i2d                    
00003685  remove                         
00003685  unlink                         
000036d9  lseek                          
00003701  write                          
00003729  memchr                         
00003749  __TI_zero_init_nomemset        
00003781  memccpy                        
0000379d  copysign                       
0000379d  copysignl                      
000037b7  strcmp                         
000037cf  strchr                         
000037e5  strcpy                         
000037f9  strlen                         
0000380d  wcslen                         
0000381f  __TI_decompress_none           
0000382d  Reset_Handler                  
00003839  ADC14_IRQHandler               
00003839  AES256_IRQHandler              
00003839  BusFault_Handler               
00003839  COMP_E0_IRQHandler             
00003839  COMP_E1_IRQHandler             
00003839  CS_IRQHandler                  
00003839  DMA_ERR_IRQHandler             
00003839  DMA_INT0_IRQHandler            
00003839  DMA_INT1_IRQHandler            
00003839  DMA_INT2_IRQHandler            
00003839  DMA_INT3_IRQHandler            
00003839  DebugMon_Handler               
00003839  Default_Handler                
00003839  EUSCIA0_IRQHandler             
00003839  EUSCIA1_IRQHandler             
00003839  EUSCIA2_IRQHandler             
00003839  EUSCIA3_IRQHandler             
00003839  EUSCIB0_IRQHandler             
00003839  EUSCIB1_IRQHandler             
00003839  EUSCIB2_IRQHandler             
00003839  EUSCIB3_IRQHandler             
00003839  FLCTL_IRQHandler               
00003839  FPU_IRQHandler                 
00003839  HardFault_Handler              
00003839  MemManage_Handler              
00003839  NMI_Handler                    
00003839  PCM_IRQHandler                 
00003839  PORT1_IRQHandler               
00003839  PORT3_IRQHandler               
00003839  PORT4_IRQHandler               
00003839  PORT5_IRQHandler               
00003839  PORT6_IRQHandler               
00003839  PSS_IRQHandler                 
00003839  PendSV_Handler                 
00003839  RTC_C_IRQHandler               
00003839  SVC_Handler                    
00003839  SysTick_Handler                
00003839  T32_INT1_IRQHandler            
00003839  T32_INT2_IRQHandler            
00003839  T32_INTC_IRQHandler            
00003839  TA0_0_IRQHandler               
00003839  TA0_N_IRQHandler               
00003839  TA1_0_IRQHandler               
00003839  TA1_N_IRQHandler               
00003839  TA2_0_IRQHandler               
00003839  TA2_N_IRQHandler               
00003839  TA3_0_IRQHandler               
00003839  TA3_N_IRQHandler               
00003839  UsageFault_Handler             
00003839  WDT_A_IRQHandler               
0000383d  __aeabi_errno_addr             
00003845  malloc                         
00003855  _system_pre_init               
00003859  C$$EXIT                        
00003859  abort                          
0000385c  _ctypes_                       
00003a24  __TI_Handler_Table_Base        
00003a30  __TI_Handler_Table_Limit       
00003a38  __TI_CINIT_Base                
00003a48  __TI_CINIT_Limit               
20000000  __start___llvm_prf_cnts        
20000000  __stop___llvm_prf_cnts         
20000000  _sys_memory                    
20000400  _ftable                        
200004f0  _device                        
20000568  _stream                        
200005b8  __TI_ft_end                    
200005bc  __aeabi_stdin                  
200005c0  __aeabi_stdout                 
200005c4  __aeabi_stderr                 
200005c8  __TI_cleanup_ptr               
200005cc  __TI_dtors_ptr                 
200005d0  __TI_enable_exit_profile_output
200005d4  _lock                          
200005d8  _unlock                        
200005e4  State                          
200005e8  errno                          
200005ec  SystemCoreClock                
200005f0  __CIOBUF_                      
20000710  __TI_tmpnams                   
200007b0  parmbuf                        
200007b8  Keypad_Interrupt               
2000fe00  __stack                        
20010000  __STACK_END                    
4000480c  WDTCTL_SYM                     
ffffffff  __TI_pprof_out_hndl            
ffffffff  __TI_prof_data_size            
ffffffff  __TI_prof_data_start           
ffffffff  __binit__                      
ffffffff  __c_args__                     
ffffffff  binit                          
UNDEFED   __mpu_init                     
UNDEFED   _system_post_cinit             

[199 symbols]
