******************************************************************************
                  TI ARM Linker Unix v20.2.2                   
******************************************************************************
>> Linked Thu Oct  1 08:54:30 2020

OUTPUT FILE NAME:   <Lab 5 - Part 0.out>
ENTRY POINT SYMBOL: "_c_int00_noargs"  address: 00003491


MEMORY CONFIGURATION

         name            origin    length      used     unused   attr    fill
----------------------  --------  ---------  --------  --------  ----  --------
  MAIN                  00000000   00040000  000038e1  0003c71f  R  X
  INFO                  00200000   00004000  00000000  00004000  R  X
  SRAM_CODE             01000000   00010000  000009b6  0000f64a  RW X
  SRAM_DATA             20000000   00010000  000009b6  0000f64a  RW  


SEGMENT ALLOCATION MAP

run origin  load origin   length   init length attrs members
----------  ----------- ---------- ----------- ----- -------
00000000    00000000    000038e8   000038e8    r-x
  00000000    00000000    000000e4   000000e4    r-- .intvecs
  000000e4    000000e4    00003618   00003618    r-x .text
  000036fc    000036fc    0000014d   0000014d    r-- .const
  00003850    00003850    00000098   00000098    r-- .cinit
20000000    20000000    000007b8   00000000    rw-
  20000000    20000000    00000400   00000000    rw- .sysmem
  20000400    20000400    000001ee   00000000    rw- .data
  200005f0    200005f0    000001c8   00000000    rw- .bss
2000fe00    2000fe00    00000200   00000000    rw-
  2000fe00    2000fe00    00000200   00000000    rw- .stack


SECTION ALLOCATION MAP

 output                                  attributes/
section   page    origin      length       input sections
--------  ----  ----------  ----------   ----------------
.intvecs   0    00000000    000000e4     
                  00000000    000000e4     startup_msp432p401r_ccs.obj (.intvecs:retain)

.text      0    000000e4    00003618     
                  000000e4    00000a4e     rtsv7M4_T_le_v4SPD16_eabi.lib : _printfi.c.obj (.text:__TI_printfi)
                  00000b32    00000002                                   : _lock.c.obj (.text:_nop)
                  00000b34    000008e4     main.obj (.text)
                  00001418    00000334     system_msp432p401r.obj (.text)
                  0000174c    00000270     rtsv7M4_T_le_v4SPD16_eabi.lib : _printfi.c.obj (.text:_pconv_a)
                  000019bc    000001d0                                   : _printfi.c.obj (.text:_pconv_g)
                  00001b8c    000001b6                                   : fd_add_t2.asm.obj (.text)
                  00001d42    00000002                                   : div0.asm.obj (.text)
                  00001d44    0000013c                                   : _printfi.c.obj (.text:_pconv_e)
                  00001e80    00000136                                   : fd_div_t2.asm.obj (.text)
                  00001fb6    00000002     --HOLE-- [fill = 0]
                  00001fb8    00000124                                   : _printfi.c.obj (.text:fcvt)
                  000020dc    00000114                                   : fputs.c.obj (.text:fputs)
                  000021f0    00000110                                   : s_scalbn.c.obj (.text:scalbn)
                  00002300    00000100                                   : memory.c.obj (.text:aligned_alloc)
                  00002400    000000fc                                   : fd_mul_t2.asm.obj (.text)
                  000024fc    000000e4                                   : memory.c.obj (.text:free)
                  000025e0    000000dc                                   : setvbuf.c.obj (.text:setvbuf)
                  000026bc    000000b1                                   : _printfi.c.obj (.text:_ltostr)
                  0000276d    00000001     --HOLE-- [fill = 0]
                  0000276e    0000009c                                   : memcpy_t2.asm.obj (.text)
                  0000280a    00000096                                   : ull_div_t2.asm.obj (.text)
                  000028a0    0000008c                                   : fputc.c.obj (.text:fputc)
                  0000292c    00000086                                   : fd_cmp_t2.asm.obj (.text:__aeabi_cdcmple)
                  000029b2    00000086                                   : fd_cmp_t2.asm.obj (.text:__aeabi_cdrcmple)
                  00002a38    0000007a                                   : memset_t2.asm.obj (.text)
                  00002ab2    00000002     --HOLE-- [fill = 0]
                  00002ab4    00000074                                   : fclose.c.obj (.text:__TI_closefile)
                  00002b28    00000070                                   : memory.c.obj (.text:split)
                  00002b98    0000006e                                   : _printfi.c.obj (.text:_mcpy)
                  00002c06    00000002     --HOLE-- [fill = 0]
                  00002c08    0000006c                                   : hostrename.c.obj (.text:HOSTrename)
                  00002c74    00000068                                   : hostlseek.c.obj (.text:HOSTlseek)
                  00002cdc    00000068                                   : copy_decompress_lzss.c.obj (.text:decompress:lzss:__TI_decompress_lzss)
                  00002d44    00000068                                   : printf.c.obj (.text:printf)
                  00002dac    00000064                                   : s_frexp.c.obj (.text:frexp)
                  00002e10    00000064                                   : fseek.c.obj (.text:fseek)
                  00002e74    00000062                                   : _io_perm.c.obj (.text:__TI_wrt_ok)
                  00002ed6    00000002     --HOLE-- [fill = 0]
                  00002ed8    00000060                                   : hostopen.c.obj (.text:HOSTopen)
                  00002f38    0000005c                                   : close.c.obj (.text:close)
                  00002f94    00000058                                   : hostread.c.obj (.text:HOSTread)
                  00002fec    00000058                                   : hostwrite.c.obj (.text:HOSTwrite)
                  00003044    00000056                                   : _printfi.c.obj (.text:_pconv_f)
                  0000309a    00000054                                   : _ltoa.c.obj (.text:__TI_ltoa)
                  000030ee    00000052                                   : _printfi.c.obj (.text:_ecpy)
                  00003140    0000004c                                   : fflush.c.obj (.text:__TI_doflush)
                  0000318c    0000004c                                   : atoi.c.obj (.text:atoi)
                  000031d8    00000048                                   : exit.c.obj (.text:exit)
                  00003220    00000048                                   : fd_toi_t2.asm.obj (.text)
                  00003268    00000044                                   : hostclose.c.obj (.text:HOSTclose)
                  000032ac    00000044                                   : hostunlink.c.obj (.text:HOSTunlink)
                  000032f0    00000044                                   : autoinit.c.obj (.text:__TI_auto_init_nobinit_nopinit:__TI_auto_init_nobinit_nopinit)
                  00003334    00000044                                   : getdevice.c.obj (.text:getdevice)
                  00003378    0000003e                                   : _printfi.c.obj (.text:_fcpy)
                  000033b6    00000002     --HOLE-- [fill = 0]
                  000033b8    00000038                                   : trgmsg.c.obj (.text:__TI_writemsg)
                  000033f0    00000036                                   : strncpy.c.obj (.text:strncpy)
                  00003426    00000002     --HOLE-- [fill = 0]
                  00003428    00000034                                   : fopen.c.obj (.text:__TI_cleanup)
                  0000345c    00000034                                   : trgmsg.c.obj (.text:__TI_readmsg)
                  00003490    00000034                                   : boot_cortex_m.c.obj (.text:_c_int00_noargs:_c_int00_noargs)
                  000034c4    00000030                                   : getdevice.c.obj (.text:finddevice)
                  000034f4    0000002e                                   : i_tofd_t2.asm.obj (.text)
                  00003522    00000002     --HOLE-- [fill = 0]
                  00003524    0000002c                                   : unlink.c.obj (.text:unlink)
                  00003550    00000028                                   : memory.c.obj (.text:free_list_insert)
                  00003578    00000028                                   : lseek.c.obj (.text:lseek)
                  000035a0    00000028                                   : write.c.obj (.text:write)
                  000035c8    00000020                                   : memchr.c.obj (.text:memchr)
                  000035e8    0000001c                                   : copy_zero_init.c.obj (.text:decompress:ZI:__TI_zero_init_nomemset:__TI_zero_init_nomemset)
                  00003604    0000001c                                   : memory.c.obj (.text:free_list_remove)
                  00003620    0000001c                                   : memccpy.c.obj (.text:memccpy)
                  0000363c    0000001a                                   : s_copysign.c.obj (.text:copysign)
                  00003656    00000018                                   : strcmp.c.obj (.text:strcmp)
                  0000366e    00000016                                   : strchr.c.obj (.text:strchr)
                  00003684    00000014                                   : strcpy.c.obj (.text:strcpy)
                  00003698    00000014                                   : strlen.c.obj (.text:strlen)
                  000036ac    00000012                                   : wcslen.c.obj (.text:wcslen)
                  000036be    0000000e                                   : copy_decompress_none.c.obj (.text:decompress:none:__TI_decompress_none)
                  000036cc    0000000e     startup_msp432p401r_ccs.obj (.text)
                  000036da    00000002     --HOLE-- [fill = 0]
                  000036dc    00000008     rtsv7M4_T_le_v4SPD16_eabi.lib : errno.c.obj (.text:__aeabi_errno_addr)
                  000036e4    00000008                                   : memory.c.obj (.text:malloc)
                  000036ec    00000004                                   : printf.c.obj (.text:_outc)
                  000036f0    00000004                                   : printf.c.obj (.text:_outs)
                  000036f4    00000004                                   : pre_init.c.obj (.text:_system_pre_init)
                  000036f8    00000004                                   : exit.c.obj (.text:abort:abort)

.const     0    000036fc    0000014d     
                  000036fc    00000101     rtsv7M4_T_le_v4SPD16_eabi.lib : ctype.c.obj (.const:.string:_ctypes_)
                  000037fd    00000030     main.obj (.const:$P$T1$2)
                  0000382d    0000001c     main.obj (.const:$P$T0$1)

.cinit     0    00003850    00000098     
                  00003850    0000006f     (.cinit..data.load) [load image, compression = lzss]
                  000038bf    00000001     --HOLE-- [fill = 0]
                  000038c0    0000000c     (__TI_handler_table)
                  000038cc    00000004     --HOLE-- [fill = 0]
                  000038d0    00000008     (.cinit..bss.load) [load image, compression = zero_init]
                  000038d8    00000010     (__TI_cinit_table)

.init_array 
*          0    00000000    00000000     UNINITIALIZED

.binit     0    00000000    00000000     

.sysmem    0    20000000    00000400     UNINITIALIZED
                  20000000    00000010     rtsv7M4_T_le_v4SPD16_eabi.lib : memory.c.obj (.sysmem)
                  20000010    000003f0     --HOLE--

.data      0    20000400    000001ee     UNINITIALIZED
                  20000400    000000f0     rtsv7M4_T_le_v4SPD16_eabi.lib : defs.c.obj (.data:_ftable)
                  200004f0    00000078                                   : host_device.c.obj (.data:_device)
                  20000568    00000050                                   : host_device.c.obj (.data:_stream)
                  200005b8    00000010                                   : defs.c.obj (.data)
                  200005c8    0000000c                                   : exit.c.obj (.data:$O1$$)
                  200005d4    00000008                                   : _lock.c.obj (.data:$O1$$)
                  200005dc    00000008                                   : memory.c.obj (.data:$O1$$)
                  200005e4    00000004                                   : errno.c.obj (.data)
                  200005e8    00000004     system_msp432p401r.obj (.data)
                  200005ec    00000002     main.obj (.data)

.bss       0    200005f0    000001c8     UNINITIALIZED
                  200005f0    00000120     rtsv7M4_T_le_v4SPD16_eabi.lib : trgmsg.c.obj (.bss:_CIOBUF_)
                  20000710    000000a0     (.common:__TI_tmpnams)
                  200007b0    00000008     (.common:parmbuf)

.stack     0    2000fe00    00000200     UNINITIALIZED
                  2000fe00    00000004     rtsv7M4_T_le_v4SPD16_eabi.lib : boot_cortex_m.c.obj (.stack)
                  2000fe04    000001fc     --HOLE--

__llvm_prf_cnts 
*          0    20000000    00000000     UNINITIALIZED

MODULE SUMMARY

       Module                        code    ro data   rw data
       ------                        ----    -------   -------
    ./
       main.obj                      2276    76        4      
       system_msp432p401r.obj        820     0         8      
       startup_msp432p401r_ccs.obj   14      228       0      
    +--+-----------------------------+-------+---------+---------+
       Total:                        3110    304       12     
                                                              
    /Applications/ti/ccs1010/ccs/tools/compiler/ti-cgt-arm_20.2.2.LTS/lib/rtsv7M4_T_le_v4SPD16_eabi.lib
       _printfi.c.obj                4851    0         0      
       defs.c.obj                    0       0         832    
       memory.c.obj                  672     0         16     
       trgmsg.c.obj                  108     0         576    
       fd_add_t2.asm.obj             438     0         0      
       host_device.c.obj             0       0         400    
       fd_div_t2.asm.obj             310     0         0      
       fputs.c.obj                   276     0         0      
       s_scalbn.c.obj                272     0         0      
       fd_cmp_t2.asm.obj             268     0         0      
       ctype.c.obj                   0       257       0      
       fd_mul_t2.asm.obj             252     0         0      
       setvbuf.c.obj                 220     0         0      
       memcpy_t2.asm.obj             156     0         0      
       ull_div_t2.asm.obj            150     0         0      
       fputc.c.obj                   140     0         0      
       memset_t2.asm.obj             122     0         0      
       fclose.c.obj                  116     0         0      
       getdevice.c.obj               116     0         0      
       hostopen.c.obj                96      0         16     
       printf.c.obj                  112     0         0      
       hostrename.c.obj              108     0         0      
       copy_decompress_lzss.c.obj    104     0         0      
       hostlseek.c.obj               104     0         0      
       exit.c.obj                    76      0         24     
       fseek.c.obj                   100     0         0      
       s_frexp.c.obj                 100     0         0      
       _io_perm.c.obj                98      0         0      
       close.c.obj                   92      0         0      
       hostread.c.obj                88      0         0      
       hostwrite.c.obj               88      0         0      
       _ltoa.c.obj                   84      0         0      
       atoi.c.obj                    76      0         0      
       fflush.c.obj                  76      0         0      
       fd_toi_t2.asm.obj             72      0         0      
       autoinit.c.obj                68      0         0      
       hostclose.c.obj               68      0         0      
       hostunlink.c.obj              68      0         0      
       strncpy.c.obj                 54      0         0      
       boot_cortex_m.c.obj           52      0         0      
       fopen.c.obj                   52      0         0      
       i_tofd_t2.asm.obj             46      0         0      
       unlink.c.obj                  44      0         0      
       lseek.c.obj                   40      0         0      
       write.c.obj                   40      0         0      
       memchr.c.obj                  32      0         0      
       copy_zero_init.c.obj          28      0         0      
       memccpy.c.obj                 28      0         0      
       s_copysign.c.obj              26      0         0      
       strcmp.c.obj                  24      0         0      
       strchr.c.obj                  22      0         0      
       strcpy.c.obj                  20      0         0      
       strlen.c.obj                  20      0         0      
       _lock.c.obj                   2       0         16     
       wcslen.c.obj                  18      0         0      
       errno.c.obj                   8       0         8      
       copy_decompress_none.c.obj    14      0         0      
       pre_init.c.obj                4       0         0      
       div0.asm.obj                  2       0         0      
    +--+-----------------------------+-------+---------+---------+
       Total:                        10721   257       1888   
                                                              
       Heap:                         0       0         2048   
       Stack:                        0       0         1024   
       Linker Generated:             0       147       0      
    +--+-----------------------------+-------+---------+---------+
       Grand Total:                  13831   708       4972   


LINKER GENERATED COPY TABLES

__TI_cinit_table @ 000038d8 records: 2, size/record: 8, table size: 16
	.data: load addr=00003850, load size=0000006f bytes, run addr=20000400, run size=000001ee bytes, compression=lzss
	.bss: load addr=000038d0, load size=00000008 bytes, run addr=200005f0, run size=000001c8 bytes, compression=zero_init


LINKER GENERATED HANDLER TABLE

__TI_handler_table @ 000038c0 records: 3, size/record: 4, table size: 12
	index: 0, handler: __TI_decompress_lzss
	index: 1, handler: __TI_decompress_none
	index: 2, handler: __TI_zero_init


GLOBAL SYMBOLS: SORTED ALPHABETICALLY BY Name 

address   name                           
-------   ----                           
000036d9  ADC14_IRQHandler               
000036d9  AES256_IRQHandler              
000012d9  BCD_to_Decimal                 
000036d9  BusFault_Handler               
000036f9  C$$EXIT                        
000033e7  C$$IO$$                        
000036d9  COMP_E0_IRQHandler             
000036d9  COMP_E1_IRQHandler             
000036d9  CS_IRQHandler                  
000036d9  DMA_ERR_IRQHandler             
000036d9  DMA_INT0_IRQHandler            
000036d9  DMA_INT1_IRQHandler            
000036d9  DMA_INT2_IRQHandler            
000036d9  DMA_INT3_IRQHandler            
000036d9  DebugMon_Handler               
00001337  Decimal_to_BCD                 
000036d9  Default_Handler                
000010dd  Disable_Keypad                 
000036d9  EUSCIA0_IRQHandler             
000036d9  EUSCIA1_IRQHandler             
000036d9  EUSCIA2_IRQHandler             
000036d9  EUSCIA3_IRQHandler             
000036d9  EUSCIB0_IRQHandler             
000036d9  EUSCIB1_IRQHandler             
000036d9  EUSCIB2_IRQHandler             
000036d9  EUSCIB3_IRQHandler             
000010ef  Enable_Keypad                  
000036d9  FLCTL_IRQHandler               
000036d9  FPU_IRQHandler                 
00003269  HOSTclose                      
00002c75  HOSTlseek                      
00002ed9  HOSTopen                       
00002f95  HOSTread                       
00002c09  HOSTrename                     
000032ad  HOSTunlink                     
00002fed  HOSTwrite                      
000036d9  HardFault_Handler              
00000d61  I2C1_BurstRead                 
00000cc9  I2C1_BurstWrite                
0000101d  I2C1_Init                      
00001385  Integers_to_BCD                
200005ed  KeypadPressed                  
000036d9  MemManage_Handler              
000036d9  NMI_Handler                    
0000105d  P2_Init                        
000010b3  P5_Init                        
000036d9  PCM_IRQHandler                 
000036d9  PORT1_IRQHandler               
00001107  PORT2_IRQHandler               
00001107  PORT2_IRQHandler               
000036d9  PORT3_IRQHandler               
000036d9  PORT4_IRQHandler               
000036d9  PORT5_IRQHandler               
000036d9  PORT6_IRQHandler               
000036d9  PSS_IRQHandler                 
000036d9  PendSV_Handler                 
00001241  Print_Key                      
000036d9  RTC_C_IRQHandler               
0000111d  Read_Keypad                    
000036cd  Reset_Handler                  
000036d9  SVC_Handler                    
000036d9  SysTick_Handler                
00001293  SysTick_Init                   
000012af  SysTick_delay_ms               
200005e8  SystemCoreClock                
00001419  SystemCoreClockUpdate          
00001691  SystemInit                     
000036d9  T32_INT1_IRQHandler            
000036d9  T32_INT2_IRQHandler            
000036d9  T32_INTC_IRQHandler            
000036d9  TA0_0_IRQHandler               
000036d9  TA0_N_IRQHandler               
000036d9  TA1_0_IRQHandler               
000036d9  TA1_N_IRQHandler               
000036d9  TA2_0_IRQHandler               
000036d9  TA2_N_IRQHandler               
000036d9  TA3_0_IRQHandler               
000036d9  TA3_N_IRQHandler               
000036d9  UsageFault_Handler             
4000480c  WDTCTL_SYM                     
000036d9  WDT_A_IRQHandler               
200005f0  __CIOBUF_                      
20010000  __STACK_END                    
00000200  __STACK_SIZE                   
00000400  __SYSMEM_SIZE                  
000038d8  __TI_CINIT_Base                
000038e8  __TI_CINIT_Limit               
000038c0  __TI_Handler_Table_Base        
000038cc  __TI_Handler_Table_Limit       
000032f1  __TI_auto_init_nobinit_nopinit 
00003429  __TI_cleanup                   
200005c8  __TI_cleanup_ptr               
00002ab5  __TI_closefile                 
00002cdd  __TI_decompress_lzss           
000036bf  __TI_decompress_none           
00003141  __TI_doflush                   
200005cc  __TI_dtors_ptr                 
200005d0  __TI_enable_exit_profile_output
200005b8  __TI_ft_end                    
0000309b  __TI_ltoa                      
ffffffff  __TI_pprof_out_hndl            
000000e5  __TI_printfi                   
ffffffff  __TI_prof_data_size            
ffffffff  __TI_prof_data_start           
0000345d  __TI_readmsg                   
00000000  __TI_static_base__             
20000710  __TI_tmpnams                   
000033b9  __TI_writemsg                  
00002e75  __TI_wrt_ok                    
000035e9  __TI_zero_init_nomemset        
0000292d  __aeabi_cdcmpeq                
0000292d  __aeabi_cdcmple                
000029b3  __aeabi_cdrcmple               
00003221  __aeabi_d2iz                   
00001b97  __aeabi_dadd                   
00001e81  __aeabi_ddiv                   
00002401  __aeabi_dmul                   
00001b8d  __aeabi_dsub                   
000036dd  __aeabi_errno_addr             
000034f5  __aeabi_i2d                    
00001d43  __aeabi_idiv0                  
00001d43  __aeabi_ldiv0                  
00002a39  __aeabi_memclr                 
00002a39  __aeabi_memclr4                
00002a39  __aeabi_memclr8                
0000276f  __aeabi_memcpy                 
0000276f  __aeabi_memcpy4                
0000276f  __aeabi_memcpy8                
00002a3b  __aeabi_memset                 
00002a3b  __aeabi_memset4                
00002a3b  __aeabi_memset8                
200005c4  __aeabi_stderr                 
200005bc  __aeabi_stdin                  
200005c0  __aeabi_stdout                 
0000280b  __aeabi_uldivmod               
ffffffff  __binit__                      
ffffffff  __c_args__                     
UNDEFED   __mpu_init                     
2000fe00  __stack                        
20000000  __start___llvm_prf_cnts        
20000000  __stop___llvm_prf_cnts         
00003491  _c_int00_noargs                
000036fc  _ctypes_                       
200004f0  _device                        
20000400  _ftable                        
200005d4  _lock                          
00000b33  _nop                           
20000568  _stream                        
20000000  _sys_memory                    
UNDEFED   _system_post_cinit             
000036f5  _system_pre_init               
200005d8  _unlock                        
000036f9  abort                          
00002301  aligned_alloc                  
0000318d  atoi                           
ffffffff  binit                          
00002f39  close                          
0000363d  copysign                       
0000363d  copysignl                      
200005e4  errno                          
000031d9  exit                           
000034c5  finddevice                     
000028a1  fputc                          
000020dd  fputs                          
000024fd  free                           
00002dad  frexp                          
00002dad  frexpl                         
00002e11  fseek                          
00003335  getdevice                      
00000ffb  init                           
00000000  interruptVectors               
000021f1  ldexp                          
000021f1  ldexpl                         
00003579  lseek                          
00000b61  main                           
000036e5  malloc                         
00002301  memalign                       
00003621  memccpy                        
000035c9  memchr                         
0000276f  memcpy                         
00002a41  memset                         
200007b0  parmbuf                        
00000f7b  printDateTime                  
00002d45  printf                         
000028a1  putc                           
00003525  remove                         
000021f1  scalbn                         
000021f1  scalbnl                        
000025e1  setvbuf                        
200005ec  state                          
0000366f  strchr                         
00003657  strcmp                         
00003685  strcpy                         
00003699  strlen                         
000033f1  strncpy                        
00003525  unlink                         
000036ad  wcslen                         
000035a1  write                          


GLOBAL SYMBOLS: SORTED BY Symbol Address 

address   name                           
-------   ----                           
00000000  __TI_static_base__             
00000000  interruptVectors               
000000e5  __TI_printfi                   
00000200  __STACK_SIZE                   
00000400  __SYSMEM_SIZE                  
00000b33  _nop                           
00000b61  main                           
00000cc9  I2C1_BurstWrite                
00000d61  I2C1_BurstRead                 
00000f7b  printDateTime                  
00000ffb  init                           
0000101d  I2C1_Init                      
0000105d  P2_Init                        
000010b3  P5_Init                        
000010dd  Disable_Keypad                 
000010ef  Enable_Keypad                  
00001107  PORT2_IRQHandler               
00001107  PORT2_IRQHandler               
0000111d  Read_Keypad                    
00001241  Print_Key                      
00001293  SysTick_Init                   
000012af  SysTick_delay_ms               
000012d9  BCD_to_Decimal                 
00001337  Decimal_to_BCD                 
00001385  Integers_to_BCD                
00001419  SystemCoreClockUpdate          
00001691  SystemInit                     
00001b8d  __aeabi_dsub                   
00001b97  __aeabi_dadd                   
00001d43  __aeabi_idiv0                  
00001d43  __aeabi_ldiv0                  
00001e81  __aeabi_ddiv                   
000020dd  fputs                          
000021f1  ldexp                          
000021f1  ldexpl                         
000021f1  scalbn                         
000021f1  scalbnl                        
00002301  aligned_alloc                  
00002301  memalign                       
00002401  __aeabi_dmul                   
000024fd  free                           
000025e1  setvbuf                        
0000276f  __aeabi_memcpy                 
0000276f  __aeabi_memcpy4                
0000276f  __aeabi_memcpy8                
0000276f  memcpy                         
0000280b  __aeabi_uldivmod               
000028a1  fputc                          
000028a1  putc                           
0000292d  __aeabi_cdcmpeq                
0000292d  __aeabi_cdcmple                
000029b3  __aeabi_cdrcmple               
00002a39  __aeabi_memclr                 
00002a39  __aeabi_memclr4                
00002a39  __aeabi_memclr8                
00002a3b  __aeabi_memset                 
00002a3b  __aeabi_memset4                
00002a3b  __aeabi_memset8                
00002a41  memset                         
00002ab5  __TI_closefile                 
00002c09  HOSTrename                     
00002c75  HOSTlseek                      
00002cdd  __TI_decompress_lzss           
00002d45  printf                         
00002dad  frexp                          
00002dad  frexpl                         
00002e11  fseek                          
00002e75  __TI_wrt_ok                    
00002ed9  HOSTopen                       
00002f39  close                          
00002f95  HOSTread                       
00002fed  HOSTwrite                      
0000309b  __TI_ltoa                      
00003141  __TI_doflush                   
0000318d  atoi                           
000031d9  exit                           
00003221  __aeabi_d2iz                   
00003269  HOSTclose                      
000032ad  HOSTunlink                     
000032f1  __TI_auto_init_nobinit_nopinit 
00003335  getdevice                      
000033b9  __TI_writemsg                  
000033e7  C$$IO$$                        
000033f1  strncpy                        
00003429  __TI_cleanup                   
0000345d  __TI_readmsg                   
00003491  _c_int00_noargs                
000034c5  finddevice                     
000034f5  __aeabi_i2d                    
00003525  remove                         
00003525  unlink                         
00003579  lseek                          
000035a1  write                          
000035c9  memchr                         
000035e9  __TI_zero_init_nomemset        
00003621  memccpy                        
0000363d  copysign                       
0000363d  copysignl                      
00003657  strcmp                         
0000366f  strchr                         
00003685  strcpy                         
00003699  strlen                         
000036ad  wcslen                         
000036bf  __TI_decompress_none           
000036cd  Reset_Handler                  
000036d9  ADC14_IRQHandler               
000036d9  AES256_IRQHandler              
000036d9  BusFault_Handler               
000036d9  COMP_E0_IRQHandler             
000036d9  COMP_E1_IRQHandler             
000036d9  CS_IRQHandler                  
000036d9  DMA_ERR_IRQHandler             
000036d9  DMA_INT0_IRQHandler            
000036d9  DMA_INT1_IRQHandler            
000036d9  DMA_INT2_IRQHandler            
000036d9  DMA_INT3_IRQHandler            
000036d9  DebugMon_Handler               
000036d9  Default_Handler                
000036d9  EUSCIA0_IRQHandler             
000036d9  EUSCIA1_IRQHandler             
000036d9  EUSCIA2_IRQHandler             
000036d9  EUSCIA3_IRQHandler             
000036d9  EUSCIB0_IRQHandler             
000036d9  EUSCIB1_IRQHandler             
000036d9  EUSCIB2_IRQHandler             
000036d9  EUSCIB3_IRQHandler             
000036d9  FLCTL_IRQHandler               
000036d9  FPU_IRQHandler                 
000036d9  HardFault_Handler              
000036d9  MemManage_Handler              
000036d9  NMI_Handler                    
000036d9  PCM_IRQHandler                 
000036d9  PORT1_IRQHandler               
000036d9  PORT3_IRQHandler               
000036d9  PORT4_IRQHandler               
000036d9  PORT5_IRQHandler               
000036d9  PORT6_IRQHandler               
000036d9  PSS_IRQHandler                 
000036d9  PendSV_Handler                 
000036d9  RTC_C_IRQHandler               
000036d9  SVC_Handler                    
000036d9  SysTick_Handler                
000036d9  T32_INT1_IRQHandler            
000036d9  T32_INT2_IRQHandler            
000036d9  T32_INTC_IRQHandler            
000036d9  TA0_0_IRQHandler               
000036d9  TA0_N_IRQHandler               
000036d9  TA1_0_IRQHandler               
000036d9  TA1_N_IRQHandler               
000036d9  TA2_0_IRQHandler               
000036d9  TA2_N_IRQHandler               
000036d9  TA3_0_IRQHandler               
000036d9  TA3_N_IRQHandler               
000036d9  UsageFault_Handler             
000036d9  WDT_A_IRQHandler               
000036dd  __aeabi_errno_addr             
000036e5  malloc                         
000036f5  _system_pre_init               
000036f9  C$$EXIT                        
000036f9  abort                          
000036fc  _ctypes_                       
000038c0  __TI_Handler_Table_Base        
000038cc  __TI_Handler_Table_Limit       
000038d8  __TI_CINIT_Base                
000038e8  __TI_CINIT_Limit               
20000000  __start___llvm_prf_cnts        
20000000  __stop___llvm_prf_cnts         
20000000  _sys_memory                    
20000400  _ftable                        
200004f0  _device                        
20000568  _stream                        
200005b8  __TI_ft_end                    
200005bc  __aeabi_stdin                  
200005c0  __aeabi_stdout                 
200005c4  __aeabi_stderr                 
200005c8  __TI_cleanup_ptr               
200005cc  __TI_dtors_ptr                 
200005d0  __TI_enable_exit_profile_output
200005d4  _lock                          
200005d8  _unlock                        
200005e4  errno                          
200005e8  SystemCoreClock                
200005ec  state                          
200005ed  KeypadPressed                  
200005f0  __CIOBUF_                      
20000710  __TI_tmpnams                   
200007b0  parmbuf                        
2000fe00  __stack                        
20010000  __STACK_END                    
4000480c  WDTCTL_SYM                     
ffffffff  __TI_pprof_out_hndl            
ffffffff  __TI_prof_data_size            
ffffffff  __TI_prof_data_start           
ffffffff  __binit__                      
ffffffff  __c_args__                     
ffffffff  binit                          
UNDEFED   __mpu_init                     
UNDEFED   _system_post_cinit             

[198 symbols]
