******************************************************************************
                  TI ARM Linker Unix v20.2.2                   
******************************************************************************
>> Linked Sat Oct  3 12:14:51 2020

OUTPUT FILE NAME:   <Lab 5 - Part 2.out>
ENTRY POINT SYMBOL: "_c_int00_noargs"  address: 00003631


MEMORY CONFIGURATION

         name            origin    length      used     unused   attr    fill
----------------------  --------  ---------  --------  --------  ----  --------
  MAIN                  00000000   00040000  00003ab1  0003c54f  R  X
  INFO                  00200000   00004000  00000000  00004000  R  X
  SRAM_CODE             01000000   00010000  000009b5  0000f64b  RW X
  SRAM_DATA             20000000   00010000  000009b5  0000f64b  RW  


SEGMENT ALLOCATION MAP

run origin  load origin   length   init length attrs members
----------  ----------- ---------- ----------- ----- -------
00000000    00000000    00003ab8   00003ab8    r-x
  00000000    00000000    000000e4   000000e4    r-- .intvecs
  000000e4    000000e4    000037b8   000037b8    r-x .text
  0000389c    0000389c    0000017d   0000017d    r-- .const
  00003a20    00003a20    00000098   00000098    r-- .cinit
20000000    20000000    000007b5   00000000    rw-
  20000000    20000000    00000400   00000000    rw- .sysmem
  20000400    20000400    000001ec   00000000    rw- .data
  200005ec    200005ec    000001c9   00000000    rw- .bss
2000fe00    2000fe00    00000200   00000000    rw-
  2000fe00    2000fe00    00000200   00000000    rw- .stack


SECTION ALLOCATION MAP

 output                                  attributes/
section   page    origin      length       input sections
--------  ----  ----------  ----------   ----------------
.intvecs   0    00000000    000000e4     
                  00000000    000000e4     startup_msp432p401r_ccs.obj (.intvecs:retain)

.text      0    000000e4    000037b8     
                  000000e4    00000a4e     rtsv7M4_T_le_v4SPD16_eabi.lib : _printfi.c.obj (.text:__TI_printfi)
                  00000b32    00000002                                   : _lock.c.obj (.text:_nop)
                  00000b34    00000394     DS3231_RTC.obj (.text)
                  00000ec8    00000334     system_msp432p401r.obj (.text)
                  000011fc    00000330     main.obj (.text)
                  0000152c    000002a0     Keypad.obj (.text)
                  000017cc    00000270     rtsv7M4_T_le_v4SPD16_eabi.lib : _printfi.c.obj (.text:_pconv_a)
                  00001a3c    000001d0                                   : _printfi.c.obj (.text:_pconv_g)
                  00001c0c    000001b6                                   : fd_add_t2.asm.obj (.text)
                  00001dc2    00000002                                   : div0.asm.obj (.text)
                  00001dc4    0000013c                                   : _printfi.c.obj (.text:_pconv_e)
                  00001f00    00000136                                   : fd_div_t2.asm.obj (.text)
                  00002036    00000002     --HOLE-- [fill = 0]
                  00002038    00000124                                   : _printfi.c.obj (.text:fcvt)
                  0000215c    00000114                                   : fputs.c.obj (.text:fputs)
                  00002270    00000110                                   : s_scalbn.c.obj (.text:scalbn)
                  00002380    00000100                                   : memory.c.obj (.text:aligned_alloc)
                  00002480    000000fc                                   : fd_mul_t2.asm.obj (.text)
                  0000257c    000000e4                                   : memory.c.obj (.text:free)
                  00002660    000000dc                                   : setvbuf.c.obj (.text:setvbuf)
                  0000273c    000000b1                                   : _printfi.c.obj (.text:_ltostr)
                  000027ed    00000001     --HOLE-- [fill = 0]
                  000027ee    0000009c                                   : memcpy_t2.asm.obj (.text)
                  0000288a    00000096                                   : ull_div_t2.asm.obj (.text)
                  00002920    0000008c                                   : fputc.c.obj (.text:fputc)
                  000029ac    00000086                                   : fd_cmp_t2.asm.obj (.text:__aeabi_cdcmple)
                  00002a32    00000086                                   : fd_cmp_t2.asm.obj (.text:__aeabi_cdrcmple)
                  00002ab8    0000007c     SysTick.obj (.text)
                  00002b34    0000007a     rtsv7M4_T_le_v4SPD16_eabi.lib : memset_t2.asm.obj (.text)
                  00002bae    00000002     --HOLE-- [fill = 0]
                  00002bb0    00000074                                   : fclose.c.obj (.text:__TI_closefile)
                  00002c24    00000070                                   : memory.c.obj (.text:split)
                  00002c94    0000006e                                   : _printfi.c.obj (.text:_mcpy)
                  00002d02    0000006e                                   : fd_tos_t2.asm.obj (.text)
                  00002d70    0000006c                                   : hostrename.c.obj (.text:HOSTrename)
                  00002ddc    00000068                                   : hostlseek.c.obj (.text:HOSTlseek)
                  00002e44    00000068                                   : copy_decompress_lzss.c.obj (.text:decompress:lzss:__TI_decompress_lzss)
                  00002eac    00000068                                   : printf.c.obj (.text:printf)
                  00002f14    00000064                                   : s_frexp.c.obj (.text:frexp)
                  00002f78    00000064                                   : fseek.c.obj (.text:fseek)
                  00002fdc    00000062                                   : _io_perm.c.obj (.text:__TI_wrt_ok)
                  0000303e    00000002     --HOLE-- [fill = 0]
                  00003040    00000060                                   : hostopen.c.obj (.text:HOSTopen)
                  000030a0    0000005c                                   : close.c.obj (.text:close)
                  000030fc    00000058                                   : hostread.c.obj (.text:HOSTread)
                  00003154    00000058                                   : hostwrite.c.obj (.text:HOSTwrite)
                  000031ac    00000056                                   : _printfi.c.obj (.text:_pconv_f)
                  00003202    00000054                                   : _ltoa.c.obj (.text:__TI_ltoa)
                  00003256    00000052                                   : _printfi.c.obj (.text:_ecpy)
                  000032a8    0000004c                                   : fflush.c.obj (.text:__TI_doflush)
                  000032f4    0000004c                                   : atoi.c.obj (.text:atoi)
                  00003340    00000048                                   : exit.c.obj (.text:exit)
                  00003388    00000048                                   : fd_toi_t2.asm.obj (.text)
                  000033d0    00000044                                   : hostclose.c.obj (.text:HOSTclose)
                  00003414    00000044                                   : hostunlink.c.obj (.text:HOSTunlink)
                  00003458    00000044                                   : autoinit.c.obj (.text:__TI_auto_init_nobinit_nopinit:__TI_auto_init_nobinit_nopinit)
                  0000349c    00000044                                   : getdevice.c.obj (.text:getdevice)
                  000034e0    0000003e                                   : _printfi.c.obj (.text:_fcpy)
                  0000351e    00000002     --HOLE-- [fill = 0]
                  00003520    00000038                                   : trgmsg.c.obj (.text:__TI_writemsg)
                  00003558    00000038                                   : fs_tod_t2.asm.obj (.text)
                  00003590    00000036                                   : strncpy.c.obj (.text:strncpy)
                  000035c6    00000002     --HOLE-- [fill = 0]
                  000035c8    00000034                                   : fopen.c.obj (.text:__TI_cleanup)
                  000035fc    00000034                                   : trgmsg.c.obj (.text:__TI_readmsg)
                  00003630    00000034                                   : boot_cortex_m.c.obj (.text:_c_int00_noargs:_c_int00_noargs)
                  00003664    00000030                                   : getdevice.c.obj (.text:finddevice)
                  00003694    0000002e                                   : i_tofd_t2.asm.obj (.text)
                  000036c2    00000002     --HOLE-- [fill = 0]
                  000036c4    0000002c                                   : unlink.c.obj (.text:unlink)
                  000036f0    00000028                                   : memory.c.obj (.text:free_list_insert)
                  00003718    00000028                                   : lseek.c.obj (.text:lseek)
                  00003740    00000028                                   : write.c.obj (.text:write)
                  00003768    00000020                                   : memchr.c.obj (.text:memchr)
                  00003788    0000001c                                   : copy_zero_init.c.obj (.text:decompress:ZI:__TI_zero_init_nomemset:__TI_zero_init_nomemset)
                  000037a4    0000001c                                   : memory.c.obj (.text:free_list_remove)
                  000037c0    0000001c                                   : memccpy.c.obj (.text:memccpy)
                  000037dc    0000001a                                   : s_copysign.c.obj (.text:copysign)
                  000037f6    00000018                                   : strcmp.c.obj (.text:strcmp)
                  0000380e    00000016                                   : strchr.c.obj (.text:strchr)
                  00003824    00000014                                   : strcpy.c.obj (.text:strcpy)
                  00003838    00000014                                   : strlen.c.obj (.text:strlen)
                  0000384c    00000012                                   : wcslen.c.obj (.text:wcslen)
                  0000385e    0000000e                                   : copy_decompress_none.c.obj (.text:decompress:none:__TI_decompress_none)
                  0000386c    0000000e     startup_msp432p401r_ccs.obj (.text)
                  0000387a    00000002     --HOLE-- [fill = 0]
                  0000387c    00000008     rtsv7M4_T_le_v4SPD16_eabi.lib : errno.c.obj (.text:__aeabi_errno_addr)
                  00003884    00000008                                   : memory.c.obj (.text:malloc)
                  0000388c    00000004                                   : printf.c.obj (.text:_outc)
                  00003890    00000004                                   : printf.c.obj (.text:_outs)
                  00003894    00000004                                   : pre_init.c.obj (.text:_system_pre_init)
                  00003898    00000004                                   : exit.c.obj (.text:abort:abort)

.const     0    0000389c    0000017d     
                  0000389c    00000101     rtsv7M4_T_le_v4SPD16_eabi.lib : ctype.c.obj (.const:.string:_ctypes_)
                  0000399d    00000030     main.obj (.const:$P$T0$1)
                  000039cd    00000030     DS3231_RTC.obj (.const:$P$T1$2)
                  000039fd    0000001c     DS3231_RTC.obj (.const:$P$T0$1)

.cinit     0    00003a20    00000098     
                  00003a20    0000006e     (.cinit..data.load) [load image, compression = lzss]
                  00003a8e    00000002     --HOLE-- [fill = 0]
                  00003a90    0000000c     (__TI_handler_table)
                  00003a9c    00000004     --HOLE-- [fill = 0]
                  00003aa0    00000008     (.cinit..bss.load) [load image, compression = zero_init]
                  00003aa8    00000010     (__TI_cinit_table)

.init_array 
*          0    00000000    00000000     UNINITIALIZED

.binit     0    00000000    00000000     

.sysmem    0    20000000    00000400     UNINITIALIZED
                  20000000    00000010     rtsv7M4_T_le_v4SPD16_eabi.lib : memory.c.obj (.sysmem)
                  20000010    000003f0     --HOLE--

.data      0    20000400    000001ec     UNINITIALIZED
                  20000400    000000f0     rtsv7M4_T_le_v4SPD16_eabi.lib : defs.c.obj (.data:_ftable)
                  200004f0    00000078                                   : host_device.c.obj (.data:_device)
                  20000568    00000050                                   : host_device.c.obj (.data:_stream)
                  200005b8    00000010                                   : defs.c.obj (.data)
                  200005c8    0000000c                                   : exit.c.obj (.data:$O1$$)
                  200005d4    00000008                                   : _lock.c.obj (.data:$O1$$)
                  200005dc    00000008                                   : memory.c.obj (.data:$O1$$)
                  200005e4    00000004                                   : errno.c.obj (.data)
                  200005e8    00000004     system_msp432p401r.obj (.data)

.bss       0    200005ec    000001c9     UNINITIALIZED
                  200005ec    00000120     rtsv7M4_T_le_v4SPD16_eabi.lib : trgmsg.c.obj (.bss:_CIOBUF_)
                  2000070c    000000a0     (.common:__TI_tmpnams)
                  200007ac    00000008     (.common:parmbuf)
                  200007b4    00000001     (.common:Keypad_Interrupt)

.stack     0    2000fe00    00000200     UNINITIALIZED
                  2000fe00    00000004     rtsv7M4_T_le_v4SPD16_eabi.lib : boot_cortex_m.c.obj (.stack)
                  2000fe04    000001fc     --HOLE--

__llvm_prf_cnts 
*          0    20000000    00000000     UNINITIALIZED

MODULE SUMMARY

       Module                        code    ro data   rw data
       ------                        ----    -------   -------
    ./
       DS3231_RTC.obj                916     76        0      
       main.obj                      816     48        0      
       system_msp432p401r.obj        820     0         8      
       Keypad.obj                    672     0         2      
       startup_msp432p401r_ccs.obj   14      228       0      
       SysTick.obj                   124     0         0      
    +--+-----------------------------+-------+---------+---------+
       Total:                        3362    352       10     
                                                              
    /Applications/ti/ccs1010/ccs/tools/compiler/ti-cgt-arm_20.2.2.LTS/lib/rtsv7M4_T_le_v4SPD16_eabi.lib
       _printfi.c.obj                4851    0         0      
       defs.c.obj                    0       0         832    
       memory.c.obj                  672     0         16     
       trgmsg.c.obj                  108     0         576    
       fd_add_t2.asm.obj             438     0         0      
       host_device.c.obj             0       0         400    
       fd_div_t2.asm.obj             310     0         0      
       fputs.c.obj                   276     0         0      
       s_scalbn.c.obj                272     0         0      
       fd_cmp_t2.asm.obj             268     0         0      
       ctype.c.obj                   0       257       0      
       fd_mul_t2.asm.obj             252     0         0      
       setvbuf.c.obj                 220     0         0      
       memcpy_t2.asm.obj             156     0         0      
       ull_div_t2.asm.obj            150     0         0      
       fputc.c.obj                   140     0         0      
       memset_t2.asm.obj             122     0         0      
       fclose.c.obj                  116     0         0      
       getdevice.c.obj               116     0         0      
       hostopen.c.obj                96      0         16     
       printf.c.obj                  112     0         0      
       fd_tos_t2.asm.obj             110     0         0      
       hostrename.c.obj              108     0         0      
       copy_decompress_lzss.c.obj    104     0         0      
       hostlseek.c.obj               104     0         0      
       exit.c.obj                    76      0         24     
       fseek.c.obj                   100     0         0      
       s_frexp.c.obj                 100     0         0      
       _io_perm.c.obj                98      0         0      
       close.c.obj                   92      0         0      
       hostread.c.obj                88      0         0      
       hostwrite.c.obj               88      0         0      
       _ltoa.c.obj                   84      0         0      
       atoi.c.obj                    76      0         0      
       fflush.c.obj                  76      0         0      
       fd_toi_t2.asm.obj             72      0         0      
       autoinit.c.obj                68      0         0      
       hostclose.c.obj               68      0         0      
       hostunlink.c.obj              68      0         0      
       fs_tod_t2.asm.obj             56      0         0      
       strncpy.c.obj                 54      0         0      
       boot_cortex_m.c.obj           52      0         0      
       fopen.c.obj                   52      0         0      
       i_tofd_t2.asm.obj             46      0         0      
       unlink.c.obj                  44      0         0      
       lseek.c.obj                   40      0         0      
       write.c.obj                   40      0         0      
       memchr.c.obj                  32      0         0      
       copy_zero_init.c.obj          28      0         0      
       memccpy.c.obj                 28      0         0      
       s_copysign.c.obj              26      0         0      
       strcmp.c.obj                  24      0         0      
       strchr.c.obj                  22      0         0      
       strcpy.c.obj                  20      0         0      
       strlen.c.obj                  20      0         0      
       _lock.c.obj                   2       0         16     
       wcslen.c.obj                  18      0         0      
       errno.c.obj                   8       0         8      
       copy_decompress_none.c.obj    14      0         0      
       pre_init.c.obj                4       0         0      
       div0.asm.obj                  2       0         0      
    +--+-----------------------------+-------+---------+---------+
       Total:                        10887   257       1888   
                                                              
       Heap:                         0       0         2048   
       Stack:                        0       0         1024   
       Linker Generated:             0       146       0      
    +--+-----------------------------+-------+---------+---------+
       Grand Total:                  14249   755       4970   


LINKER GENERATED COPY TABLES

__TI_cinit_table @ 00003aa8 records: 2, size/record: 8, table size: 16
	.data: load addr=00003a20, load size=0000006e bytes, run addr=20000400, run size=000001ec bytes, compression=lzss
	.bss: load addr=00003aa0, load size=00000008 bytes, run addr=200005ec, run size=000001c9 bytes, compression=zero_init


LINKER GENERATED HANDLER TABLE

__TI_handler_table @ 00003a90 records: 3, size/record: 4, table size: 12
	index: 0, handler: __TI_decompress_lzss
	index: 1, handler: __TI_decompress_none
	index: 2, handler: __TI_zero_init


GLOBAL SYMBOLS: SORTED ALPHABETICALLY BY Name 

address   name                           
-------   ----                           
00003879  ADC14_IRQHandler               
00003879  AES256_IRQHandler              
00003879  BusFault_Handler               
00003899  C$$EXIT                        
0000354f  C$$IO$$                        
00003879  COMP_E0_IRQHandler             
00003879  COMP_E1_IRQHandler             
00003879  CS_IRQHandler                  
00003879  DMA_ERR_IRQHandler             
00003879  DMA_INT0_IRQHandler            
00003879  DMA_INT1_IRQHandler            
00003879  DMA_INT2_IRQHandler            
00003879  DMA_INT3_IRQHandler            
00003879  DebugMon_Handler               
00003879  Default_Handler                
00003879  EUSCIA0_IRQHandler             
00003879  EUSCIA1_IRQHandler             
00003879  EUSCIA2_IRQHandler             
00003879  EUSCIA3_IRQHandler             
00003879  EUSCIB0_IRQHandler             
00003879  EUSCIB1_IRQHandler             
00003879  EUSCIB2_IRQHandler             
00003879  EUSCIB3_IRQHandler             
00003879  FLCTL_IRQHandler               
00003879  FPU_IRQHandler                 
000033d1  HOSTclose                      
00002ddd  HOSTlseek                      
00003041  HOSTopen                       
000030fd  HOSTread                       
00002d71  HOSTrename                     
00003415  HOSTunlink                     
00003155  HOSTwrite                      
00003879  HardFault_Handler              
000012d1  Init                           
000015a3  Keypad_Col_P5_Init             
000015cd  Keypad_Disable                 
000015df  Keypad_Enable                  
200007b4  Keypad_Interrupt               
00001725  Keypad_PrintKey                
00001609  Keypad_Read                    
00001559  Keypad_Row_P2_Init             
00003879  MemManage_Handler              
00003879  NMI_Handler                    
00003879  PCM_IRQHandler                 
00003879  PORT1_IRQHandler               
000015f7  PORT2_IRQHandler               
000015f7  PORT2_IRQHandler               
00003879  PORT3_IRQHandler               
00003879  PORT4_IRQHandler               
00003879  PORT5_IRQHandler               
00003879  PORT6_IRQHandler               
00003879  PSS_IRQHandler                 
00003879  PendSV_Handler                 
00001387  Print_Date                     
000013dd  Print_Time                     
00000dc3  RTC_BCD_to_Decimal             
00003879  RTC_C_IRQHandler               
00000deb  RTC_Decimal_to_BCD             
00000c6f  RTC_I2C1_BurstRead             
00000bdf  RTC_I2C1_BurstWrite            
00000b35  RTC_I2C1_Init                  
00000e29  RTC_Integers_to_BCD            
00000d43  RTC_PrintTime                  
00000b6d  RTC_Temperature                
0000386d  Reset_Handler                  
00003879  SVC_Handler                    
00002ad5  SysTick_Delay_ms               
00002aff  SysTick_Delay_us               
00003879  SysTick_Handler                
00002ab9  SysTick_Init                   
200005e8  SystemCoreClock                
00000ec9  SystemCoreClockUpdate          
00001141  SystemInit                     
00003879  T32_INT1_IRQHandler            
00003879  T32_INT2_IRQHandler            
00003879  T32_INTC_IRQHandler            
00003879  TA0_0_IRQHandler               
00003879  TA0_N_IRQHandler               
00003879  TA1_0_IRQHandler               
00003879  TA1_N_IRQHandler               
00003879  TA2_0_IRQHandler               
00003879  TA2_N_IRQHandler               
00003879  TA3_0_IRQHandler               
00003879  TA3_N_IRQHandler               
00003879  UsageFault_Handler             
4000480c  WDTCTL_SYM                     
00003879  WDT_A_IRQHandler               
200005ec  __CIOBUF_                      
20010000  __STACK_END                    
00000200  __STACK_SIZE                   
00000400  __SYSMEM_SIZE                  
00003aa8  __TI_CINIT_Base                
00003ab8  __TI_CINIT_Limit               
00003a90  __TI_Handler_Table_Base        
00003a9c  __TI_Handler_Table_Limit       
00003459  __TI_auto_init_nobinit_nopinit 
000035c9  __TI_cleanup                   
200005c8  __TI_cleanup_ptr               
00002bb1  __TI_closefile                 
00002e45  __TI_decompress_lzss           
0000385f  __TI_decompress_none           
000032a9  __TI_doflush                   
200005cc  __TI_dtors_ptr                 
200005d0  __TI_enable_exit_profile_output
200005b8  __TI_ft_end                    
00003203  __TI_ltoa                      
ffffffff  __TI_pprof_out_hndl            
000000e5  __TI_printfi                   
ffffffff  __TI_prof_data_size            
ffffffff  __TI_prof_data_start           
000035fd  __TI_readmsg                   
00000000  __TI_static_base__             
2000070c  __TI_tmpnams                   
00003521  __TI_writemsg                  
00002fdd  __TI_wrt_ok                    
00003789  __TI_zero_init_nomemset        
000029ad  __aeabi_cdcmpeq                
000029ad  __aeabi_cdcmple                
00002a33  __aeabi_cdrcmple               
00002d03  __aeabi_d2f                    
00003389  __aeabi_d2iz                   
00001c17  __aeabi_dadd                   
00001f01  __aeabi_ddiv                   
00002481  __aeabi_dmul                   
00001c0d  __aeabi_dsub                   
0000387d  __aeabi_errno_addr             
00003559  __aeabi_f2d                    
00003695  __aeabi_i2d                    
00001dc3  __aeabi_idiv0                  
00001dc3  __aeabi_ldiv0                  
00002b35  __aeabi_memclr                 
00002b35  __aeabi_memclr4                
00002b35  __aeabi_memclr8                
000027ef  __aeabi_memcpy                 
000027ef  __aeabi_memcpy4                
000027ef  __aeabi_memcpy8                
00002b37  __aeabi_memset                 
00002b37  __aeabi_memset4                
00002b37  __aeabi_memset8                
200005c4  __aeabi_stderr                 
200005bc  __aeabi_stdin                  
200005c0  __aeabi_stdout                 
0000288b  __aeabi_uldivmod               
ffffffff  __binit__                      
ffffffff  __c_args__                     
UNDEFED   __mpu_init                     
2000fe00  __stack                        
20000000  __start___llvm_prf_cnts        
20000000  __stop___llvm_prf_cnts         
00003631  _c_int00_noargs                
0000389c  _ctypes_                       
200004f0  _device                        
20000400  _ftable                        
200005d4  _lock                          
00000b33  _nop                           
20000568  _stream                        
20000000  _sys_memory                    
UNDEFED   _system_post_cinit             
00003895  _system_pre_init               
200005d8  _unlock                        
00003899  abort                          
00002381  aligned_alloc                  
000032f5  atoi                           
ffffffff  binit                          
000030a1  close                          
000037dd  copysign                       
000037dd  copysignl                      
200005e4  errno                          
00003341  exit                           
00003665  finddevice                     
00002921  fputc                          
0000215d  fputs                          
0000257d  free                           
00002f15  frexp                          
00002f15  frexpl                         
00002f79  fseek                          
0000349d  getdevice                      
00000000  interruptVectors               
00002271  ldexp                          
00002271  ldexpl                         
00003719  lseek                          
000011fd  main                           
00003885  malloc                         
00002381  memalign                       
000037c1  memccpy                        
00003769  memchr                         
000027ef  memcpy                         
00002b3d  memset                         
200007ac  parmbuf                        
00002ead  printf                         
00002921  putc                           
000036c5  remove                         
00002271  scalbn                         
00002271  scalbnl                        
00002661  setvbuf                        
0000380f  strchr                         
000037f7  strcmp                         
00003825  strcpy                         
00003839  strlen                         
00003591  strncpy                        
000036c5  unlink                         
0000384d  wcslen                         
00003741  write                          


GLOBAL SYMBOLS: SORTED BY Symbol Address 

address   name                           
-------   ----                           
00000000  __TI_static_base__             
00000000  interruptVectors               
000000e5  __TI_printfi                   
00000200  __STACK_SIZE                   
00000400  __SYSMEM_SIZE                  
00000b33  _nop                           
00000b35  RTC_I2C1_Init                  
00000b6d  RTC_Temperature                
00000bdf  RTC_I2C1_BurstWrite            
00000c6f  RTC_I2C1_BurstRead             
00000d43  RTC_PrintTime                  
00000dc3  RTC_BCD_to_Decimal             
00000deb  RTC_Decimal_to_BCD             
00000e29  RTC_Integers_to_BCD            
00000ec9  SystemCoreClockUpdate          
00001141  SystemInit                     
000011fd  main                           
000012d1  Init                           
00001387  Print_Date                     
000013dd  Print_Time                     
00001559  Keypad_Row_P2_Init             
000015a3  Keypad_Col_P5_Init             
000015cd  Keypad_Disable                 
000015df  Keypad_Enable                  
000015f7  PORT2_IRQHandler               
000015f7  PORT2_IRQHandler               
00001609  Keypad_Read                    
00001725  Keypad_PrintKey                
00001c0d  __aeabi_dsub                   
00001c17  __aeabi_dadd                   
00001dc3  __aeabi_idiv0                  
00001dc3  __aeabi_ldiv0                  
00001f01  __aeabi_ddiv                   
0000215d  fputs                          
00002271  ldexp                          
00002271  ldexpl                         
00002271  scalbn                         
00002271  scalbnl                        
00002381  aligned_alloc                  
00002381  memalign                       
00002481  __aeabi_dmul                   
0000257d  free                           
00002661  setvbuf                        
000027ef  __aeabi_memcpy                 
000027ef  __aeabi_memcpy4                
000027ef  __aeabi_memcpy8                
000027ef  memcpy                         
0000288b  __aeabi_uldivmod               
00002921  fputc                          
00002921  putc                           
000029ad  __aeabi_cdcmpeq                
000029ad  __aeabi_cdcmple                
00002a33  __aeabi_cdrcmple               
00002ab9  SysTick_Init                   
00002ad5  SysTick_Delay_ms               
00002aff  SysTick_Delay_us               
00002b35  __aeabi_memclr                 
00002b35  __aeabi_memclr4                
00002b35  __aeabi_memclr8                
00002b37  __aeabi_memset                 
00002b37  __aeabi_memset4                
00002b37  __aeabi_memset8                
00002b3d  memset                         
00002bb1  __TI_closefile                 
00002d03  __aeabi_d2f                    
00002d71  HOSTrename                     
00002ddd  HOSTlseek                      
00002e45  __TI_decompress_lzss           
00002ead  printf                         
00002f15  frexp                          
00002f15  frexpl                         
00002f79  fseek                          
00002fdd  __TI_wrt_ok                    
00003041  HOSTopen                       
000030a1  close                          
000030fd  HOSTread                       
00003155  HOSTwrite                      
00003203  __TI_ltoa                      
000032a9  __TI_doflush                   
000032f5  atoi                           
00003341  exit                           
00003389  __aeabi_d2iz                   
000033d1  HOSTclose                      
00003415  HOSTunlink                     
00003459  __TI_auto_init_nobinit_nopinit 
0000349d  getdevice                      
00003521  __TI_writemsg                  
0000354f  C$$IO$$                        
00003559  __aeabi_f2d                    
00003591  strncpy                        
000035c9  __TI_cleanup                   
000035fd  __TI_readmsg                   
00003631  _c_int00_noargs                
00003665  finddevice                     
00003695  __aeabi_i2d                    
000036c5  remove                         
000036c5  unlink                         
00003719  lseek                          
00003741  write                          
00003769  memchr                         
00003789  __TI_zero_init_nomemset        
000037c1  memccpy                        
000037dd  copysign                       
000037dd  copysignl                      
000037f7  strcmp                         
0000380f  strchr                         
00003825  strcpy                         
00003839  strlen                         
0000384d  wcslen                         
0000385f  __TI_decompress_none           
0000386d  Reset_Handler                  
00003879  ADC14_IRQHandler               
00003879  AES256_IRQHandler              
00003879  BusFault_Handler               
00003879  COMP_E0_IRQHandler             
00003879  COMP_E1_IRQHandler             
00003879  CS_IRQHandler                  
00003879  DMA_ERR_IRQHandler             
00003879  DMA_INT0_IRQHandler            
00003879  DMA_INT1_IRQHandler            
00003879  DMA_INT2_IRQHandler            
00003879  DMA_INT3_IRQHandler            
00003879  DebugMon_Handler               
00003879  Default_Handler                
00003879  EUSCIA0_IRQHandler             
00003879  EUSCIA1_IRQHandler             
00003879  EUSCIA2_IRQHandler             
00003879  EUSCIA3_IRQHandler             
00003879  EUSCIB0_IRQHandler             
00003879  EUSCIB1_IRQHandler             
00003879  EUSCIB2_IRQHandler             
00003879  EUSCIB3_IRQHandler             
00003879  FLCTL_IRQHandler               
00003879  FPU_IRQHandler                 
00003879  HardFault_Handler              
00003879  MemManage_Handler              
00003879  NMI_Handler                    
00003879  PCM_IRQHandler                 
00003879  PORT1_IRQHandler               
00003879  PORT3_IRQHandler               
00003879  PORT4_IRQHandler               
00003879  PORT5_IRQHandler               
00003879  PORT6_IRQHandler               
00003879  PSS_IRQHandler                 
00003879  PendSV_Handler                 
00003879  RTC_C_IRQHandler               
00003879  SVC_Handler                    
00003879  SysTick_Handler                
00003879  T32_INT1_IRQHandler            
00003879  T32_INT2_IRQHandler            
00003879  T32_INTC_IRQHandler            
00003879  TA0_0_IRQHandler               
00003879  TA0_N_IRQHandler               
00003879  TA1_0_IRQHandler               
00003879  TA1_N_IRQHandler               
00003879  TA2_0_IRQHandler               
00003879  TA2_N_IRQHandler               
00003879  TA3_0_IRQHandler               
00003879  TA3_N_IRQHandler               
00003879  UsageFault_Handler             
00003879  WDT_A_IRQHandler               
0000387d  __aeabi_errno_addr             
00003885  malloc                         
00003895  _system_pre_init               
00003899  C$$EXIT                        
00003899  abort                          
0000389c  _ctypes_                       
00003a90  __TI_Handler_Table_Base        
00003a9c  __TI_Handler_Table_Limit       
00003aa8  __TI_CINIT_Base                
00003ab8  __TI_CINIT_Limit               
20000000  __start___llvm_prf_cnts        
20000000  __stop___llvm_prf_cnts         
20000000  _sys_memory                    
20000400  _ftable                        
200004f0  _device                        
20000568  _stream                        
200005b8  __TI_ft_end                    
200005bc  __aeabi_stdin                  
200005c0  __aeabi_stdout                 
200005c4  __aeabi_stderr                 
200005c8  __TI_cleanup_ptr               
200005cc  __TI_dtors_ptr                 
200005d0  __TI_enable_exit_profile_output
200005d4  _lock                          
200005d8  _unlock                        
200005e4  errno                          
200005e8  SystemCoreClock                
200005ec  __CIOBUF_                      
2000070c  __TI_tmpnams                   
200007ac  parmbuf                        
200007b4  Keypad_Interrupt               
2000fe00  __stack                        
20010000  __STACK_END                    
4000480c  WDTCTL_SYM                     
ffffffff  __TI_pprof_out_hndl            
ffffffff  __TI_prof_data_size            
ffffffff  __TI_prof_data_start           
ffffffff  __binit__                      
ffffffff  __c_args__                     
ffffffff  binit                          
UNDEFED   __mpu_init                     
UNDEFED   _system_post_cinit             

[203 symbols]
