******************************************************************************
                  TI ARM Linker Unix v20.2.2                   
******************************************************************************
>> Linked Sat Oct 31 15:13:12 2020

OUTPUT FILE NAME:   <Lab 8.out>
ENTRY POINT SYMBOL: "_c_int00_noargs"  address: 00000b01


MEMORY CONFIGURATION

         name            origin    length      used     unused   attr    fill
----------------------  --------  ---------  --------  --------  ----  --------
  MAIN                  00000000   00040000  00000b82  0003f47e  R  X
  INFO                  00200000   00004000  00000000  00004000  R  X
  SRAM_CODE             01000000   00010000  00000210  0000fdf0  RW X
  SRAM_DATA             20000000   00010000  00000210  0000fdf0  RW  


SEGMENT ALLOCATION MAP

run origin  load origin   length   init length attrs members
----------  ----------- ---------- ----------- ----- -------
00000000    00000000    00000b88   00000b88    r-x
  00000000    00000000    000000e4   000000e4    r-- .intvecs
  000000e4    000000e4    00000a74   00000a74    r-x .text
  00000b58    00000b58    0000000a   0000000a    r-- .const
  00000b68    00000b68    00000020   00000020    r-- .cinit
20000000    20000000    00000010   00000000    rw-
  20000000    20000000    00000010   00000000    rw- .data
2000fe00    2000fe00    00000200   00000000    rw-
  2000fe00    2000fe00    00000200   00000000    rw- .stack


SECTION ALLOCATION MAP

 output                                  attributes/
section   page    origin      length       input sections
--------  ----  ----------  ----------   ----------------
.intvecs   0    00000000    000000e4     
                  00000000    000000e4     startup_msp432p401r_ccs.obj (.intvecs:retain)

.text      0    000000e4    00000a74     
                  000000e4    00000334     system_msp432p401r.obj (.text)
                  00000418    00000250     main.obj (.text)
                  00000668    000001ac     SevenSeg.obj (.text)
                  00000814    000001a4     Time.obj (.text)
                  000009b8    0000009c     rtsv7M4_T_le_v4SPD16_eabi.lib : memcpy_t2.asm.obj (.text)
                  00000a54    00000068                                   : copy_decompress_lzss.c.obj (.text:decompress:lzss:__TI_decompress_lzss)
                  00000abc    00000044                                   : autoinit.c.obj (.text:__TI_auto_init_nobinit_nopinit:__TI_auto_init_nobinit_nopinit)
                  00000b00    00000034                                   : boot_cortex_m.c.obj (.text:_c_int00_noargs:_c_int00_noargs)
                  00000b34    0000000e                                   : copy_decompress_none.c.obj (.text:decompress:none:__TI_decompress_none)
                  00000b42    0000000e     startup_msp432p401r_ccs.obj (.text)
                  00000b50    00000004     rtsv7M4_T_le_v4SPD16_eabi.lib : pre_init.c.obj (.text:_system_pre_init)
                  00000b54    00000004                                   : exit.c.obj (.text:abort:abort)

.const     0    00000b58    0000000a     
                  00000b58    0000000a     SevenSeg.obj (.const:.string:$P$T2$1)

.cinit     0    00000b68    00000020     
                  00000b68    00000010     (.cinit..data.load) [load image, compression = lzss]
                  00000b78    00000008     (__TI_handler_table)
                  00000b80    00000008     (__TI_cinit_table)

.init_array 
*          0    00000000    00000000     UNINITIALIZED

.binit     0    00000000    00000000     

.data      0    20000000    00000010     UNINITIALIZED
                  20000000    0000000c     main.obj (.data)
                  2000000c    00000004     system_msp432p401r.obj (.data)

.stack     0    2000fe00    00000200     UNINITIALIZED
                  2000fe00    00000004     rtsv7M4_T_le_v4SPD16_eabi.lib : boot_cortex_m.c.obj (.stack)
                  2000fe04    000001fc     --HOLE--

__llvm_prf_cnts 
*          0    20000000    00000000     UNINITIALIZED

MODULE SUMMARY

       Module                        code   ro data   rw data
       ------                        ----   -------   -------
    ./
       system_msp432p401r.obj        820    0         8      
       main.obj                      592    0         24     
       SevenSeg.obj                  428    10        0      
       Time.obj                      420    0         0      
       startup_msp432p401r_ccs.obj   14     228       0      
    +--+-----------------------------+------+---------+---------+
       Total:                        2274   238       32     
                                                             
    /Applications/ti/ccs1010/ccs/tools/compiler/ti-cgt-arm_20.2.2.LTS/lib/rtsv7M4_T_le_v4SPD16_eabi.lib
       memcpy_t2.asm.obj             156    0         0      
       copy_decompress_lzss.c.obj    104    0         0      
       autoinit.c.obj                68     0         0      
       boot_cortex_m.c.obj           52     0         0      
       copy_decompress_none.c.obj    14     0         0      
       exit.c.obj                    4      0         0      
       pre_init.c.obj                4      0         0      
    +--+-----------------------------+------+---------+---------+
       Total:                        402    0         0      
                                                             
       Stack:                        0      0         1024   
       Linker Generated:             0      32        0      
    +--+-----------------------------+------+---------+---------+
       Grand Total:                  2676   270       1056   


LINKER GENERATED COPY TABLES

__TI_cinit_table @ 00000b80 records: 1, size/record: 8, table size: 8
	.data: load addr=00000b68, load size=00000010 bytes, run addr=20000000, run size=00000010 bytes, compression=lzss


LINKER GENERATED HANDLER TABLE

__TI_handler_table @ 00000b78 records: 2, size/record: 4, table size: 8
	index: 0, handler: __TI_decompress_lzss
	index: 1, handler: __TI_decompress_none


GLOBAL SYMBOLS: SORTED ALPHABETICALLY BY Name 

address   name                          
-------   ----                          
00000b4f  ADC14_IRQHandler              
00000b4f  AES256_IRQHandler             
00000b4f  BusFault_Handler              
20000004  Button_Count                  
00000549  Button_P6_Init                
20000000  Button_Pressed                
00000b55  C$$EXIT                       
00000b4f  COMP_E0_IRQHandler            
00000b4f  COMP_E1_IRQHandler            
00000b4f  CS_IRQHandler                 
00000841  Clock_48MHz_Init              
00000b4f  DMA_ERR_IRQHandler            
00000b4f  DMA_INT0_IRQHandler           
00000b4f  DMA_INT1_IRQHandler           
00000b4f  DMA_INT2_IRQHandler           
00000b4f  DMA_INT3_IRQHandler           
00000b4f  DebugMon_Handler              
00000b4f  Default_Handler               
00000b4f  EUSCIA0_IRQHandler            
00000b4f  EUSCIA1_IRQHandler            
00000b4f  EUSCIA2_IRQHandler            
00000b4f  EUSCIA3_IRQHandler            
00000b4f  EUSCIB0_IRQHandler            
00000b4f  EUSCIB1_IRQHandler            
00000b4f  EUSCIB2_IRQHandler            
00000b4f  EUSCIB3_IRQHandler            
00000b4f  FLCTL_IRQHandler              
00000b4f  FPU_IRQHandler                
00000b4f  HardFault_Handler             
0000048d  Init                          
00000b4f  MemManage_Handler             
00000b4f  NMI_Handler                   
00000b4f  PCM_IRQHandler                
00000b4f  PORT1_IRQHandler              
00000b4f  PORT2_IRQHandler              
00000b4f  PORT3_IRQHandler              
00000b4f  PORT4_IRQHandler              
00000b4f  PORT5_IRQHandler              
0000059f  PORT6_IRQHandler              
0000059f  PORT6_IRQHandler              
00000b4f  PSS_IRQHandler                
00000b4f  PendSV_Handler                
00000b4f  RTC_C_IRQHandler              
00000b43  Reset_Handler                 
00000b4f  SVC_Handler                   
20000008  Second_Count                  
000006ef  SevenSeg_MAX7219_Init         
00000669  SevenSeg_P2_UCA1_Init         
0000073f  SevenSeg_Write                
0000078b  SevenSeg_WriteInteger         
000008c5  SysTick_Delay_ms              
00000919  SysTick_Delay_us              
00000b4f  SysTick_Handler               
000008a9  SysTick_Init                  
2000000c  SystemCoreClock               
000000e5  SystemCoreClockUpdate         
0000035d  SystemInit                    
000005b7  T32_INT1_IRQHandler           
000005b7  T32_INT1_IRQHandler           
00000b4f  T32_INT2_IRQHandler           
00000b4f  T32_INTC_IRQHandler           
00000b4f  TA0_0_IRQHandler              
00000b4f  TA0_N_IRQHandler              
00000b4f  TA1_0_IRQHandler              
00000b4f  TA1_N_IRQHandler              
00000b4f  TA2_0_IRQHandler              
00000b4f  TA2_N_IRQHandler              
00000b4f  TA3_0_IRQHandler              
00000b4f  TA3_N_IRQHandler              
00000943  Timer32_1_Interrupt_Init      
00000b4f  UsageFault_Handler            
4000480c  WDTCTL_SYM                    
00000b4f  WDT_A_IRQHandler              
20010000  __STACK_END                   
00000200  __STACK_SIZE                  
00000b80  __TI_CINIT_Base               
00000b88  __TI_CINIT_Limit              
00000b78  __TI_Handler_Table_Base       
00000b80  __TI_Handler_Table_Limit      
00000abd  __TI_auto_init_nobinit_nopinit
00000a55  __TI_decompress_lzss          
00000b35  __TI_decompress_none          
ffffffff  __TI_pprof_out_hndl           
ffffffff  __TI_prof_data_size           
ffffffff  __TI_prof_data_start          
00000000  __TI_static_base__            
000009b9  __aeabi_memcpy                
000009b9  __aeabi_memcpy4               
000009b9  __aeabi_memcpy8               
ffffffff  __binit__                     
ffffffff  __c_args__                    
UNDEFED   __mpu_init                    
2000fe00  __stack                       
20000000  __start___llvm_prf_cnts       
20000000  __stop___llvm_prf_cnts        
00000b01  _c_int00_noargs               
UNDEFED   _system_post_cinit            
00000b51  _system_pre_init              
00000b55  abort                         
ffffffff  binit                         
00000000  interruptVectors              
00000445  main                          
000009b9  memcpy                        


GLOBAL SYMBOLS: SORTED BY Symbol Address 

address   name                          
-------   ----                          
00000000  __TI_static_base__            
00000000  interruptVectors              
000000e5  SystemCoreClockUpdate         
00000200  __STACK_SIZE                  
0000035d  SystemInit                    
00000445  main                          
0000048d  Init                          
00000549  Button_P6_Init                
0000059f  PORT6_IRQHandler              
0000059f  PORT6_IRQHandler              
000005b7  T32_INT1_IRQHandler           
000005b7  T32_INT1_IRQHandler           
00000669  SevenSeg_P2_UCA1_Init         
000006ef  SevenSeg_MAX7219_Init         
0000073f  SevenSeg_Write                
0000078b  SevenSeg_WriteInteger         
00000841  Clock_48MHz_Init              
000008a9  SysTick_Init                  
000008c5  SysTick_Delay_ms              
00000919  SysTick_Delay_us              
00000943  Timer32_1_Interrupt_Init      
000009b9  __aeabi_memcpy                
000009b9  __aeabi_memcpy4               
000009b9  __aeabi_memcpy8               
000009b9  memcpy                        
00000a55  __TI_decompress_lzss          
00000abd  __TI_auto_init_nobinit_nopinit
00000b01  _c_int00_noargs               
00000b35  __TI_decompress_none          
00000b43  Reset_Handler                 
00000b4f  ADC14_IRQHandler              
00000b4f  AES256_IRQHandler             
00000b4f  BusFault_Handler              
00000b4f  COMP_E0_IRQHandler            
00000b4f  COMP_E1_IRQHandler            
00000b4f  CS_IRQHandler                 
00000b4f  DMA_ERR_IRQHandler            
00000b4f  DMA_INT0_IRQHandler           
00000b4f  DMA_INT1_IRQHandler           
00000b4f  DMA_INT2_IRQHandler           
00000b4f  DMA_INT3_IRQHandler           
00000b4f  DebugMon_Handler              
00000b4f  Default_Handler               
00000b4f  EUSCIA0_IRQHandler            
00000b4f  EUSCIA1_IRQHandler            
00000b4f  EUSCIA2_IRQHandler            
00000b4f  EUSCIA3_IRQHandler            
00000b4f  EUSCIB0_IRQHandler            
00000b4f  EUSCIB1_IRQHandler            
00000b4f  EUSCIB2_IRQHandler            
00000b4f  EUSCIB3_IRQHandler            
00000b4f  FLCTL_IRQHandler              
00000b4f  FPU_IRQHandler                
00000b4f  HardFault_Handler             
00000b4f  MemManage_Handler             
00000b4f  NMI_Handler                   
00000b4f  PCM_IRQHandler                
00000b4f  PORT1_IRQHandler              
00000b4f  PORT2_IRQHandler              
00000b4f  PORT3_IRQHandler              
00000b4f  PORT4_IRQHandler              
00000b4f  PORT5_IRQHandler              
00000b4f  PSS_IRQHandler                
00000b4f  PendSV_Handler                
00000b4f  RTC_C_IRQHandler              
00000b4f  SVC_Handler                   
00000b4f  SysTick_Handler               
00000b4f  T32_INT2_IRQHandler           
00000b4f  T32_INTC_IRQHandler           
00000b4f  TA0_0_IRQHandler              
00000b4f  TA0_N_IRQHandler              
00000b4f  TA1_0_IRQHandler              
00000b4f  TA1_N_IRQHandler              
00000b4f  TA2_0_IRQHandler              
00000b4f  TA2_N_IRQHandler              
00000b4f  TA3_0_IRQHandler              
00000b4f  TA3_N_IRQHandler              
00000b4f  UsageFault_Handler            
00000b4f  WDT_A_IRQHandler              
00000b51  _system_pre_init              
00000b55  C$$EXIT                       
00000b55  abort                         
00000b78  __TI_Handler_Table_Base       
00000b80  __TI_CINIT_Base               
00000b80  __TI_Handler_Table_Limit      
00000b88  __TI_CINIT_Limit              
20000000  Button_Pressed                
20000000  __start___llvm_prf_cnts       
20000000  __stop___llvm_prf_cnts        
20000004  Button_Count                  
20000008  Second_Count                  
2000000c  SystemCoreClock               
2000fe00  __stack                       
20010000  __STACK_END                   
4000480c  WDTCTL_SYM                    
ffffffff  __TI_pprof_out_hndl           
ffffffff  __TI_prof_data_size           
ffffffff  __TI_prof_data_start          
ffffffff  __binit__                     
ffffffff  __c_args__                    
ffffffff  binit                         
UNDEFED   __mpu_init                    
UNDEFED   _system_post_cinit            

[103 symbols]
