******************************************************************************
                  TI ARM Linker Unix v20.2.2                   
******************************************************************************
>> Linked Fri Nov 20 19:58:52 2020

OUTPUT FILE NAME:   <Lab 3 - Part 2.out>
ENTRY POINT SYMBOL: "_c_int00_noargs"  address: 00002ee5


MEMORY CONFIGURATION

         name            origin    length      used     unused   attr    fill
----------------------  --------  ---------  --------  --------  ----  --------
  MAIN                  00000000   00040000  000032e9  0003cd17  R  X
  INFO                  00200000   00004000  00000000  00004000  R  X
  SRAM_CODE             01000000   00010000  000009c4  0000f63c  RW X
  SRAM_DATA             20000000   00010000  000009c4  0000f63c  RW  


SEGMENT ALLOCATION MAP

run origin  load origin   length   init length attrs members
----------  ----------- ---------- ----------- ----- -------
00000000    00000000    000032f0   000032f0    r-x
  00000000    00000000    000000e4   000000e4    r-- .intvecs
  000000e4    000000e4    0000306c   0000306c    r-x .text
  00003150    00003150    00000101   00000101    r-- .const
  00003258    00003258    00000098   00000098    r-- .cinit
20000000    20000000    000007c4   00000000    rw-
  20000000    20000000    00000400   00000000    rw- .sysmem
  20000400    20000400    000001fc   00000000    rw- .data
  200005fc    200005fc    000001c8   00000000    rw- .bss
2000fe00    2000fe00    00000200   00000000    rw-
  2000fe00    2000fe00    00000200   00000000    rw- .stack


SECTION ALLOCATION MAP

 output                                  attributes/
section   page    origin      length       input sections
--------  ----  ----------  ----------   ----------------
.intvecs   0    00000000    000000e4     
                  00000000    000000e4     startup_msp432p401r_ccs.obj (.intvecs:retain)

.text      0    000000e4    0000306c     
                  000000e4    00000a4e     rtsv7M4_T_le_v4SPD16_eabi.lib : _printfi.c.obj (.text:__TI_printfi)
                  00000b32    00000002                                   : _lock.c.obj (.text:_nop)
                  00000b34    00000338     main.obj (.text)
                  00000e6c    00000334     system_msp432p401r.obj (.text)
                  000011a0    00000270     rtsv7M4_T_le_v4SPD16_eabi.lib : _printfi.c.obj (.text:_pconv_a)
                  00001410    000001d0                                   : _printfi.c.obj (.text:_pconv_g)
                  000015e0    000001b6                                   : fd_add_t2.asm.obj (.text)
                  00001796    00000002                                   : div0.asm.obj (.text)
                  00001798    0000013c                                   : _printfi.c.obj (.text:_pconv_e)
                  000018d4    00000136                                   : fd_div_t2.asm.obj (.text)
                  00001a0a    00000002     --HOLE-- [fill = 0]
                  00001a0c    00000124                                   : _printfi.c.obj (.text:fcvt)
                  00001b30    00000114                                   : fputs.c.obj (.text:fputs)
                  00001c44    00000110                                   : s_scalbn.c.obj (.text:scalbn)
                  00001d54    00000100                                   : memory.c.obj (.text:aligned_alloc)
                  00001e54    000000fc                                   : fd_mul_t2.asm.obj (.text)
                  00001f50    000000e4                                   : memory.c.obj (.text:free)
                  00002034    000000dc                                   : setvbuf.c.obj (.text:setvbuf)
                  00002110    000000b1                                   : _printfi.c.obj (.text:_ltostr)
                  000021c1    00000001     --HOLE-- [fill = 0]
                  000021c2    0000009c                                   : memcpy_t2.asm.obj (.text)
                  0000225e    00000096                                   : ull_div_t2.asm.obj (.text)
                  000022f4    0000008c                                   : fputc.c.obj (.text:fputc)
                  00002380    00000086                                   : fd_cmp_t2.asm.obj (.text:__aeabi_cdcmple)
                  00002406    00000086                                   : fd_cmp_t2.asm.obj (.text:__aeabi_cdrcmple)
                  0000248c    0000007a                                   : memset_t2.asm.obj (.text)
                  00002506    00000002     --HOLE-- [fill = 0]
                  00002508    00000074                                   : fclose.c.obj (.text:__TI_closefile)
                  0000257c    00000070                                   : memory.c.obj (.text:split)
                  000025ec    0000006e                                   : _printfi.c.obj (.text:_mcpy)
                  0000265a    00000002     --HOLE-- [fill = 0]
                  0000265c    0000006c                                   : hostrename.c.obj (.text:HOSTrename)
                  000026c8    00000068                                   : hostlseek.c.obj (.text:HOSTlseek)
                  00002730    00000068                                   : copy_decompress_lzss.c.obj (.text:decompress:lzss:__TI_decompress_lzss)
                  00002798    00000068                                   : printf.c.obj (.text:printf)
                  00002800    00000064                                   : s_frexp.c.obj (.text:frexp)
                  00002864    00000064                                   : fseek.c.obj (.text:fseek)
                  000028c8    00000062                                   : _io_perm.c.obj (.text:__TI_wrt_ok)
                  0000292a    00000002     --HOLE-- [fill = 0]
                  0000292c    00000060                                   : hostopen.c.obj (.text:HOSTopen)
                  0000298c    0000005c                                   : close.c.obj (.text:close)
                  000029e8    00000058                                   : hostread.c.obj (.text:HOSTread)
                  00002a40    00000058                                   : hostwrite.c.obj (.text:HOSTwrite)
                  00002a98    00000056                                   : _printfi.c.obj (.text:_pconv_f)
                  00002aee    00000054                                   : _ltoa.c.obj (.text:__TI_ltoa)
                  00002b42    00000052                                   : _printfi.c.obj (.text:_ecpy)
                  00002b94    0000004c                                   : fflush.c.obj (.text:__TI_doflush)
                  00002be0    0000004c                                   : atoi.c.obj (.text:atoi)
                  00002c2c    00000048                                   : exit.c.obj (.text:exit)
                  00002c74    00000048                                   : fd_toi_t2.asm.obj (.text)
                  00002cbc    00000044                                   : hostclose.c.obj (.text:HOSTclose)
                  00002d00    00000044                                   : hostunlink.c.obj (.text:HOSTunlink)
                  00002d44    00000044                                   : autoinit.c.obj (.text:__TI_auto_init_nobinit_nopinit:__TI_auto_init_nobinit_nopinit)
                  00002d88    00000044                                   : getdevice.c.obj (.text:getdevice)
                  00002dcc    0000003e                                   : _printfi.c.obj (.text:_fcpy)
                  00002e0a    00000002     --HOLE-- [fill = 0]
                  00002e0c    00000038                                   : trgmsg.c.obj (.text:__TI_writemsg)
                  00002e44    00000036                                   : strncpy.c.obj (.text:strncpy)
                  00002e7a    00000002     --HOLE-- [fill = 0]
                  00002e7c    00000034                                   : fopen.c.obj (.text:__TI_cleanup)
                  00002eb0    00000034                                   : trgmsg.c.obj (.text:__TI_readmsg)
                  00002ee4    00000034                                   : boot_cortex_m.c.obj (.text:_c_int00_noargs:_c_int00_noargs)
                  00002f18    00000030                                   : getdevice.c.obj (.text:finddevice)
                  00002f48    0000002e                                   : i_tofd_t2.asm.obj (.text)
                  00002f76    00000002     --HOLE-- [fill = 0]
                  00002f78    0000002c                                   : unlink.c.obj (.text:unlink)
                  00002fa4    00000028                                   : memory.c.obj (.text:free_list_insert)
                  00002fcc    00000028                                   : lseek.c.obj (.text:lseek)
                  00002ff4    00000028                                   : write.c.obj (.text:write)
                  0000301c    00000020                                   : memchr.c.obj (.text:memchr)
                  0000303c    0000001c                                   : copy_zero_init.c.obj (.text:decompress:ZI:__TI_zero_init_nomemset:__TI_zero_init_nomemset)
                  00003058    0000001c                                   : memory.c.obj (.text:free_list_remove)
                  00003074    0000001c                                   : memccpy.c.obj (.text:memccpy)
                  00003090    0000001a                                   : s_copysign.c.obj (.text:copysign)
                  000030aa    00000018                                   : strcmp.c.obj (.text:strcmp)
                  000030c2    00000016                                   : strchr.c.obj (.text:strchr)
                  000030d8    00000014                                   : strcpy.c.obj (.text:strcpy)
                  000030ec    00000014                                   : strlen.c.obj (.text:strlen)
                  00003100    00000012                                   : wcslen.c.obj (.text:wcslen)
                  00003112    0000000e                                   : copy_decompress_none.c.obj (.text:decompress:none:__TI_decompress_none)
                  00003120    0000000e     startup_msp432p401r_ccs.obj (.text)
                  0000312e    00000002     --HOLE-- [fill = 0]
                  00003130    00000008     rtsv7M4_T_le_v4SPD16_eabi.lib : errno.c.obj (.text:__aeabi_errno_addr)
                  00003138    00000008                                   : memory.c.obj (.text:malloc)
                  00003140    00000004                                   : printf.c.obj (.text:_outc)
                  00003144    00000004                                   : printf.c.obj (.text:_outs)
                  00003148    00000004                                   : pre_init.c.obj (.text:_system_pre_init)
                  0000314c    00000004                                   : exit.c.obj (.text:abort:abort)

.const     0    00003150    00000101     
                  00003150    00000101     rtsv7M4_T_le_v4SPD16_eabi.lib : ctype.c.obj (.const:.string:_ctypes_)

.cinit     0    00003258    00000098     
                  00003258    0000006e     (.cinit..data.load) [load image, compression = lzss]
                  000032c6    00000002     --HOLE-- [fill = 0]
                  000032c8    0000000c     (__TI_handler_table)
                  000032d4    00000004     --HOLE-- [fill = 0]
                  000032d8    00000008     (.cinit..bss.load) [load image, compression = zero_init]
                  000032e0    00000010     (__TI_cinit_table)

.init_array 
*          0    00000000    00000000     UNINITIALIZED

.binit     0    00000000    00000000     

.sysmem    0    20000000    00000400     UNINITIALIZED
                  20000000    00000010     rtsv7M4_T_le_v4SPD16_eabi.lib : memory.c.obj (.sysmem)
                  20000010    000003f0     --HOLE--

.data      0    20000400    000001fc     UNINITIALIZED
                  20000400    000000f0     rtsv7M4_T_le_v4SPD16_eabi.lib : defs.c.obj (.data:_ftable)
                  200004f0    00000078                                   : host_device.c.obj (.data:_device)
                  20000568    00000050                                   : host_device.c.obj (.data:_stream)
                  200005b8    00000010                                   : defs.c.obj (.data)
                  200005c8    0000000d     main.obj (.data)
                  200005d5    00000003     --HOLE--
                  200005d8    0000000c     rtsv7M4_T_le_v4SPD16_eabi.lib : exit.c.obj (.data:$O1$$)
                  200005e4    00000008                                   : _lock.c.obj (.data:$O1$$)
                  200005ec    00000008                                   : memory.c.obj (.data:$O1$$)
                  200005f4    00000004                                   : errno.c.obj (.data)
                  200005f8    00000004     system_msp432p401r.obj (.data)

.bss       0    200005fc    000001c8     UNINITIALIZED
                  200005fc    00000120     rtsv7M4_T_le_v4SPD16_eabi.lib : trgmsg.c.obj (.bss:_CIOBUF_)
                  2000071c    000000a0     (.common:__TI_tmpnams)
                  200007bc    00000008     (.common:parmbuf)

.stack     0    2000fe00    00000200     UNINITIALIZED
                  2000fe00    00000004     rtsv7M4_T_le_v4SPD16_eabi.lib : boot_cortex_m.c.obj (.stack)
                  2000fe04    000001fc     --HOLE--

__llvm_prf_cnts 
*          0    20000000    00000000     UNINITIALIZED

MODULE SUMMARY

       Module                        code    ro data   rw data
       ------                        ----    -------   -------
    ./
       main.obj                      824     0         26     
       system_msp432p401r.obj        820     0         8      
       startup_msp432p401r_ccs.obj   14      228       0      
    +--+-----------------------------+-------+---------+---------+
       Total:                        1658    228       34     
                                                              
    /Applications/ti/ccs1010/ccs/tools/compiler/ti-cgt-arm_20.2.2.LTS/lib/rtsv7M4_T_le_v4SPD16_eabi.lib
       _printfi.c.obj                4851    0         0      
       defs.c.obj                    0       0         832    
       memory.c.obj                  672     0         16     
       trgmsg.c.obj                  108     0         576    
       fd_add_t2.asm.obj             438     0         0      
       host_device.c.obj             0       0         400    
       fd_div_t2.asm.obj             310     0         0      
       fputs.c.obj                   276     0         0      
       s_scalbn.c.obj                272     0         0      
       fd_cmp_t2.asm.obj             268     0         0      
       ctype.c.obj                   0       257       0      
       fd_mul_t2.asm.obj             252     0         0      
       setvbuf.c.obj                 220     0         0      
       memcpy_t2.asm.obj             156     0         0      
       ull_div_t2.asm.obj            150     0         0      
       fputc.c.obj                   140     0         0      
       memset_t2.asm.obj             122     0         0      
       fclose.c.obj                  116     0         0      
       getdevice.c.obj               116     0         0      
       hostopen.c.obj                96      0         16     
       printf.c.obj                  112     0         0      
       hostrename.c.obj              108     0         0      
       copy_decompress_lzss.c.obj    104     0         0      
       hostlseek.c.obj               104     0         0      
       exit.c.obj                    76      0         24     
       fseek.c.obj                   100     0         0      
       s_frexp.c.obj                 100     0         0      
       _io_perm.c.obj                98      0         0      
       close.c.obj                   92      0         0      
       hostread.c.obj                88      0         0      
       hostwrite.c.obj               88      0         0      
       _ltoa.c.obj                   84      0         0      
       atoi.c.obj                    76      0         0      
       fflush.c.obj                  76      0         0      
       fd_toi_t2.asm.obj             72      0         0      
       autoinit.c.obj                68      0         0      
       hostclose.c.obj               68      0         0      
       hostunlink.c.obj              68      0         0      
       strncpy.c.obj                 54      0         0      
       boot_cortex_m.c.obj           52      0         0      
       fopen.c.obj                   52      0         0      
       i_tofd_t2.asm.obj             46      0         0      
       unlink.c.obj                  44      0         0      
       lseek.c.obj                   40      0         0      
       write.c.obj                   40      0         0      
       memchr.c.obj                  32      0         0      
       copy_zero_init.c.obj          28      0         0      
       memccpy.c.obj                 28      0         0      
       s_copysign.c.obj              26      0         0      
       strcmp.c.obj                  24      0         0      
       strchr.c.obj                  22      0         0      
       strcpy.c.obj                  20      0         0      
       strlen.c.obj                  20      0         0      
       _lock.c.obj                   2       0         16     
       wcslen.c.obj                  18      0         0      
       errno.c.obj                   8       0         8      
       copy_decompress_none.c.obj    14      0         0      
       pre_init.c.obj                4       0         0      
       div0.asm.obj                  2       0         0      
    +--+-----------------------------+-------+---------+---------+
       Total:                        10721   257       1888   
                                                              
       Heap:                         0       0         2048   
       Stack:                        0       0         1024   
       Linker Generated:             0       146       0      
    +--+-----------------------------+-------+---------+---------+
       Grand Total:                  12379   631       4994   


LINKER GENERATED COPY TABLES

__TI_cinit_table @ 000032e0 records: 2, size/record: 8, table size: 16
	.data: load addr=00003258, load size=0000006e bytes, run addr=20000400, run size=000001fc bytes, compression=lzss
	.bss: load addr=000032d8, load size=00000008 bytes, run addr=200005fc, run size=000001c8 bytes, compression=zero_init


LINKER GENERATED HANDLER TABLE

__TI_handler_table @ 000032c8 records: 3, size/record: 4, table size: 12
	index: 0, handler: __TI_decompress_lzss
	index: 1, handler: __TI_decompress_none
	index: 2, handler: __TI_zero_init


GLOBAL SYMBOLS: SORTED ALPHABETICALLY BY Name 

address   name                           
-------   ----                           
0000312d  ADC14_IRQHandler               
0000312d  AES256_IRQHandler              
0000312d  BusFault_Handler               
0000314d  C$$EXIT                        
00002e3b  C$$IO$$                        
0000312d  COMP_E0_IRQHandler             
0000312d  COMP_E1_IRQHandler             
0000312d  CS_IRQHandler                  
0000312d  DMA_ERR_IRQHandler             
0000312d  DMA_INT0_IRQHandler            
0000312d  DMA_INT1_IRQHandler            
0000312d  DMA_INT2_IRQHandler            
0000312d  DMA_INT3_IRQHandler            
0000312d  DebugMon_Handler               
0000312d  Default_Handler                
0000312d  EUSCIA0_IRQHandler             
0000312d  EUSCIA1_IRQHandler             
0000312d  EUSCIA2_IRQHandler             
0000312d  EUSCIA3_IRQHandler             
0000312d  EUSCIB0_IRQHandler             
0000312d  EUSCIB1_IRQHandler             
0000312d  EUSCIB2_IRQHandler             
0000312d  EUSCIB3_IRQHandler             
0000312d  FLCTL_IRQHandler               
0000312d  FPU_IRQHandler                 
00002cbd  HOSTclose                      
000026c9  HOSTlseek                      
0000292d  HOSTopen                       
000029e9  HOSTread                       
0000265d  HOSTrename                     
00002d01  HOSTunlink                     
00002a41  HOSTwrite                      
0000312d  HardFault_Handler              
0000312d  MemManage_Handler              
0000312d  NMI_Handler                    
0000312d  PCM_IRQHandler                 
0000312d  PORT1_IRQHandler               
0000312d  PORT2_IRQHandler               
0000312d  PORT3_IRQHandler               
00000c4f  PORT4_IRQHandler               
00000c4f  PORT4_IRQHandler               
0000312d  PORT5_IRQHandler               
0000312d  PORT6_IRQHandler               
0000312d  PSS_IRQHandler                 
0000312d  PendSV_Handler                 
0000312d  RTC_C_IRQHandler               
00003121  Reset_Handler                  
0000312d  SVC_Handler                    
0000312d  SysTick_Handler                
00000d85  SysTick_Init                   
00000da1  SysTick_delay_ms               
00000dcb  SysTick_delay_us               
200005f8  SystemCoreClock                
00000e6d  SystemCoreClockUpdate          
000010e5  SystemInit                     
0000312d  T32_INT1_IRQHandler            
0000312d  T32_INT2_IRQHandler            
0000312d  T32_INTC_IRQHandler            
0000312d  TA0_0_IRQHandler               
0000312d  TA0_N_IRQHandler               
00000d39  TA1_0_IRQHandler               
00000d39  TA1_0_IRQHandler               
0000312d  TA1_N_IRQHandler               
0000312d  TA2_0_IRQHandler               
0000312d  TA2_N_IRQHandler               
0000312d  TA3_0_IRQHandler               
0000312d  TA3_N_IRQHandler               
00000ce3  TimerA01_init                  
00000ca9  TimerA0_port_remap             
00000d19  TimerA10_init                  
0000312d  UsageFault_Handler             
4000480c  WDTCTL_SYM                     
0000312d  WDT_A_IRQHandler               
200005fc  __CIOBUF_                      
20010000  __STACK_END                    
00000200  __STACK_SIZE                   
00000400  __SYSMEM_SIZE                  
000032e0  __TI_CINIT_Base                
000032f0  __TI_CINIT_Limit               
000032c8  __TI_Handler_Table_Base        
000032d4  __TI_Handler_Table_Limit       
00002d45  __TI_auto_init_nobinit_nopinit 
00002e7d  __TI_cleanup                   
200005d8  __TI_cleanup_ptr               
00002509  __TI_closefile                 
00002731  __TI_decompress_lzss           
00003113  __TI_decompress_none           
00002b95  __TI_doflush                   
200005dc  __TI_dtors_ptr                 
200005e0  __TI_enable_exit_profile_output
200005b8  __TI_ft_end                    
00002aef  __TI_ltoa                      
ffffffff  __TI_pprof_out_hndl            
000000e5  __TI_printfi                   
ffffffff  __TI_prof_data_size            
ffffffff  __TI_prof_data_start           
00002eb1  __TI_readmsg                   
00000000  __TI_static_base__             
2000071c  __TI_tmpnams                   
00002e0d  __TI_writemsg                  
000028c9  __TI_wrt_ok                    
0000303d  __TI_zero_init_nomemset        
00002381  __aeabi_cdcmpeq                
00002381  __aeabi_cdcmple                
00002407  __aeabi_cdrcmple               
00002c75  __aeabi_d2iz                   
000015eb  __aeabi_dadd                   
000018d5  __aeabi_ddiv                   
00001e55  __aeabi_dmul                   
000015e1  __aeabi_dsub                   
00003131  __aeabi_errno_addr             
00002f49  __aeabi_i2d                    
00001797  __aeabi_idiv0                  
00001797  __aeabi_ldiv0                  
0000248d  __aeabi_memclr                 
0000248d  __aeabi_memclr4                
0000248d  __aeabi_memclr8                
000021c3  __aeabi_memcpy                 
000021c3  __aeabi_memcpy4                
000021c3  __aeabi_memcpy8                
0000248f  __aeabi_memset                 
0000248f  __aeabi_memset4                
0000248f  __aeabi_memset8                
200005c4  __aeabi_stderr                 
200005bc  __aeabi_stdin                  
200005c0  __aeabi_stdout                 
0000225f  __aeabi_uldivmod               
ffffffff  __binit__                      
ffffffff  __c_args__                     
UNDEFED   __mpu_init                     
2000fe00  __stack                        
20000000  __start___llvm_prf_cnts        
20000000  __stop___llvm_prf_cnts         
00002ee5  _c_int00_noargs                
00003150  _ctypes_                       
200004f0  _device                        
20000400  _ftable                        
200005e4  _lock                          
00000b33  _nop                           
20000568  _stream                        
20000000  _sys_memory                    
UNDEFED   _system_post_cinit             
00003149  _system_pre_init               
200005e8  _unlock                        
0000314d  abort                          
00001d55  aligned_alloc                  
00002be1  atoi                           
ffffffff  binit                          
0000298d  close                          
00003091  copysign                       
00003091  copysignl                      
200005f4  errno                          
00002c2d  exit                           
00002f19  finddevice                     
000022f5  fputc                          
00001b31  fputs                          
00001f51  free                           
00002801  frexp                          
00002801  frexpl                         
00002865  fseek                          
00002d89  getdevice                      
200005cc  inches                         
00000bf9  initPort4                      
00000000  interruptVectors               
00001c45  ldexp                          
00001c45  ldexpl                         
00002fcd  lseek                          
00000b61  main                           
00003139  malloc                         
00001d55  memalign                       
00003075  memccpy                        
0000301d  memchr                         
000021c3  memcpy                         
00002495  memset                         
200005c8  millis                         
200007bc  parmbuf                        
00002799  printf                         
000022f5  putc                           
00002f79  remove                         
00001c45  scalbn                         
00001c45  scalbnl                        
00002035  setvbuf                        
000030c3  strchr                         
000030ab  strcmp                         
000030d9  strcpy                         
000030ed  strlen                         
00002e45  strncpy                        
00002f79  unlink                         
00000d03  update_LED_PWM                 
00003101  wcslen                         
00002ff5  write                          


GLOBAL SYMBOLS: SORTED BY Symbol Address 

address   name                           
-------   ----                           
00000000  __TI_static_base__             
00000000  interruptVectors               
000000e5  __TI_printfi                   
00000200  __STACK_SIZE                   
00000400  __SYSMEM_SIZE                  
00000b33  _nop                           
00000b61  main                           
00000bf9  initPort4                      
00000c4f  PORT4_IRQHandler               
00000c4f  PORT4_IRQHandler               
00000ca9  TimerA0_port_remap             
00000ce3  TimerA01_init                  
00000d03  update_LED_PWM                 
00000d19  TimerA10_init                  
00000d39  TA1_0_IRQHandler               
00000d39  TA1_0_IRQHandler               
00000d85  SysTick_Init                   
00000da1  SysTick_delay_ms               
00000dcb  SysTick_delay_us               
00000e6d  SystemCoreClockUpdate          
000010e5  SystemInit                     
000015e1  __aeabi_dsub                   
000015eb  __aeabi_dadd                   
00001797  __aeabi_idiv0                  
00001797  __aeabi_ldiv0                  
000018d5  __aeabi_ddiv                   
00001b31  fputs                          
00001c45  ldexp                          
00001c45  ldexpl                         
00001c45  scalbn                         
00001c45  scalbnl                        
00001d55  aligned_alloc                  
00001d55  memalign                       
00001e55  __aeabi_dmul                   
00001f51  free                           
00002035  setvbuf                        
000021c3  __aeabi_memcpy                 
000021c3  __aeabi_memcpy4                
000021c3  __aeabi_memcpy8                
000021c3  memcpy                         
0000225f  __aeabi_uldivmod               
000022f5  fputc                          
000022f5  putc                           
00002381  __aeabi_cdcmpeq                
00002381  __aeabi_cdcmple                
00002407  __aeabi_cdrcmple               
0000248d  __aeabi_memclr                 
0000248d  __aeabi_memclr4                
0000248d  __aeabi_memclr8                
0000248f  __aeabi_memset                 
0000248f  __aeabi_memset4                
0000248f  __aeabi_memset8                
00002495  memset                         
00002509  __TI_closefile                 
0000265d  HOSTrename                     
000026c9  HOSTlseek                      
00002731  __TI_decompress_lzss           
00002799  printf                         
00002801  frexp                          
00002801  frexpl                         
00002865  fseek                          
000028c9  __TI_wrt_ok                    
0000292d  HOSTopen                       
0000298d  close                          
000029e9  HOSTread                       
00002a41  HOSTwrite                      
00002aef  __TI_ltoa                      
00002b95  __TI_doflush                   
00002be1  atoi                           
00002c2d  exit                           
00002c75  __aeabi_d2iz                   
00002cbd  HOSTclose                      
00002d01  HOSTunlink                     
00002d45  __TI_auto_init_nobinit_nopinit 
00002d89  getdevice                      
00002e0d  __TI_writemsg                  
00002e3b  C$$IO$$                        
00002e45  strncpy                        
00002e7d  __TI_cleanup                   
00002eb1  __TI_readmsg                   
00002ee5  _c_int00_noargs                
00002f19  finddevice                     
00002f49  __aeabi_i2d                    
00002f79  remove                         
00002f79  unlink                         
00002fcd  lseek                          
00002ff5  write                          
0000301d  memchr                         
0000303d  __TI_zero_init_nomemset        
00003075  memccpy                        
00003091  copysign                       
00003091  copysignl                      
000030ab  strcmp                         
000030c3  strchr                         
000030d9  strcpy                         
000030ed  strlen                         
00003101  wcslen                         
00003113  __TI_decompress_none           
00003121  Reset_Handler                  
0000312d  ADC14_IRQHandler               
0000312d  AES256_IRQHandler              
0000312d  BusFault_Handler               
0000312d  COMP_E0_IRQHandler             
0000312d  COMP_E1_IRQHandler             
0000312d  CS_IRQHandler                  
0000312d  DMA_ERR_IRQHandler             
0000312d  DMA_INT0_IRQHandler            
0000312d  DMA_INT1_IRQHandler            
0000312d  DMA_INT2_IRQHandler            
0000312d  DMA_INT3_IRQHandler            
0000312d  DebugMon_Handler               
0000312d  Default_Handler                
0000312d  EUSCIA0_IRQHandler             
0000312d  EUSCIA1_IRQHandler             
0000312d  EUSCIA2_IRQHandler             
0000312d  EUSCIA3_IRQHandler             
0000312d  EUSCIB0_IRQHandler             
0000312d  EUSCIB1_IRQHandler             
0000312d  EUSCIB2_IRQHandler             
0000312d  EUSCIB3_IRQHandler             
0000312d  FLCTL_IRQHandler               
0000312d  FPU_IRQHandler                 
0000312d  HardFault_Handler              
0000312d  MemManage_Handler              
0000312d  NMI_Handler                    
0000312d  PCM_IRQHandler                 
0000312d  PORT1_IRQHandler               
0000312d  PORT2_IRQHandler               
0000312d  PORT3_IRQHandler               
0000312d  PORT5_IRQHandler               
0000312d  PORT6_IRQHandler               
0000312d  PSS_IRQHandler                 
0000312d  PendSV_Handler                 
0000312d  RTC_C_IRQHandler               
0000312d  SVC_Handler                    
0000312d  SysTick_Handler                
0000312d  T32_INT1_IRQHandler            
0000312d  T32_INT2_IRQHandler            
0000312d  T32_INTC_IRQHandler            
0000312d  TA0_0_IRQHandler               
0000312d  TA0_N_IRQHandler               
0000312d  TA1_N_IRQHandler               
0000312d  TA2_0_IRQHandler               
0000312d  TA2_N_IRQHandler               
0000312d  TA3_0_IRQHandler               
0000312d  TA3_N_IRQHandler               
0000312d  UsageFault_Handler             
0000312d  WDT_A_IRQHandler               
00003131  __aeabi_errno_addr             
00003139  malloc                         
00003149  _system_pre_init               
0000314d  C$$EXIT                        
0000314d  abort                          
00003150  _ctypes_                       
000032c8  __TI_Handler_Table_Base        
000032d4  __TI_Handler_Table_Limit       
000032e0  __TI_CINIT_Base                
000032f0  __TI_CINIT_Limit               
20000000  __start___llvm_prf_cnts        
20000000  __stop___llvm_prf_cnts         
20000000  _sys_memory                    
20000400  _ftable                        
200004f0  _device                        
20000568  _stream                        
200005b8  __TI_ft_end                    
200005bc  __aeabi_stdin                  
200005c0  __aeabi_stdout                 
200005c4  __aeabi_stderr                 
200005c8  millis                         
200005cc  inches                         
200005d8  __TI_cleanup_ptr               
200005dc  __TI_dtors_ptr                 
200005e0  __TI_enable_exit_profile_output
200005e4  _lock                          
200005e8  _unlock                        
200005f4  errno                          
200005f8  SystemCoreClock                
200005fc  __CIOBUF_                      
2000071c  __TI_tmpnams                   
200007bc  parmbuf                        
2000fe00  __stack                        
20010000  __STACK_END                    
4000480c  WDTCTL_SYM                     
ffffffff  __TI_pprof_out_hndl            
ffffffff  __TI_prof_data_size            
ffffffff  __TI_prof_data_start           
ffffffff  __binit__                      
ffffffff  __c_args__                     
ffffffff  binit                          
UNDEFED   __mpu_init                     
UNDEFED   _system_post_cinit             

[191 symbols]
