******************************************************************************
                  TI ARM Linker Unix v20.2.2                   
******************************************************************************
>> Linked Sat Oct  3 02:52:40 2020

OUTPUT FILE NAME:   <Lab 3 - Part 1.out>
ENTRY POINT SYMBOL: "_c_int00_noargs"  address: 00002de5


MEMORY CONFIGURATION

         name            origin    length      used     unused   attr    fill
----------------------  --------  ---------  --------  --------  ----  --------
  MAIN                  00000000   00040000  000031e9  0003ce17  R  X
  INFO                  00200000   00004000  00000000  00004000  R  X
  SRAM_CODE             01000000   00010000  000009bc  0000f644  RW X
  SRAM_DATA             20000000   00010000  000009bc  0000f644  RW  


SEGMENT ALLOCATION MAP

run origin  load origin   length   init length attrs members
----------  ----------- ---------- ----------- ----- -------
00000000    00000000    000031f0   000031f0    r-x
  00000000    00000000    000000e4   000000e4    r-- .intvecs
  000000e4    000000e4    00002f6c   00002f6c    r-x .text
  00003050    00003050    00000101   00000101    r-- .const
  00003158    00003158    00000098   00000098    r-- .cinit
20000000    20000000    000007bc   00000000    rw-
  20000000    20000000    00000400   00000000    rw- .sysmem
  20000400    20000400    000001f4   00000000    rw- .data
  200005f4    200005f4    000001c8   00000000    rw- .bss
2000fe00    2000fe00    00000200   00000000    rw-
  2000fe00    2000fe00    00000200   00000000    rw- .stack


SECTION ALLOCATION MAP

 output                                  attributes/
section   page    origin      length       input sections
--------  ----  ----------  ----------   ----------------
.intvecs   0    00000000    000000e4     
                  00000000    000000e4     startup_msp432p401r_ccs.obj (.intvecs:retain)

.text      0    000000e4    00002f6c     
                  000000e4    00000a4e     rtsv7M4_T_le_v4SPD16_eabi.lib : _printfi.c.obj (.text:__TI_printfi)
                  00000b32    00000002                                   : _lock.c.obj (.text:_nop)
                  00000b34    00000334     system_msp432p401r.obj (.text)
                  00000e68    00000270     rtsv7M4_T_le_v4SPD16_eabi.lib : _printfi.c.obj (.text:_pconv_a)
                  000010d8    00000238     main.obj (.text)
                  00001310    000001d0     rtsv7M4_T_le_v4SPD16_eabi.lib : _printfi.c.obj (.text:_pconv_g)
                  000014e0    000001b6                                   : fd_add_t2.asm.obj (.text)
                  00001696    00000002                                   : div0.asm.obj (.text)
                  00001698    0000013c                                   : _printfi.c.obj (.text:_pconv_e)
                  000017d4    00000136                                   : fd_div_t2.asm.obj (.text)
                  0000190a    00000002     --HOLE-- [fill = 0]
                  0000190c    00000124                                   : _printfi.c.obj (.text:fcvt)
                  00001a30    00000114                                   : fputs.c.obj (.text:fputs)
                  00001b44    00000110                                   : s_scalbn.c.obj (.text:scalbn)
                  00001c54    00000100                                   : memory.c.obj (.text:aligned_alloc)
                  00001d54    000000fc                                   : fd_mul_t2.asm.obj (.text)
                  00001e50    000000e4                                   : memory.c.obj (.text:free)
                  00001f34    000000dc                                   : setvbuf.c.obj (.text:setvbuf)
                  00002010    000000b1                                   : _printfi.c.obj (.text:_ltostr)
                  000020c1    00000001     --HOLE-- [fill = 0]
                  000020c2    0000009c                                   : memcpy_t2.asm.obj (.text)
                  0000215e    00000096                                   : ull_div_t2.asm.obj (.text)
                  000021f4    0000008c                                   : fputc.c.obj (.text:fputc)
                  00002280    00000086                                   : fd_cmp_t2.asm.obj (.text:__aeabi_cdcmple)
                  00002306    00000086                                   : fd_cmp_t2.asm.obj (.text:__aeabi_cdrcmple)
                  0000238c    0000007a                                   : memset_t2.asm.obj (.text)
                  00002406    00000002     --HOLE-- [fill = 0]
                  00002408    00000074                                   : fclose.c.obj (.text:__TI_closefile)
                  0000247c    00000070                                   : memory.c.obj (.text:split)
                  000024ec    0000006e                                   : _printfi.c.obj (.text:_mcpy)
                  0000255a    00000002     --HOLE-- [fill = 0]
                  0000255c    0000006c                                   : hostrename.c.obj (.text:HOSTrename)
                  000025c8    00000068                                   : hostlseek.c.obj (.text:HOSTlseek)
                  00002630    00000068                                   : copy_decompress_lzss.c.obj (.text:decompress:lzss:__TI_decompress_lzss)
                  00002698    00000068                                   : printf.c.obj (.text:printf)
                  00002700    00000064                                   : s_frexp.c.obj (.text:frexp)
                  00002764    00000064                                   : fseek.c.obj (.text:fseek)
                  000027c8    00000062                                   : _io_perm.c.obj (.text:__TI_wrt_ok)
                  0000282a    00000002     --HOLE-- [fill = 0]
                  0000282c    00000060                                   : hostopen.c.obj (.text:HOSTopen)
                  0000288c    0000005c                                   : close.c.obj (.text:close)
                  000028e8    00000058                                   : hostread.c.obj (.text:HOSTread)
                  00002940    00000058                                   : hostwrite.c.obj (.text:HOSTwrite)
                  00002998    00000056                                   : _printfi.c.obj (.text:_pconv_f)
                  000029ee    00000054                                   : _ltoa.c.obj (.text:__TI_ltoa)
                  00002a42    00000052                                   : _printfi.c.obj (.text:_ecpy)
                  00002a94    0000004c                                   : fflush.c.obj (.text:__TI_doflush)
                  00002ae0    0000004c                                   : atoi.c.obj (.text:atoi)
                  00002b2c    00000048                                   : exit.c.obj (.text:exit)
                  00002b74    00000048                                   : fd_toi_t2.asm.obj (.text)
                  00002bbc    00000044                                   : hostclose.c.obj (.text:HOSTclose)
                  00002c00    00000044                                   : hostunlink.c.obj (.text:HOSTunlink)
                  00002c44    00000044                                   : autoinit.c.obj (.text:__TI_auto_init_nobinit_nopinit:__TI_auto_init_nobinit_nopinit)
                  00002c88    00000044                                   : getdevice.c.obj (.text:getdevice)
                  00002ccc    0000003e                                   : _printfi.c.obj (.text:_fcpy)
                  00002d0a    00000002     --HOLE-- [fill = 0]
                  00002d0c    00000038                                   : trgmsg.c.obj (.text:__TI_writemsg)
                  00002d44    00000036                                   : strncpy.c.obj (.text:strncpy)
                  00002d7a    00000002     --HOLE-- [fill = 0]
                  00002d7c    00000034                                   : fopen.c.obj (.text:__TI_cleanup)
                  00002db0    00000034                                   : trgmsg.c.obj (.text:__TI_readmsg)
                  00002de4    00000034                                   : boot_cortex_m.c.obj (.text:_c_int00_noargs:_c_int00_noargs)
                  00002e18    00000030                                   : getdevice.c.obj (.text:finddevice)
                  00002e48    0000002e                                   : i_tofd_t2.asm.obj (.text)
                  00002e76    00000002     --HOLE-- [fill = 0]
                  00002e78    0000002c                                   : unlink.c.obj (.text:unlink)
                  00002ea4    00000028                                   : memory.c.obj (.text:free_list_insert)
                  00002ecc    00000028                                   : lseek.c.obj (.text:lseek)
                  00002ef4    00000028                                   : write.c.obj (.text:write)
                  00002f1c    00000020                                   : memchr.c.obj (.text:memchr)
                  00002f3c    0000001c                                   : copy_zero_init.c.obj (.text:decompress:ZI:__TI_zero_init_nomemset:__TI_zero_init_nomemset)
                  00002f58    0000001c                                   : memory.c.obj (.text:free_list_remove)
                  00002f74    0000001c                                   : memccpy.c.obj (.text:memccpy)
                  00002f90    0000001a                                   : s_copysign.c.obj (.text:copysign)
                  00002faa    00000018                                   : strcmp.c.obj (.text:strcmp)
                  00002fc2    00000016                                   : strchr.c.obj (.text:strchr)
                  00002fd8    00000014                                   : strcpy.c.obj (.text:strcpy)
                  00002fec    00000014                                   : strlen.c.obj (.text:strlen)
                  00003000    00000012                                   : wcslen.c.obj (.text:wcslen)
                  00003012    0000000e                                   : copy_decompress_none.c.obj (.text:decompress:none:__TI_decompress_none)
                  00003020    0000000e     startup_msp432p401r_ccs.obj (.text)
                  0000302e    00000002     --HOLE-- [fill = 0]
                  00003030    00000008     rtsv7M4_T_le_v4SPD16_eabi.lib : errno.c.obj (.text:__aeabi_errno_addr)
                  00003038    00000008                                   : memory.c.obj (.text:malloc)
                  00003040    00000004                                   : printf.c.obj (.text:_outc)
                  00003044    00000004                                   : printf.c.obj (.text:_outs)
                  00003048    00000004                                   : pre_init.c.obj (.text:_system_pre_init)
                  0000304c    00000004                                   : exit.c.obj (.text:abort:abort)

.const     0    00003050    00000101     
                  00003050    00000101     rtsv7M4_T_le_v4SPD16_eabi.lib : ctype.c.obj (.const:.string:_ctypes_)

.cinit     0    00003158    00000098     
                  00003158    0000006e     (.cinit..data.load) [load image, compression = lzss]
                  000031c6    00000002     --HOLE-- [fill = 0]
                  000031c8    0000000c     (__TI_handler_table)
                  000031d4    00000004     --HOLE-- [fill = 0]
                  000031d8    00000008     (.cinit..bss.load) [load image, compression = zero_init]
                  000031e0    00000010     (__TI_cinit_table)

.init_array 
*          0    00000000    00000000     UNINITIALIZED

.binit     0    00000000    00000000     

.sysmem    0    20000000    00000400     UNINITIALIZED
                  20000000    00000010     rtsv7M4_T_le_v4SPD16_eabi.lib : memory.c.obj (.sysmem)
                  20000010    000003f0     --HOLE--

.data      0    20000400    000001f4     UNINITIALIZED
                  20000400    000000f0     rtsv7M4_T_le_v4SPD16_eabi.lib : defs.c.obj (.data:_ftable)
                  200004f0    00000078                                   : host_device.c.obj (.data:_device)
                  20000568    00000050                                   : host_device.c.obj (.data:_stream)
                  200005b8    00000010                                   : defs.c.obj (.data)
                  200005c8    0000000c                                   : exit.c.obj (.data:$O1$$)
                  200005d4    00000008                                   : _lock.c.obj (.data:$O1$$)
                  200005dc    00000008                                   : memory.c.obj (.data:$O1$$)
                  200005e4    00000008     main.obj (.data)
                  200005ec    00000004     rtsv7M4_T_le_v4SPD16_eabi.lib : errno.c.obj (.data)
                  200005f0    00000004     system_msp432p401r.obj (.data)

.bss       0    200005f4    000001c8     UNINITIALIZED
                  200005f4    00000120     rtsv7M4_T_le_v4SPD16_eabi.lib : trgmsg.c.obj (.bss:_CIOBUF_)
                  20000714    000000a0     (.common:__TI_tmpnams)
                  200007b4    00000008     (.common:parmbuf)

.stack     0    2000fe00    00000200     UNINITIALIZED
                  2000fe00    00000004     rtsv7M4_T_le_v4SPD16_eabi.lib : boot_cortex_m.c.obj (.stack)
                  2000fe04    000001fc     --HOLE--

__llvm_prf_cnts 
*          0    20000000    00000000     UNINITIALIZED

MODULE SUMMARY

       Module                        code    ro data   rw data
       ------                        ----    -------   -------
    ./
       system_msp432p401r.obj        820     0         8      
       main.obj                      568     0         16     
       startup_msp432p401r_ccs.obj   14      228       0      
    +--+-----------------------------+-------+---------+---------+
       Total:                        1402    228       24     
                                                              
    /Applications/ti/ccs1010/ccs/tools/compiler/ti-cgt-arm_20.2.2.LTS/lib/rtsv7M4_T_le_v4SPD16_eabi.lib
       _printfi.c.obj                4851    0         0      
       defs.c.obj                    0       0         832    
       memory.c.obj                  672     0         16     
       trgmsg.c.obj                  108     0         576    
       fd_add_t2.asm.obj             438     0         0      
       host_device.c.obj             0       0         400    
       fd_div_t2.asm.obj             310     0         0      
       fputs.c.obj                   276     0         0      
       s_scalbn.c.obj                272     0         0      
       fd_cmp_t2.asm.obj             268     0         0      
       ctype.c.obj                   0       257       0      
       fd_mul_t2.asm.obj             252     0         0      
       setvbuf.c.obj                 220     0         0      
       memcpy_t2.asm.obj             156     0         0      
       ull_div_t2.asm.obj            150     0         0      
       fputc.c.obj                   140     0         0      
       memset_t2.asm.obj             122     0         0      
       fclose.c.obj                  116     0         0      
       getdevice.c.obj               116     0         0      
       hostopen.c.obj                96      0         16     
       printf.c.obj                  112     0         0      
       hostrename.c.obj              108     0         0      
       copy_decompress_lzss.c.obj    104     0         0      
       hostlseek.c.obj               104     0         0      
       exit.c.obj                    76      0         24     
       fseek.c.obj                   100     0         0      
       s_frexp.c.obj                 100     0         0      
       _io_perm.c.obj                98      0         0      
       close.c.obj                   92      0         0      
       hostread.c.obj                88      0         0      
       hostwrite.c.obj               88      0         0      
       _ltoa.c.obj                   84      0         0      
       atoi.c.obj                    76      0         0      
       fflush.c.obj                  76      0         0      
       fd_toi_t2.asm.obj             72      0         0      
       autoinit.c.obj                68      0         0      
       hostclose.c.obj               68      0         0      
       hostunlink.c.obj              68      0         0      
       strncpy.c.obj                 54      0         0      
       boot_cortex_m.c.obj           52      0         0      
       fopen.c.obj                   52      0         0      
       i_tofd_t2.asm.obj             46      0         0      
       unlink.c.obj                  44      0         0      
       lseek.c.obj                   40      0         0      
       write.c.obj                   40      0         0      
       memchr.c.obj                  32      0         0      
       copy_zero_init.c.obj          28      0         0      
       memccpy.c.obj                 28      0         0      
       s_copysign.c.obj              26      0         0      
       strcmp.c.obj                  24      0         0      
       strchr.c.obj                  22      0         0      
       strcpy.c.obj                  20      0         0      
       strlen.c.obj                  20      0         0      
       _lock.c.obj                   2       0         16     
       wcslen.c.obj                  18      0         0      
       errno.c.obj                   8       0         8      
       copy_decompress_none.c.obj    14      0         0      
       pre_init.c.obj                4       0         0      
       div0.asm.obj                  2       0         0      
    +--+-----------------------------+-------+---------+---------+
       Total:                        10721   257       1888   
                                                              
       Heap:                         0       0         2048   
       Stack:                        0       0         1024   
       Linker Generated:             0       146       0      
    +--+-----------------------------+-------+---------+---------+
       Grand Total:                  12123   631       4984   


LINKER GENERATED COPY TABLES

__TI_cinit_table @ 000031e0 records: 2, size/record: 8, table size: 16
	.data: load addr=00003158, load size=0000006e bytes, run addr=20000400, run size=000001f4 bytes, compression=lzss
	.bss: load addr=000031d8, load size=00000008 bytes, run addr=200005f4, run size=000001c8 bytes, compression=zero_init


LINKER GENERATED HANDLER TABLE

__TI_handler_table @ 000031c8 records: 3, size/record: 4, table size: 12
	index: 0, handler: __TI_decompress_lzss
	index: 1, handler: __TI_decompress_none
	index: 2, handler: __TI_zero_init


GLOBAL SYMBOLS: SORTED ALPHABETICALLY BY Name 

address   name                           
-------   ----                           
0000302d  ADC14_IRQHandler               
0000302d  AES256_IRQHandler              
0000302d  BusFault_Handler               
0000304d  C$$EXIT                        
00002d3b  C$$IO$$                        
0000302d  COMP_E0_IRQHandler             
0000302d  COMP_E1_IRQHandler             
0000302d  CS_IRQHandler                  
0000302d  DMA_ERR_IRQHandler             
0000302d  DMA_INT0_IRQHandler            
0000302d  DMA_INT1_IRQHandler            
0000302d  DMA_INT2_IRQHandler            
0000302d  DMA_INT3_IRQHandler            
0000302d  DebugMon_Handler               
0000302d  Default_Handler                
0000302d  EUSCIA0_IRQHandler             
0000302d  EUSCIA1_IRQHandler             
0000302d  EUSCIA2_IRQHandler             
0000302d  EUSCIA3_IRQHandler             
0000302d  EUSCIB0_IRQHandler             
0000302d  EUSCIB1_IRQHandler             
0000302d  EUSCIB2_IRQHandler             
0000302d  EUSCIB3_IRQHandler             
0000302d  FLCTL_IRQHandler               
0000302d  FPU_IRQHandler                 
00002bbd  HOSTclose                      
000025c9  HOSTlseek                      
0000282d  HOSTopen                       
000028e9  HOSTread                       
0000255d  HOSTrename                     
00002c01  HOSTunlink                     
00002941  HOSTwrite                      
0000302d  HardFault_Handler              
0000302d  MemManage_Handler              
0000302d  NMI_Handler                    
0000302d  PCM_IRQHandler                 
0000302d  PORT1_IRQHandler               
000011b3  PORT2_IRQHandler               
000011b3  PORT2_IRQHandler               
0000302d  PORT3_IRQHandler               
0000302d  PORT4_IRQHandler               
0000302d  PORT5_IRQHandler               
0000302d  PORT6_IRQHandler               
0000302d  PSS_IRQHandler                 
0000302d  PendSV_Handler                 
0000302d  RTC_C_IRQHandler               
00003021  Reset_Handler                  
0000302d  SVC_Handler                    
0000302d  SysTick_Handler                
00001245  SysTick_Init                   
00001261  SysTick_delay_ms               
0000128b  SysTick_delay_us               
200005f0  SystemCoreClock                
00000b35  SystemCoreClockUpdate          
00000dad  SystemInit                     
0000302d  T32_INT1_IRQHandler            
0000302d  T32_INT2_IRQHandler            
0000302d  T32_INTC_IRQHandler            
00001231  TA0_0_IRQHandler               
00001231  TA0_0_IRQHandler               
0000302d  TA0_N_IRQHandler               
0000120f  TA0_init                       
0000302d  TA1_0_IRQHandler               
0000302d  TA1_N_IRQHandler               
0000302d  TA2_0_IRQHandler               
0000302d  TA2_N_IRQHandler               
0000302d  TA3_0_IRQHandler               
0000302d  TA3_N_IRQHandler               
0000302d  UsageFault_Handler             
4000480c  WDTCTL_SYM                     
0000302d  WDT_A_IRQHandler               
200005f4  __CIOBUF_                      
20010000  __STACK_END                    
00000200  __STACK_SIZE                   
00000400  __SYSMEM_SIZE                  
000031e0  __TI_CINIT_Base                
000031f0  __TI_CINIT_Limit               
000031c8  __TI_Handler_Table_Base        
000031d4  __TI_Handler_Table_Limit       
00002c45  __TI_auto_init_nobinit_nopinit 
00002d7d  __TI_cleanup                   
200005c8  __TI_cleanup_ptr               
00002409  __TI_closefile                 
00002631  __TI_decompress_lzss           
00003013  __TI_decompress_none           
00002a95  __TI_doflush                   
200005cc  __TI_dtors_ptr                 
200005d0  __TI_enable_exit_profile_output
200005b8  __TI_ft_end                    
000029ef  __TI_ltoa                      
ffffffff  __TI_pprof_out_hndl            
000000e5  __TI_printfi                   
ffffffff  __TI_prof_data_size            
ffffffff  __TI_prof_data_start           
00002db1  __TI_readmsg                   
00000000  __TI_static_base__             
20000714  __TI_tmpnams                   
00002d0d  __TI_writemsg                  
000027c9  __TI_wrt_ok                    
00002f3d  __TI_zero_init_nomemset        
00002281  __aeabi_cdcmpeq                
00002281  __aeabi_cdcmple                
00002307  __aeabi_cdrcmple               
00002b75  __aeabi_d2iz                   
000014eb  __aeabi_dadd                   
000017d5  __aeabi_ddiv                   
00001d55  __aeabi_dmul                   
000014e1  __aeabi_dsub                   
00003031  __aeabi_errno_addr             
00002e49  __aeabi_i2d                    
00001697  __aeabi_idiv0                  
00001697  __aeabi_ldiv0                  
0000238d  __aeabi_memclr                 
0000238d  __aeabi_memclr4                
0000238d  __aeabi_memclr8                
000020c3  __aeabi_memcpy                 
000020c3  __aeabi_memcpy4                
000020c3  __aeabi_memcpy8                
0000238f  __aeabi_memset                 
0000238f  __aeabi_memset4                
0000238f  __aeabi_memset8                
200005c4  __aeabi_stderr                 
200005bc  __aeabi_stdin                  
200005c0  __aeabi_stdout                 
0000215f  __aeabi_uldivmod               
ffffffff  __binit__                      
ffffffff  __c_args__                     
UNDEFED   __mpu_init                     
2000fe00  __stack                        
20000000  __start___llvm_prf_cnts        
20000000  __stop___llvm_prf_cnts         
00002de5  _c_int00_noargs                
00003050  _ctypes_                       
200004f0  _device                        
20000400  _ftable                        
200005d4  _lock                          
00000b33  _nop                           
20000568  _stream                        
20000000  _sys_memory                    
UNDEFED   _system_post_cinit             
00003049  _system_pre_init               
200005d8  _unlock                        
0000304d  abort                          
00001c55  aligned_alloc                  
00002ae1  atoi                           
ffffffff  binit                          
0000288d  close                          
00002f91  copysign                       
00002f91  copysignl                      
200005e8  echo_duration_us               
200005ec  errno                          
00002b2d  exit                           
00002e19  finddevice                     
000021f5  fputc                          
00001a31  fputs                          
00001e51  free                           
00002701  frexp                          
00002701  frexpl                         
00002765  fseek                          
00002c89  getdevice                      
0000115d  initPort2                      
00000000  interruptVectors               
00001b45  ldexp                          
00001b45  ldexpl                         
00002ecd  lseek                          
00001105  main                           
00003039  malloc                         
00001c55  memalign                       
00002f75  memccpy                        
00002f1d  memchr                         
000020c3  memcpy                         
00002395  memset                         
200005e4  millis                         
200007b4  parmbuf                        
00002699  printf                         
000021f5  putc                           
00002e79  remove                         
00001b45  scalbn                         
00001b45  scalbnl                        
00001f35  setvbuf                        
00002fc3  strchr                         
00002fab  strcmp                         
00002fd9  strcpy                         
00002fed  strlen                         
00002d45  strncpy                        
00002e79  unlink                         
00003001  wcslen                         
00002ef5  write                          


GLOBAL SYMBOLS: SORTED BY Symbol Address 

address   name                           
-------   ----                           
00000000  __TI_static_base__             
00000000  interruptVectors               
000000e5  __TI_printfi                   
00000200  __STACK_SIZE                   
00000400  __SYSMEM_SIZE                  
00000b33  _nop                           
00000b35  SystemCoreClockUpdate          
00000dad  SystemInit                     
00001105  main                           
0000115d  initPort2                      
000011b3  PORT2_IRQHandler               
000011b3  PORT2_IRQHandler               
0000120f  TA0_init                       
00001231  TA0_0_IRQHandler               
00001231  TA0_0_IRQHandler               
00001245  SysTick_Init                   
00001261  SysTick_delay_ms               
0000128b  SysTick_delay_us               
000014e1  __aeabi_dsub                   
000014eb  __aeabi_dadd                   
00001697  __aeabi_idiv0                  
00001697  __aeabi_ldiv0                  
000017d5  __aeabi_ddiv                   
00001a31  fputs                          
00001b45  ldexp                          
00001b45  ldexpl                         
00001b45  scalbn                         
00001b45  scalbnl                        
00001c55  aligned_alloc                  
00001c55  memalign                       
00001d55  __aeabi_dmul                   
00001e51  free                           
00001f35  setvbuf                        
000020c3  __aeabi_memcpy                 
000020c3  __aeabi_memcpy4                
000020c3  __aeabi_memcpy8                
000020c3  memcpy                         
0000215f  __aeabi_uldivmod               
000021f5  fputc                          
000021f5  putc                           
00002281  __aeabi_cdcmpeq                
00002281  __aeabi_cdcmple                
00002307  __aeabi_cdrcmple               
0000238d  __aeabi_memclr                 
0000238d  __aeabi_memclr4                
0000238d  __aeabi_memclr8                
0000238f  __aeabi_memset                 
0000238f  __aeabi_memset4                
0000238f  __aeabi_memset8                
00002395  memset                         
00002409  __TI_closefile                 
0000255d  HOSTrename                     
000025c9  HOSTlseek                      
00002631  __TI_decompress_lzss           
00002699  printf                         
00002701  frexp                          
00002701  frexpl                         
00002765  fseek                          
000027c9  __TI_wrt_ok                    
0000282d  HOSTopen                       
0000288d  close                          
000028e9  HOSTread                       
00002941  HOSTwrite                      
000029ef  __TI_ltoa                      
00002a95  __TI_doflush                   
00002ae1  atoi                           
00002b2d  exit                           
00002b75  __aeabi_d2iz                   
00002bbd  HOSTclose                      
00002c01  HOSTunlink                     
00002c45  __TI_auto_init_nobinit_nopinit 
00002c89  getdevice                      
00002d0d  __TI_writemsg                  
00002d3b  C$$IO$$                        
00002d45  strncpy                        
00002d7d  __TI_cleanup                   
00002db1  __TI_readmsg                   
00002de5  _c_int00_noargs                
00002e19  finddevice                     
00002e49  __aeabi_i2d                    
00002e79  remove                         
00002e79  unlink                         
00002ecd  lseek                          
00002ef5  write                          
00002f1d  memchr                         
00002f3d  __TI_zero_init_nomemset        
00002f75  memccpy                        
00002f91  copysign                       
00002f91  copysignl                      
00002fab  strcmp                         
00002fc3  strchr                         
00002fd9  strcpy                         
00002fed  strlen                         
00003001  wcslen                         
00003013  __TI_decompress_none           
00003021  Reset_Handler                  
0000302d  ADC14_IRQHandler               
0000302d  AES256_IRQHandler              
0000302d  BusFault_Handler               
0000302d  COMP_E0_IRQHandler             
0000302d  COMP_E1_IRQHandler             
0000302d  CS_IRQHandler                  
0000302d  DMA_ERR_IRQHandler             
0000302d  DMA_INT0_IRQHandler            
0000302d  DMA_INT1_IRQHandler            
0000302d  DMA_INT2_IRQHandler            
0000302d  DMA_INT3_IRQHandler            
0000302d  DebugMon_Handler               
0000302d  Default_Handler                
0000302d  EUSCIA0_IRQHandler             
0000302d  EUSCIA1_IRQHandler             
0000302d  EUSCIA2_IRQHandler             
0000302d  EUSCIA3_IRQHandler             
0000302d  EUSCIB0_IRQHandler             
0000302d  EUSCIB1_IRQHandler             
0000302d  EUSCIB2_IRQHandler             
0000302d  EUSCIB3_IRQHandler             
0000302d  FLCTL_IRQHandler               
0000302d  FPU_IRQHandler                 
0000302d  HardFault_Handler              
0000302d  MemManage_Handler              
0000302d  NMI_Handler                    
0000302d  PCM_IRQHandler                 
0000302d  PORT1_IRQHandler               
0000302d  PORT3_IRQHandler               
0000302d  PORT4_IRQHandler               
0000302d  PORT5_IRQHandler               
0000302d  PORT6_IRQHandler               
0000302d  PSS_IRQHandler                 
0000302d  PendSV_Handler                 
0000302d  RTC_C_IRQHandler               
0000302d  SVC_Handler                    
0000302d  SysTick_Handler                
0000302d  T32_INT1_IRQHandler            
0000302d  T32_INT2_IRQHandler            
0000302d  T32_INTC_IRQHandler            
0000302d  TA0_N_IRQHandler               
0000302d  TA1_0_IRQHandler               
0000302d  TA1_N_IRQHandler               
0000302d  TA2_0_IRQHandler               
0000302d  TA2_N_IRQHandler               
0000302d  TA3_0_IRQHandler               
0000302d  TA3_N_IRQHandler               
0000302d  UsageFault_Handler             
0000302d  WDT_A_IRQHandler               
00003031  __aeabi_errno_addr             
00003039  malloc                         
00003049  _system_pre_init               
0000304d  C$$EXIT                        
0000304d  abort                          
00003050  _ctypes_                       
000031c8  __TI_Handler_Table_Base        
000031d4  __TI_Handler_Table_Limit       
000031e0  __TI_CINIT_Base                
000031f0  __TI_CINIT_Limit               
20000000  __start___llvm_prf_cnts        
20000000  __stop___llvm_prf_cnts         
20000000  _sys_memory                    
20000400  _ftable                        
200004f0  _device                        
20000568  _stream                        
200005b8  __TI_ft_end                    
200005bc  __aeabi_stdin                  
200005c0  __aeabi_stdout                 
200005c4  __aeabi_stderr                 
200005c8  __TI_cleanup_ptr               
200005cc  __TI_dtors_ptr                 
200005d0  __TI_enable_exit_profile_output
200005d4  _lock                          
200005d8  _unlock                        
200005e4  millis                         
200005e8  echo_duration_us               
200005ec  errno                          
200005f0  SystemCoreClock                
200005f4  __CIOBUF_                      
20000714  __TI_tmpnams                   
200007b4  parmbuf                        
2000fe00  __stack                        
20010000  __STACK_END                    
4000480c  WDTCTL_SYM                     
ffffffff  __TI_pprof_out_hndl            
ffffffff  __TI_prof_data_size            
ffffffff  __TI_prof_data_start           
ffffffff  __binit__                      
ffffffff  __c_args__                     
ffffffff  binit                          
UNDEFED   __mpu_init                     
UNDEFED   _system_post_cinit             

[188 symbols]
