******************************************************************************
                  TI ARM Linker Unix v20.2.2                   
******************************************************************************
>> Linked Sat Oct 31 15:47:09 2020

OUTPUT FILE NAME:   <Lab 6 - Part 2.out>
ENTRY POINT SYMBOL: "_c_int00_noargs"  address: 0000c481


MEMORY CONFIGURATION

         name            origin    length      used     unused   attr    fill
----------------------  --------  ---------  --------  --------  ----  --------
  MAIN                  00000000   00040000  0000c532  00033ace  R  X
  INFO                  00200000   00004000  00000000  00004000  R  X
  SRAM_CODE             01000000   00010000  0000023c  0000fdc4  RW X
  SRAM_DATA             20000000   00010000  0000023c  0000fdc4  RW  


SEGMENT ALLOCATION MAP

run origin  load origin   length   init length attrs members
----------  ----------- ---------- ----------- ----- -------
00000000    00000000    0000c538   0000c538    r-x
  00000000    00000000    000000e4   000000e4    r-- .intvecs
  000000e4    000000e4    0000a7e2   0000a7e2    r-- .const
  0000a8c8    0000a8c8    00001c2c   00001c2c    r-x .text
  0000c4f8    0000c4f8    00000040   00000040    r-- .cinit
20000000    20000000    0000003c   00000000    rw-
  20000000    20000000    00000024   00000000    rw- .bss
  20000024    20000024    00000018   00000000    rw- .data
2000fe00    2000fe00    00000200   00000000    rw-
  2000fe00    2000fe00    00000200   00000000    rw- .stack


SECTION ALLOCATION MAP

 output                                  attributes/
section   page    origin      length       input sections
--------  ----  ----------  ----------   ----------------
.intvecs   0    00000000    000000e4     
                  00000000    000000e4     startup_msp432p401r_ccs.obj (.intvecs:retain)

.const     0    000000e4    0000a7e2     
                  000000e4    0000a000     main.obj (.const:pepe)
                  0000a0e4    000004fb     ST7735.obj (.const:.string:Font)
                  0000a5df    00000200     ST7735.obj (.const:.string:dBfs)
                  0000a7df    00000067     ST7735.obj (.const:.string:Bcmd)
                  0000a846    0000003b     ST7735.obj (.const:.string:Rcmd1)
                  0000a881    0000002b     ST7735.obj (.const:.string:Rcmd3)
                  0000a8ac    0000000d     ST7735.obj (.const:.string:Rcmd2green)
                  0000a8b9    0000000d     ST7735.obj (.const:.string:Rcmd2red)

.text      0    0000a8c8    00001c2c     
                  0000a8c8    00001394     ST7735.obj (.text)
                  0000bc5c    00000334     system_msp432p401r.obj (.text)
                  0000bf90    000002fc     main.obj (.text)
                  0000c28c    000000ac     SysTick.obj (.text)
                  0000c338    0000009c     rtsv7M4_T_le_v4SPD16_eabi.lib : memcpy_t2.asm.obj (.text)
                  0000c3d4    00000068                                   : copy_decompress_lzss.c.obj (.text:decompress:lzss:__TI_decompress_lzss)
                  0000c43c    00000044                                   : autoinit.c.obj (.text:__TI_auto_init_nobinit_nopinit:__TI_auto_init_nobinit_nopinit)
                  0000c480    00000034                                   : boot_cortex_m.c.obj (.text:_c_int00_noargs:_c_int00_noargs)
                  0000c4b4    0000001c                                   : copy_zero_init.c.obj (.text:decompress:ZI:__TI_zero_init_nomemset:__TI_zero_init_nomemset)
                  0000c4d0    0000000e                                   : copy_decompress_none.c.obj (.text:decompress:none:__TI_decompress_none)
                  0000c4de    0000000e     startup_msp432p401r_ccs.obj (.text)
                  0000c4ec    00000004     rtsv7M4_T_le_v4SPD16_eabi.lib : pre_init.c.obj (.text:_system_pre_init)
                  0000c4f0    00000004                                   : exit.c.obj (.text:abort:abort)

.cinit     0    0000c4f8    00000040     
                  0000c4f8    00000016     (.cinit..data.load) [load image, compression = lzss]
                  0000c50e    00000002     --HOLE-- [fill = 0]
                  0000c510    0000000c     (__TI_handler_table)
                  0000c51c    00000004     --HOLE-- [fill = 0]
                  0000c520    00000008     (.cinit..bss.load) [load image, compression = zero_init]
                  0000c528    00000010     (__TI_cinit_table)

.init_array 
*          0    00000000    00000000     UNINITIALIZED

.binit     0    00000000    00000000     

.bss       0    20000000    00000024     UNINITIALIZED
                  20000000    0000000c     (.common:Message)
                  2000000c    00000004     ST7735.obj (.bss)
                  20000010    00000004     (.common:Messageindex)
                  20000014    00000004     (.common:X)
                  20000018    00000004     (.common:Ymax)
                  2000001c    00000004     (.common:Ymin)
                  20000020    00000004     (.common:Yrange)

.data      0    20000024    00000018     UNINITIALIZED
                  20000024    00000014     ST7735.obj (.data)
                  20000038    00000004     system_msp432p401r.obj (.data)

.stack     0    2000fe00    00000200     UNINITIALIZED
                  2000fe00    00000004     rtsv7M4_T_le_v4SPD16_eabi.lib : boot_cortex_m.c.obj (.stack)
                  2000fe04    000001fc     --HOLE--

__llvm_prf_cnts 
*          0    20000000    00000000     UNINITIALIZED

MODULE SUMMARY

       Module                        code   ro data   rw data
       ------                        ----   -------   -------
    ./
       main.obj                      764    40960     0      
       ST7735.obj                    5012   2018      112    
       system_msp432p401r.obj        820    0         8      
       startup_msp432p401r_ccs.obj   14     228       0      
       SysTick.obj                   172    0         0      
    +--+-----------------------------+------+---------+---------+
       Total:                        6782   43206     120    
                                                             
    /Applications/ti/ccs1010/ccs/tools/compiler/ti-cgt-arm_20.2.2.LTS/lib/rtsv7M4_T_le_v4SPD16_eabi.lib
       memcpy_t2.asm.obj             156    0         0      
       copy_decompress_lzss.c.obj    104    0         0      
       autoinit.c.obj                68     0         0      
       boot_cortex_m.c.obj           52     0         0      
       copy_zero_init.c.obj          28     0         0      
       copy_decompress_none.c.obj    14     0         0      
       exit.c.obj                    4      0         0      
       pre_init.c.obj                4      0         0      
    +--+-----------------------------+------+---------+---------+
       Total:                        430    0         0      
                                                             
       Stack:                        0      0         1024   
       Linker Generated:             0      58        0      
    +--+-----------------------------+------+---------+---------+
       Grand Total:                  7212   43264     1144   


LINKER GENERATED COPY TABLES

__TI_cinit_table @ 0000c528 records: 2, size/record: 8, table size: 16
	.data: load addr=0000c4f8, load size=00000016 bytes, run addr=20000024, run size=00000018 bytes, compression=lzss
	.bss: load addr=0000c520, load size=00000008 bytes, run addr=20000000, run size=00000024 bytes, compression=zero_init


LINKER GENERATED HANDLER TABLE

__TI_handler_table @ 0000c510 records: 3, size/record: 4, table size: 12
	index: 0, handler: __TI_decompress_lzss
	index: 1, handler: __TI_decompress_none
	index: 2, handler: __TI_zero_init


GLOBAL SYMBOLS: SORTED ALPHABETICALLY BY Name 

address   name                          
-------   ----                          
0000c4eb  ADC14_IRQHandler              
0000c4eb  AES256_IRQHandler             
0000c4eb  BusFault_Handler              
0000c4f1  C$$EXIT                       
0000c4eb  COMP_E0_IRQHandler            
0000c4eb  COMP_E1_IRQHandler            
0000c4eb  CS_IRQHandler                 
0000c1c9  Clock_Init48MHz               
0000c4eb  DMA_ERR_IRQHandler            
0000c4eb  DMA_INT0_IRQHandler           
0000c4eb  DMA_INT1_IRQHandler           
0000c4eb  DMA_INT2_IRQHandler           
0000c4eb  DMA_INT3_IRQHandler           
0000c4eb  DebugMon_Handler              
0000c4eb  Default_Handler               
0000a93f  Delay1ms                      
0000c4eb  EUSCIA0_IRQHandler            
0000c4eb  EUSCIA1_IRQHandler            
0000c4eb  EUSCIA2_IRQHandler            
0000c4eb  EUSCIA3_IRQHandler            
0000c4eb  EUSCIB0_IRQHandler            
0000c4eb  EUSCIB1_IRQHandler            
0000c4eb  EUSCIB2_IRQHandler            
0000c4eb  EUSCIB3_IRQHandler            
0000c4eb  FLCTL_IRQHandler              
0000c4eb  FPU_IRQHandler                
0000c4eb  HardFault_Handler             
0000c4eb  MemManage_Handler             
20000000  Message                       
20000010  Messageindex                  
0000c4eb  NMI_Handler                   
0000bbfb  Output_Clear                  
0000bc15  Output_Color                  
0000bbeb  Output_Init                   
0000bc05  Output_Off                    
0000bc0d  Output_On                     
0000c4eb  PCM_IRQHandler                
0000c4eb  PORT1_IRQHandler              
0000c4eb  PORT2_IRQHandler              
0000c4eb  PORT3_IRQHandler              
0000c4eb  PORT4_IRQHandler              
0000c4eb  PORT5_IRQHandler              
0000c4eb  PORT6_IRQHandler              
0000c4eb  PSS_IRQHandler                
0000c4eb  PendSV_Handler                
0000c4eb  RTC_C_IRQHandler              
0000c4df  Reset_Handler                 
0000af19  ST7735_Color565               
0000af7d  ST7735_DrawBitmap             
0000b2f1  ST7735_DrawChar               
0000b17b  ST7735_DrawCharS              
0000ad11  ST7735_DrawFastHLine          
0000ac53  ST7735_DrawFastVLine          
0000abf9  ST7735_DrawPixel              
0000b45f  ST7735_DrawString             
0000ae0d  ST7735_FillRect               
0000adc9  ST7735_FillScreen             
0000aac7  ST7735_InitB                  
0000aae7  ST7735_InitR                  
0000b693  ST7735_InvertDisplay          
0000bad1  ST7735_OutChar                
0000bb8d  ST7735_OutString              
0000b54d  ST7735_OutUDec                
0000b9dd  ST7735_PlotBar                
0000b6ab  ST7735_PlotClear              
0000b7cd  ST7735_PlotLine               
0000ba7d  ST7735_PlotNext               
0000ba97  ST7735_PlotNextErase          
0000b707  ST7735_PlotPoint              
0000b907  ST7735_PlotPoints             
0000ba33  ST7735_PlotdBfs               
0000b527  ST7735_SetCursor              
0000b5c9  ST7735_SetRotation            
0000bbab  ST7735_SetTextColor           
0000af4d  ST7735_SwapColor              
0000c4eb  SVC_Handler                   
0000bfb3  SplashScreen                  
2000002c  StTextColor                   
20000024  StX                           
20000028  StY                           
0000c2a9  SysTick_Delay_ms              
0000c2fd  SysTick_Delay_us              
0000c4eb  SysTick_Handler               
0000c28d  SysTick_Init                  
20000038  SystemCoreClock               
0000bc5d  SystemCoreClockUpdate         
0000bed5  SystemInit                    
0000c4eb  T32_INT1_IRQHandler           
0000c4eb  T32_INT2_IRQHandler           
0000c4eb  T32_INTC_IRQHandler           
0000c4eb  TA0_0_IRQHandler              
0000c4eb  TA0_N_IRQHandler              
0000c4eb  TA1_0_IRQHandler              
0000c4eb  TA1_N_IRQHandler              
0000c4eb  TA2_0_IRQHandler              
0000c4eb  TA2_N_IRQHandler              
0000c4eb  TA3_0_IRQHandler              
0000c4eb  TA3_N_IRQHandler              
0000c4eb  UsageFault_Handler            
4000480c  WDTCTL_SYM                    
0000c4eb  WDT_A_IRQHandler              
20000014  X                             
20000018  Ymax                          
2000001c  Ymin                          
20000020  Yrange                        
20010000  __STACK_END                   
00000200  __STACK_SIZE                  
0000c528  __TI_CINIT_Base               
0000c538  __TI_CINIT_Limit              
0000c510  __TI_Handler_Table_Base       
0000c51c  __TI_Handler_Table_Limit      
0000c43d  __TI_auto_init_nobinit_nopinit
0000c3d5  __TI_decompress_lzss          
0000c4d1  __TI_decompress_none          
ffffffff  __TI_pprof_out_hndl           
ffffffff  __TI_prof_data_size           
ffffffff  __TI_prof_data_start          
00000000  __TI_static_base__            
0000c4b5  __TI_zero_init_nomemset       
0000c339  __aeabi_memcpy                
0000c339  __aeabi_memcpy4               
0000c339  __aeabi_memcpy8               
ffffffff  __binit__                     
ffffffff  __c_args__                    
UNDEFED   __mpu_init                    
2000fe00  __stack                       
20000000  __start___llvm_prf_cnts       
20000000  __stop___llvm_prf_cnts        
0000c481  _c_int00_noargs               
UNDEFED   _system_post_cinit            
0000c4ed  _system_pre_init              
0000c4f1  abort                         
ffffffff  binit                         
0000a5df  dBfs                          
0000c171  draw_option                   
0000bbdd  ferror                        
0000bbd1  fgetc                         
0000b4e5  fillmessage                   
0000bbbf  fputc                         
00000000  interruptVectors              
20000034  lastj                         
0000bf91  main                          
0000c339  memcpy                        
0000c13f  menu                          
0000a931  parrotdelay                   
000000e4  pepe                          


GLOBAL SYMBOLS: SORTED BY Symbol Address 

address   name                          
-------   ----                          
00000000  __TI_static_base__            
00000000  interruptVectors              
000000e4  pepe                          
00000200  __STACK_SIZE                  
0000a5df  dBfs                          
0000a931  parrotdelay                   
0000a93f  Delay1ms                      
0000aac7  ST7735_InitB                  
0000aae7  ST7735_InitR                  
0000abf9  ST7735_DrawPixel              
0000ac53  ST7735_DrawFastVLine          
0000ad11  ST7735_DrawFastHLine          
0000adc9  ST7735_FillScreen             
0000ae0d  ST7735_FillRect               
0000af19  ST7735_Color565               
0000af4d  ST7735_SwapColor              
0000af7d  ST7735_DrawBitmap             
0000b17b  ST7735_DrawCharS              
0000b2f1  ST7735_DrawChar               
0000b45f  ST7735_DrawString             
0000b4e5  fillmessage                   
0000b527  ST7735_SetCursor              
0000b54d  ST7735_OutUDec                
0000b5c9  ST7735_SetRotation            
0000b693  ST7735_InvertDisplay          
0000b6ab  ST7735_PlotClear              
0000b707  ST7735_PlotPoint              
0000b7cd  ST7735_PlotLine               
0000b907  ST7735_PlotPoints             
0000b9dd  ST7735_PlotBar                
0000ba33  ST7735_PlotdBfs               
0000ba7d  ST7735_PlotNext               
0000ba97  ST7735_PlotNextErase          
0000bad1  ST7735_OutChar                
0000bb8d  ST7735_OutString              
0000bbab  ST7735_SetTextColor           
0000bbbf  fputc                         
0000bbd1  fgetc                         
0000bbdd  ferror                        
0000bbeb  Output_Init                   
0000bbfb  Output_Clear                  
0000bc05  Output_Off                    
0000bc0d  Output_On                     
0000bc15  Output_Color                  
0000bc5d  SystemCoreClockUpdate         
0000bed5  SystemInit                    
0000bf91  main                          
0000bfb3  SplashScreen                  
0000c13f  menu                          
0000c171  draw_option                   
0000c1c9  Clock_Init48MHz               
0000c28d  SysTick_Init                  
0000c2a9  SysTick_Delay_ms              
0000c2fd  SysTick_Delay_us              
0000c339  __aeabi_memcpy                
0000c339  __aeabi_memcpy4               
0000c339  __aeabi_memcpy8               
0000c339  memcpy                        
0000c3d5  __TI_decompress_lzss          
0000c43d  __TI_auto_init_nobinit_nopinit
0000c481  _c_int00_noargs               
0000c4b5  __TI_zero_init_nomemset       
0000c4d1  __TI_decompress_none          
0000c4df  Reset_Handler                 
0000c4eb  ADC14_IRQHandler              
0000c4eb  AES256_IRQHandler             
0000c4eb  BusFault_Handler              
0000c4eb  COMP_E0_IRQHandler            
0000c4eb  COMP_E1_IRQHandler            
0000c4eb  CS_IRQHandler                 
0000c4eb  DMA_ERR_IRQHandler            
0000c4eb  DMA_INT0_IRQHandler           
0000c4eb  DMA_INT1_IRQHandler           
0000c4eb  DMA_INT2_IRQHandler           
0000c4eb  DMA_INT3_IRQHandler           
0000c4eb  DebugMon_Handler              
0000c4eb  Default_Handler               
0000c4eb  EUSCIA0_IRQHandler            
0000c4eb  EUSCIA1_IRQHandler            
0000c4eb  EUSCIA2_IRQHandler            
0000c4eb  EUSCIA3_IRQHandler            
0000c4eb  EUSCIB0_IRQHandler            
0000c4eb  EUSCIB1_IRQHandler            
0000c4eb  EUSCIB2_IRQHandler            
0000c4eb  EUSCIB3_IRQHandler            
0000c4eb  FLCTL_IRQHandler              
0000c4eb  FPU_IRQHandler                
0000c4eb  HardFault_Handler             
0000c4eb  MemManage_Handler             
0000c4eb  NMI_Handler                   
0000c4eb  PCM_IRQHandler                
0000c4eb  PORT1_IRQHandler              
0000c4eb  PORT2_IRQHandler              
0000c4eb  PORT3_IRQHandler              
0000c4eb  PORT4_IRQHandler              
0000c4eb  PORT5_IRQHandler              
0000c4eb  PORT6_IRQHandler              
0000c4eb  PSS_IRQHandler                
0000c4eb  PendSV_Handler                
0000c4eb  RTC_C_IRQHandler              
0000c4eb  SVC_Handler                   
0000c4eb  SysTick_Handler               
0000c4eb  T32_INT1_IRQHandler           
0000c4eb  T32_INT2_IRQHandler           
0000c4eb  T32_INTC_IRQHandler           
0000c4eb  TA0_0_IRQHandler              
0000c4eb  TA0_N_IRQHandler              
0000c4eb  TA1_0_IRQHandler              
0000c4eb  TA1_N_IRQHandler              
0000c4eb  TA2_0_IRQHandler              
0000c4eb  TA2_N_IRQHandler              
0000c4eb  TA3_0_IRQHandler              
0000c4eb  TA3_N_IRQHandler              
0000c4eb  UsageFault_Handler            
0000c4eb  WDT_A_IRQHandler              
0000c4ed  _system_pre_init              
0000c4f1  C$$EXIT                       
0000c4f1  abort                         
0000c510  __TI_Handler_Table_Base       
0000c51c  __TI_Handler_Table_Limit      
0000c528  __TI_CINIT_Base               
0000c538  __TI_CINIT_Limit              
20000000  Message                       
20000000  __start___llvm_prf_cnts       
20000000  __stop___llvm_prf_cnts        
20000010  Messageindex                  
20000014  X                             
20000018  Ymax                          
2000001c  Ymin                          
20000020  Yrange                        
20000024  StX                           
20000028  StY                           
2000002c  StTextColor                   
20000034  lastj                         
20000038  SystemCoreClock               
2000fe00  __stack                       
20010000  __STACK_END                   
4000480c  WDTCTL_SYM                    
ffffffff  __TI_pprof_out_hndl           
ffffffff  __TI_prof_data_size           
ffffffff  __TI_prof_data_start          
ffffffff  __binit__                     
ffffffff  __c_args__                    
ffffffff  binit                         
UNDEFED   __mpu_init                    
UNDEFED   _system_post_cinit            

[146 symbols]
