<?xml version="1.0" encoding="ISO-8859-1" ?>
<link_info>
   <banner>TI ARM Linker Unix v20.2.2.LTS</banner>
   <copyright>Copyright (c) 1996-2018 Texas Instruments Incorporated</copyright>
   <link_time>0x5f7b824e</link_time>
   <link_errors>0x0</link_errors>
   <output_file>ST77735 Test.out</output_file>
   <entry_point>
      <name>_c_int00_noargs</name>
      <address>0x4e85</address>
   </entry_point>
   <input_file_list>
      <input_file id="fl-1">
         <path>./</path>
         <kind>object</kind>
         <file>ClockSystem.obj</file>
         <name>ClockSystem.obj</name>
      </input_file>
      <input_file id="fl-2">
         <path>./</path>
         <kind>object</kind>
         <file>ST7735.obj</file>
         <name>ST7735.obj</name>
      </input_file>
      <input_file id="fl-3">
         <path>./</path>
         <kind>object</kind>
         <file>main.obj</file>
         <name>main.obj</name>
      </input_file>
      <input_file id="fl-4">
         <path>./</path>
         <kind>object</kind>
         <file>startup_msp432p401r_ccs.obj</file>
         <name>startup_msp432p401r_ccs.obj</name>
      </input_file>
      <input_file id="fl-5">
         <path>./</path>
         <kind>object</kind>
         <file>system_msp432p401r.obj</file>
         <name>system_msp432p401r.obj</name>
      </input_file>
      <input_file id="fl-9">
         <kind>object</kind>
         <file>&lt;internal&gt;</file>
         <name>&lt;internal&gt;</name>
      </input_file>
      <input_file id="fl-bf">
         <path>/Applications/ti/ccs1010/ccs/tools/compiler/ti-cgt-arm_20.2.2.LTS/lib/</path>
         <kind>archive</kind>
         <file>rtsv7M4_T_le_v4SPD16_eabi.lib</file>
         <name>printf.c.obj</name>
      </input_file>
      <input_file id="fl-c0">
         <path>/Applications/ti/ccs1010/ccs/tools/compiler/ti-cgt-arm_20.2.2.LTS/lib/</path>
         <kind>archive</kind>
         <file>rtsv7M4_T_le_v4SPD16_eabi.lib</file>
         <name>_printfi.c.obj</name>
      </input_file>
      <input_file id="fl-c1">
         <path>/Applications/ti/ccs1010/ccs/tools/compiler/ti-cgt-arm_20.2.2.LTS/lib/</path>
         <kind>archive</kind>
         <file>rtsv7M4_T_le_v4SPD16_eabi.lib</file>
         <name>fputs.c.obj</name>
      </input_file>
      <input_file id="fl-c2">
         <path>/Applications/ti/ccs1010/ccs/tools/compiler/ti-cgt-arm_20.2.2.LTS/lib/</path>
         <kind>archive</kind>
         <file>rtsv7M4_T_le_v4SPD16_eabi.lib</file>
         <name>_io_perm.c.obj</name>
      </input_file>
      <input_file id="fl-c3">
         <path>/Applications/ti/ccs1010/ccs/tools/compiler/ti-cgt-arm_20.2.2.LTS/lib/</path>
         <kind>archive</kind>
         <file>rtsv7M4_T_le_v4SPD16_eabi.lib</file>
         <name>setvbuf.c.obj</name>
      </input_file>
      <input_file id="fl-c4">
         <path>/Applications/ti/ccs1010/ccs/tools/compiler/ti-cgt-arm_20.2.2.LTS/lib/</path>
         <kind>archive</kind>
         <file>rtsv7M4_T_le_v4SPD16_eabi.lib</file>
         <name>fd_add_t2.asm.obj</name>
      </input_file>
      <input_file id="fl-c5">
         <path>/Applications/ti/ccs1010/ccs/tools/compiler/ti-cgt-arm_20.2.2.LTS/lib/</path>
         <kind>archive</kind>
         <file>rtsv7M4_T_le_v4SPD16_eabi.lib</file>
         <name>fd_cmp_t2.asm.obj</name>
      </input_file>
      <input_file id="fl-c6">
         <path>/Applications/ti/ccs1010/ccs/tools/compiler/ti-cgt-arm_20.2.2.LTS/lib/</path>
         <kind>archive</kind>
         <file>rtsv7M4_T_le_v4SPD16_eabi.lib</file>
         <name>fd_div_t2.asm.obj</name>
      </input_file>
      <input_file id="fl-c7">
         <path>/Applications/ti/ccs1010/ccs/tools/compiler/ti-cgt-arm_20.2.2.LTS/lib/</path>
         <kind>archive</kind>
         <file>rtsv7M4_T_le_v4SPD16_eabi.lib</file>
         <name>fd_mul_t2.asm.obj</name>
      </input_file>
      <input_file id="fl-c8">
         <path>/Applications/ti/ccs1010/ccs/tools/compiler/ti-cgt-arm_20.2.2.LTS/lib/</path>
         <kind>archive</kind>
         <file>rtsv7M4_T_le_v4SPD16_eabi.lib</file>
         <name>fd_toi_t2.asm.obj</name>
      </input_file>
      <input_file id="fl-c9">
         <path>/Applications/ti/ccs1010/ccs/tools/compiler/ti-cgt-arm_20.2.2.LTS/lib/</path>
         <kind>archive</kind>
         <file>rtsv7M4_T_le_v4SPD16_eabi.lib</file>
         <name>fs_tod_t2.asm.obj</name>
      </input_file>
      <input_file id="fl-ca">
         <path>/Applications/ti/ccs1010/ccs/tools/compiler/ti-cgt-arm_20.2.2.LTS/lib/</path>
         <kind>archive</kind>
         <file>rtsv7M4_T_le_v4SPD16_eabi.lib</file>
         <name>i_tofd_t2.asm.obj</name>
      </input_file>
      <input_file id="fl-cb">
         <path>/Applications/ti/ccs1010/ccs/tools/compiler/ti-cgt-arm_20.2.2.LTS/lib/</path>
         <kind>archive</kind>
         <file>rtsv7M4_T_le_v4SPD16_eabi.lib</file>
         <name>memcpy_t2.asm.obj</name>
      </input_file>
      <input_file id="fl-cc">
         <path>/Applications/ti/ccs1010/ccs/tools/compiler/ti-cgt-arm_20.2.2.LTS/lib/</path>
         <kind>archive</kind>
         <file>rtsv7M4_T_le_v4SPD16_eabi.lib</file>
         <name>ull_div_t2.asm.obj</name>
      </input_file>
      <input_file id="fl-cd">
         <path>/Applications/ti/ccs1010/ccs/tools/compiler/ti-cgt-arm_20.2.2.LTS/lib/</path>
         <kind>archive</kind>
         <file>rtsv7M4_T_le_v4SPD16_eabi.lib</file>
         <name>memset_t2.asm.obj</name>
      </input_file>
      <input_file id="fl-ce">
         <path>/Applications/ti/ccs1010/ccs/tools/compiler/ti-cgt-arm_20.2.2.LTS/lib/</path>
         <kind>archive</kind>
         <file>rtsv7M4_T_le_v4SPD16_eabi.lib</file>
         <name>copy_zero_init.c.obj</name>
      </input_file>
      <input_file id="fl-cf">
         <path>/Applications/ti/ccs1010/ccs/tools/compiler/ti-cgt-arm_20.2.2.LTS/lib/</path>
         <kind>archive</kind>
         <file>rtsv7M4_T_le_v4SPD16_eabi.lib</file>
         <name>copy_decompress_none.c.obj</name>
      </input_file>
      <input_file id="fl-d0">
         <path>/Applications/ti/ccs1010/ccs/tools/compiler/ti-cgt-arm_20.2.2.LTS/lib/</path>
         <kind>archive</kind>
         <file>rtsv7M4_T_le_v4SPD16_eabi.lib</file>
         <name>copy_decompress_lzss.c.obj</name>
      </input_file>
      <input_file id="fl-d1">
         <path>/Applications/ti/ccs1010/ccs/tools/compiler/ti-cgt-arm_20.2.2.LTS/lib/</path>
         <kind>archive</kind>
         <file>rtsv7M4_T_le_v4SPD16_eabi.lib</file>
         <name>exit.c.obj</name>
      </input_file>
      <input_file id="fl-d2">
         <path>/Applications/ti/ccs1010/ccs/tools/compiler/ti-cgt-arm_20.2.2.LTS/lib/</path>
         <kind>archive</kind>
         <file>rtsv7M4_T_le_v4SPD16_eabi.lib</file>
         <name>_lock.c.obj</name>
      </input_file>
      <input_file id="fl-d3">
         <path>/Applications/ti/ccs1010/ccs/tools/compiler/ti-cgt-arm_20.2.2.LTS/lib/</path>
         <kind>archive</kind>
         <file>rtsv7M4_T_le_v4SPD16_eabi.lib</file>
         <name>_ltoa.c.obj</name>
      </input_file>
      <input_file id="fl-d4">
         <path>/Applications/ti/ccs1010/ccs/tools/compiler/ti-cgt-arm_20.2.2.LTS/lib/</path>
         <kind>archive</kind>
         <file>rtsv7M4_T_le_v4SPD16_eabi.lib</file>
         <name>atoi.c.obj</name>
      </input_file>
      <input_file id="fl-d5">
         <path>/Applications/ti/ccs1010/ccs/tools/compiler/ti-cgt-arm_20.2.2.LTS/lib/</path>
         <kind>archive</kind>
         <file>rtsv7M4_T_le_v4SPD16_eabi.lib</file>
         <name>ctype.c.obj</name>
      </input_file>
      <input_file id="fl-d6">
         <path>/Applications/ti/ccs1010/ccs/tools/compiler/ti-cgt-arm_20.2.2.LTS/lib/</path>
         <kind>archive</kind>
         <file>rtsv7M4_T_le_v4SPD16_eabi.lib</file>
         <name>defs.c.obj</name>
      </input_file>
      <input_file id="fl-d7">
         <path>/Applications/ti/ccs1010/ccs/tools/compiler/ti-cgt-arm_20.2.2.LTS/lib/</path>
         <kind>archive</kind>
         <file>rtsv7M4_T_le_v4SPD16_eabi.lib</file>
         <name>memccpy.c.obj</name>
      </input_file>
      <input_file id="fl-d8">
         <path>/Applications/ti/ccs1010/ccs/tools/compiler/ti-cgt-arm_20.2.2.LTS/lib/</path>
         <kind>archive</kind>
         <file>rtsv7M4_T_le_v4SPD16_eabi.lib</file>
         <name>memchr.c.obj</name>
      </input_file>
      <input_file id="fl-d9">
         <path>/Applications/ti/ccs1010/ccs/tools/compiler/ti-cgt-arm_20.2.2.LTS/lib/</path>
         <kind>archive</kind>
         <file>rtsv7M4_T_le_v4SPD16_eabi.lib</file>
         <name>memory.c.obj</name>
      </input_file>
      <input_file id="fl-da">
         <path>/Applications/ti/ccs1010/ccs/tools/compiler/ti-cgt-arm_20.2.2.LTS/lib/</path>
         <kind>archive</kind>
         <file>rtsv7M4_T_le_v4SPD16_eabi.lib</file>
         <name>strchr.c.obj</name>
      </input_file>
      <input_file id="fl-db">
         <path>/Applications/ti/ccs1010/ccs/tools/compiler/ti-cgt-arm_20.2.2.LTS/lib/</path>
         <kind>archive</kind>
         <file>rtsv7M4_T_le_v4SPD16_eabi.lib</file>
         <name>strlen.c.obj</name>
      </input_file>
      <input_file id="fl-dc">
         <path>/Applications/ti/ccs1010/ccs/tools/compiler/ti-cgt-arm_20.2.2.LTS/lib/</path>
         <kind>archive</kind>
         <file>rtsv7M4_T_le_v4SPD16_eabi.lib</file>
         <name>write.c.obj</name>
      </input_file>
      <input_file id="fl-dd">
         <path>/Applications/ti/ccs1010/ccs/tools/compiler/ti-cgt-arm_20.2.2.LTS/lib/</path>
         <kind>archive</kind>
         <file>rtsv7M4_T_le_v4SPD16_eabi.lib</file>
         <name>host_device.c.obj</name>
      </input_file>
      <input_file id="fl-de">
         <path>/Applications/ti/ccs1010/ccs/tools/compiler/ti-cgt-arm_20.2.2.LTS/lib/</path>
         <kind>archive</kind>
         <file>rtsv7M4_T_le_v4SPD16_eabi.lib</file>
         <name>boot_cortex_m.c.obj</name>
      </input_file>
      <input_file id="fl-df">
         <path>/Applications/ti/ccs1010/ccs/tools/compiler/ti-cgt-arm_20.2.2.LTS/lib/</path>
         <kind>archive</kind>
         <file>rtsv7M4_T_le_v4SPD16_eabi.lib</file>
         <name>errno.c.obj</name>
      </input_file>
      <input_file id="fl-e0">
         <path>/Applications/ti/ccs1010/ccs/tools/compiler/ti-cgt-arm_20.2.2.LTS/lib/</path>
         <kind>archive</kind>
         <file>rtsv7M4_T_le_v4SPD16_eabi.lib</file>
         <name>s_frexp.c.obj</name>
      </input_file>
      <input_file id="fl-e1">
         <path>/Applications/ti/ccs1010/ccs/tools/compiler/ti-cgt-arm_20.2.2.LTS/lib/</path>
         <kind>archive</kind>
         <file>rtsv7M4_T_le_v4SPD16_eabi.lib</file>
         <name>s_scalbn.c.obj</name>
      </input_file>
      <input_file id="fl-e2">
         <path>/Applications/ti/ccs1010/ccs/tools/compiler/ti-cgt-arm_20.2.2.LTS/lib/</path>
         <kind>archive</kind>
         <file>rtsv7M4_T_le_v4SPD16_eabi.lib</file>
         <name>wcslen.c.obj</name>
      </input_file>
      <input_file id="fl-e3">
         <path>/Applications/ti/ccs1010/ccs/tools/compiler/ti-cgt-arm_20.2.2.LTS/lib/</path>
         <kind>archive</kind>
         <file>rtsv7M4_T_le_v4SPD16_eabi.lib</file>
         <name>s_copysign.c.obj</name>
      </input_file>
      <input_file id="fl-e4">
         <path>/Applications/ti/ccs1010/ccs/tools/compiler/ti-cgt-arm_20.2.2.LTS/lib/</path>
         <kind>archive</kind>
         <file>rtsv7M4_T_le_v4SPD16_eabi.lib</file>
         <name>fflush.c.obj</name>
      </input_file>
      <input_file id="fl-e5">
         <path>/Applications/ti/ccs1010/ccs/tools/compiler/ti-cgt-arm_20.2.2.LTS/lib/</path>
         <kind>archive</kind>
         <file>rtsv7M4_T_le_v4SPD16_eabi.lib</file>
         <name>fopen.c.obj</name>
      </input_file>
      <input_file id="fl-e6">
         <path>/Applications/ti/ccs1010/ccs/tools/compiler/ti-cgt-arm_20.2.2.LTS/lib/</path>
         <kind>archive</kind>
         <file>rtsv7M4_T_le_v4SPD16_eabi.lib</file>
         <name>fseek.c.obj</name>
      </input_file>
      <input_file id="fl-e7">
         <path>/Applications/ti/ccs1010/ccs/tools/compiler/ti-cgt-arm_20.2.2.LTS/lib/</path>
         <kind>archive</kind>
         <file>rtsv7M4_T_le_v4SPD16_eabi.lib</file>
         <name>div0.asm.obj</name>
      </input_file>
      <input_file id="fl-e8">
         <path>/Applications/ti/ccs1010/ccs/tools/compiler/ti-cgt-arm_20.2.2.LTS/lib/</path>
         <kind>archive</kind>
         <file>rtsv7M4_T_le_v4SPD16_eabi.lib</file>
         <name>autoinit.c.obj</name>
      </input_file>
      <input_file id="fl-e9">
         <path>/Applications/ti/ccs1010/ccs/tools/compiler/ti-cgt-arm_20.2.2.LTS/lib/</path>
         <kind>archive</kind>
         <file>rtsv7M4_T_le_v4SPD16_eabi.lib</file>
         <name>pre_init.c.obj</name>
      </input_file>
      <input_file id="fl-ea">
         <path>/Applications/ti/ccs1010/ccs/tools/compiler/ti-cgt-arm_20.2.2.LTS/lib/</path>
         <kind>archive</kind>
         <file>rtsv7M4_T_le_v4SPD16_eabi.lib</file>
         <name>cpy_tbl.c.obj</name>
      </input_file>
      <input_file id="fl-eb">
         <path>/Applications/ti/ccs1010/ccs/tools/compiler/ti-cgt-arm_20.2.2.LTS/lib/</path>
         <kind>archive</kind>
         <file>rtsv7M4_T_le_v4SPD16_eabi.lib</file>
         <name>args_main.c.obj</name>
      </input_file>
      <input_file id="fl-ec">
         <path>/Applications/ti/ccs1010/ccs/tools/compiler/ti-cgt-arm_20.2.2.LTS/lib/</path>
         <kind>archive</kind>
         <file>rtsv7M4_T_le_v4SPD16_eabi.lib</file>
         <name>hostclose.c.obj</name>
      </input_file>
      <input_file id="fl-ed">
         <path>/Applications/ti/ccs1010/ccs/tools/compiler/ti-cgt-arm_20.2.2.LTS/lib/</path>
         <kind>archive</kind>
         <file>rtsv7M4_T_le_v4SPD16_eabi.lib</file>
         <name>hostlseek.c.obj</name>
      </input_file>
      <input_file id="fl-ee">
         <path>/Applications/ti/ccs1010/ccs/tools/compiler/ti-cgt-arm_20.2.2.LTS/lib/</path>
         <kind>archive</kind>
         <file>rtsv7M4_T_le_v4SPD16_eabi.lib</file>
         <name>hostopen.c.obj</name>
      </input_file>
      <input_file id="fl-ef">
         <path>/Applications/ti/ccs1010/ccs/tools/compiler/ti-cgt-arm_20.2.2.LTS/lib/</path>
         <kind>archive</kind>
         <file>rtsv7M4_T_le_v4SPD16_eabi.lib</file>
         <name>hostread.c.obj</name>
      </input_file>
      <input_file id="fl-f0">
         <path>/Applications/ti/ccs1010/ccs/tools/compiler/ti-cgt-arm_20.2.2.LTS/lib/</path>
         <kind>archive</kind>
         <file>rtsv7M4_T_le_v4SPD16_eabi.lib</file>
         <name>hostrename.c.obj</name>
      </input_file>
      <input_file id="fl-f1">
         <path>/Applications/ti/ccs1010/ccs/tools/compiler/ti-cgt-arm_20.2.2.LTS/lib/</path>
         <kind>archive</kind>
         <file>rtsv7M4_T_le_v4SPD16_eabi.lib</file>
         <name>hostunlink.c.obj</name>
      </input_file>
      <input_file id="fl-f2">
         <path>/Applications/ti/ccs1010/ccs/tools/compiler/ti-cgt-arm_20.2.2.LTS/lib/</path>
         <kind>archive</kind>
         <file>rtsv7M4_T_le_v4SPD16_eabi.lib</file>
         <name>hostwrite.c.obj</name>
      </input_file>
      <input_file id="fl-f3">
         <path>/Applications/ti/ccs1010/ccs/tools/compiler/ti-cgt-arm_20.2.2.LTS/lib/</path>
         <kind>archive</kind>
         <file>rtsv7M4_T_le_v4SPD16_eabi.lib</file>
         <name>trgmsg.c.obj</name>
      </input_file>
      <input_file id="fl-f4">
         <path>/Applications/ti/ccs1010/ccs/tools/compiler/ti-cgt-arm_20.2.2.LTS/lib/</path>
         <kind>archive</kind>
         <file>rtsv7M4_T_le_v4SPD16_eabi.lib</file>
         <name>open.c.obj</name>
      </input_file>
      <input_file id="fl-f5">
         <path>/Applications/ti/ccs1010/ccs/tools/compiler/ti-cgt-arm_20.2.2.LTS/lib/</path>
         <kind>archive</kind>
         <file>rtsv7M4_T_le_v4SPD16_eabi.lib</file>
         <name>lseek.c.obj</name>
      </input_file>
      <input_file id="fl-f6">
         <path>/Applications/ti/ccs1010/ccs/tools/compiler/ti-cgt-arm_20.2.2.LTS/lib/</path>
         <kind>archive</kind>
         <file>rtsv7M4_T_le_v4SPD16_eabi.lib</file>
         <name>fclose.c.obj</name>
      </input_file>
      <input_file id="fl-f7">
         <path>/Applications/ti/ccs1010/ccs/tools/compiler/ti-cgt-arm_20.2.2.LTS/lib/</path>
         <kind>archive</kind>
         <file>rtsv7M4_T_le_v4SPD16_eabi.lib</file>
         <name>getdevice.c.obj</name>
      </input_file>
      <input_file id="fl-f8">
         <path>/Applications/ti/ccs1010/ccs/tools/compiler/ti-cgt-arm_20.2.2.LTS/lib/</path>
         <kind>archive</kind>
         <file>rtsv7M4_T_le_v4SPD16_eabi.lib</file>
         <name>strcmp.c.obj</name>
      </input_file>
      <input_file id="fl-f9">
         <path>/Applications/ti/ccs1010/ccs/tools/compiler/ti-cgt-arm_20.2.2.LTS/lib/</path>
         <kind>archive</kind>
         <file>rtsv7M4_T_le_v4SPD16_eabi.lib</file>
         <name>strcpy.c.obj</name>
      </input_file>
      <input_file id="fl-fa">
         <path>/Applications/ti/ccs1010/ccs/tools/compiler/ti-cgt-arm_20.2.2.LTS/lib/</path>
         <kind>archive</kind>
         <file>rtsv7M4_T_le_v4SPD16_eabi.lib</file>
         <name>strncpy.c.obj</name>
      </input_file>
      <input_file id="fl-fb">
         <path>/Applications/ti/ccs1010/ccs/tools/compiler/ti-cgt-arm_20.2.2.LTS/lib/</path>
         <kind>archive</kind>
         <file>rtsv7M4_T_le_v4SPD16_eabi.lib</file>
         <name>remove.c.obj</name>
      </input_file>
      <input_file id="fl-fc">
         <path>/Applications/ti/ccs1010/ccs/tools/compiler/ti-cgt-arm_20.2.2.LTS/lib/</path>
         <kind>archive</kind>
         <file>rtsv7M4_T_le_v4SPD16_eabi.lib</file>
         <name>close.c.obj</name>
      </input_file>
      <input_file id="fl-fd">
         <path>/Applications/ti/ccs1010/ccs/tools/compiler/ti-cgt-arm_20.2.2.LTS/lib/</path>
         <kind>archive</kind>
         <file>rtsv7M4_T_le_v4SPD16_eabi.lib</file>
         <name>unlink.c.obj</name>
      </input_file>
   </input_file_list>
   <object_component_list>
      <object_component id="oc-26">
         <name>.intvecs:retain</name>
         <load_address>0x0</load_address>
         <run_address>0x0</run_address>
         <size>0xe4</size>
         <input_file_ref idref="fl-4"/>
      </object_component>
      <object_component id="oc-d6">
         <name>.text</name>
         <load_address>0xe4</load_address>
         <run_address>0xe4</run_address>
         <size>0x13a0</size>
         <input_file_ref idref="fl-2"/>
      </object_component>
      <object_component id="oc-9a">
         <name>.text</name>
         <load_address>0x1484</load_address>
         <run_address>0x1484</run_address>
         <size>0xc5c</size>
         <input_file_ref idref="fl-3"/>
      </object_component>
      <object_component id="oc-174">
         <name>.text:__TI_printfi</name>
         <load_address>0x20e0</load_address>
         <run_address>0x20e0</run_address>
         <size>0xa4e</size>
         <input_file_ref idref="fl-c0"/>
      </object_component>
      <object_component id="oc-231">
         <name>.text:_nop</name>
         <load_address>0x2b2e</load_address>
         <run_address>0x2b2e</run_address>
         <size>0x2</size>
         <input_file_ref idref="fl-d2"/>
      </object_component>
      <object_component id="oc-ac">
         <name>.text</name>
         <load_address>0x2b30</load_address>
         <run_address>0x2b30</run_address>
         <size>0x334</size>
         <input_file_ref idref="fl-5"/>
      </object_component>
      <object_component id="oc-dc">
         <name>.text</name>
         <load_address>0x2e64</load_address>
         <run_address>0x2e64</run_address>
         <size>0x330</size>
         <input_file_ref idref="fl-1"/>
      </object_component>
      <object_component id="oc-20d">
         <name>.text:_pconv_a</name>
         <load_address>0x3194</load_address>
         <run_address>0x3194</run_address>
         <size>0x270</size>
         <input_file_ref idref="fl-c0"/>
      </object_component>
      <object_component id="oc-1fb">
         <name>.text:_pconv_g</name>
         <load_address>0x3404</load_address>
         <run_address>0x3404</run_address>
         <size>0x1d0</size>
         <input_file_ref idref="fl-c0"/>
      </object_component>
      <object_component id="oc-294">
         <name>.text</name>
         <load_address>0x35d4</load_address>
         <run_address>0x35d4</run_address>
         <size>0x1b6</size>
         <input_file_ref idref="fl-c4"/>
      </object_component>
      <object_component id="oc-318">
         <name>.text</name>
         <load_address>0x378a</load_address>
         <run_address>0x378a</run_address>
         <size>0x2</size>
         <input_file_ref idref="fl-e7"/>
      </object_component>
      <object_component id="oc-207">
         <name>.text:_pconv_e</name>
         <load_address>0x378c</load_address>
         <run_address>0x378c</run_address>
         <size>0x13c</size>
         <input_file_ref idref="fl-c0"/>
      </object_component>
      <object_component id="oc-27a">
         <name>.text</name>
         <load_address>0x38c8</load_address>
         <run_address>0x38c8</run_address>
         <size>0x136</size>
         <input_file_ref idref="fl-c6"/>
      </object_component>
      <object_component id="oc-2a6">
         <name>.text:fcvt</name>
         <load_address>0x3a00</load_address>
         <run_address>0x3a00</run_address>
         <size>0x124</size>
         <input_file_ref idref="fl-c0"/>
      </object_component>
      <object_component id="oc-23f">
         <name>.text:fputs</name>
         <load_address>0x3b24</load_address>
         <run_address>0x3b24</run_address>
         <size>0x114</size>
         <input_file_ref idref="fl-c1"/>
      </object_component>
      <object_component id="oc-2ba">
         <name>.text:scalbn</name>
         <load_address>0x3c38</load_address>
         <run_address>0x3c38</run_address>
         <size>0x110</size>
         <input_file_ref idref="fl-e1"/>
      </object_component>
      <object_component id="oc-3c1">
         <name>.text:aligned_alloc</name>
         <load_address>0x3d48</load_address>
         <run_address>0x3d48</run_address>
         <size>0x100</size>
         <input_file_ref idref="fl-d9"/>
      </object_component>
      <object_component id="oc-275">
         <name>.text</name>
         <load_address>0x3e48</load_address>
         <run_address>0x3e48</run_address>
         <size>0xfc</size>
         <input_file_ref idref="fl-c7"/>
      </object_component>
      <object_component id="oc-37f">
         <name>.text:free</name>
         <load_address>0x3f44</load_address>
         <run_address>0x3f44</run_address>
         <size>0xe4</size>
         <input_file_ref idref="fl-d9"/>
      </object_component>
      <object_component id="oc-353">
         <name>.text:setvbuf</name>
         <load_address>0x4028</load_address>
         <run_address>0x4028</run_address>
         <size>0xdc</size>
         <input_file_ref idref="fl-c3"/>
      </object_component>
      <object_component id="oc-1f0">
         <name>.text:_ltostr</name>
         <load_address>0x4104</load_address>
         <run_address>0x4104</run_address>
         <size>0xb1</size>
         <input_file_ref idref="fl-c0"/>
      </object_component>
      <object_component id="oc-3a">
         <name>.text</name>
         <load_address>0x41b6</load_address>
         <run_address>0x41b6</run_address>
         <size>0x9c</size>
         <input_file_ref idref="fl-cb"/>
      </object_component>
      <object_component id="oc-26e">
         <name>.text</name>
         <load_address>0x4252</load_address>
         <run_address>0x4252</run_address>
         <size>0x96</size>
         <input_file_ref idref="fl-cc"/>
      </object_component>
      <object_component id="oc-1f6">
         <name>.text:__aeabi_cdcmple</name>
         <load_address>0x42e8</load_address>
         <run_address>0x42e8</run_address>
         <size>0x86</size>
         <input_file_ref idref="fl-c5"/>
      </object_component>
      <object_component id="oc-27f">
         <name>.text:__aeabi_cdrcmple</name>
         <load_address>0x436e</load_address>
         <run_address>0x436e</run_address>
         <size>0x86</size>
         <input_file_ref idref="fl-c5"/>
      </object_component>
      <object_component id="oc-8e">
         <name>.text</name>
         <load_address>0x43f4</load_address>
         <run_address>0x43f4</run_address>
         <size>0x7a</size>
         <input_file_ref idref="fl-cd"/>
      </object_component>
      <object_component id="oc-3c8">
         <name>.text:__TI_closefile</name>
         <load_address>0x4470</load_address>
         <run_address>0x4470</run_address>
         <size>0x74</size>
         <input_file_ref idref="fl-f6"/>
      </object_component>
      <object_component id="oc-409">
         <name>.text:split</name>
         <load_address>0x44e4</load_address>
         <run_address>0x44e4</run_address>
         <size>0x70</size>
         <input_file_ref idref="fl-d9"/>
      </object_component>
      <object_component id="oc-29f">
         <name>.text:_mcpy</name>
         <load_address>0x4554</load_address>
         <run_address>0x4554</run_address>
         <size>0x6e</size>
         <input_file_ref idref="fl-c0"/>
      </object_component>
      <object_component id="oc-3f8">
         <name>.text:HOSTrename</name>
         <load_address>0x45c4</load_address>
         <run_address>0x45c4</run_address>
         <size>0x6c</size>
         <input_file_ref idref="fl-f0"/>
      </object_component>
      <object_component id="oc-3ec">
         <name>.text:HOSTlseek</name>
         <load_address>0x4630</load_address>
         <run_address>0x4630</run_address>
         <size>0x68</size>
         <input_file_ref idref="fl-ed"/>
      </object_component>
      <object_component id="oc-17">
         <name>.text:decompress:lzss:__TI_decompress_lzss</name>
         <load_address>0x4698</load_address>
         <run_address>0x4698</run_address>
         <size>0x68</size>
         <input_file_ref idref="fl-d0"/>
      </object_component>
      <object_component id="oc-e2">
         <name>.text:printf</name>
         <load_address>0x4700</load_address>
         <run_address>0x4700</run_address>
         <size>0x68</size>
         <input_file_ref idref="fl-bf"/>
      </object_component>
      <object_component id="oc-2b4">
         <name>.text:frexp</name>
         <load_address>0x4768</load_address>
         <run_address>0x4768</run_address>
         <size>0x64</size>
         <input_file_ref idref="fl-e0"/>
      </object_component>
      <object_component id="oc-34d">
         <name>.text:fseek</name>
         <load_address>0x47cc</load_address>
         <run_address>0x47cc</run_address>
         <size>0x64</size>
         <input_file_ref idref="fl-e6"/>
      </object_component>
      <object_component id="oc-2eb">
         <name>.text:__TI_wrt_ok</name>
         <load_address>0x4830</load_address>
         <run_address>0x4830</run_address>
         <size>0x62</size>
         <input_file_ref idref="fl-c2"/>
      </object_component>
      <object_component id="oc-3d4">
         <name>.text:HOSTopen</name>
         <load_address>0x4894</load_address>
         <run_address>0x4894</run_address>
         <size>0x60</size>
         <input_file_ref idref="fl-ee"/>
      </object_component>
      <object_component id="oc-410">
         <name>.text:close</name>
         <load_address>0x48f4</load_address>
         <run_address>0x48f4</run_address>
         <size>0x5c</size>
         <input_file_ref idref="fl-fc"/>
      </object_component>
      <object_component id="oc-3e0">
         <name>.text:HOSTread</name>
         <load_address>0x4950</load_address>
         <run_address>0x4950</run_address>
         <size>0x58</size>
         <input_file_ref idref="fl-ef"/>
      </object_component>
      <object_component id="oc-3e6">
         <name>.text:HOSTwrite</name>
         <load_address>0x49a8</load_address>
         <run_address>0x49a8</run_address>
         <size>0x58</size>
         <input_file_ref idref="fl-f2"/>
      </object_component>
      <object_component id="oc-201">
         <name>.text:_pconv_f</name>
         <load_address>0x4a00</load_address>
         <run_address>0x4a00</run_address>
         <size>0x56</size>
         <input_file_ref idref="fl-c0"/>
      </object_component>
      <object_component id="oc-289">
         <name>.text:__TI_ltoa</name>
         <load_address>0x4a56</load_address>
         <run_address>0x4a56</run_address>
         <size>0x54</size>
         <input_file_ref idref="fl-d3"/>
      </object_component>
      <object_component id="oc-299">
         <name>.text:_ecpy</name>
         <load_address>0x4aaa</load_address>
         <run_address>0x4aaa</run_address>
         <size>0x52</size>
         <input_file_ref idref="fl-c0"/>
      </object_component>
      <object_component id="oc-2f7">
         <name>.text:__TI_doflush</name>
         <load_address>0x4afc</load_address>
         <run_address>0x4afc</run_address>
         <size>0x4c</size>
         <input_file_ref idref="fl-e4"/>
      </object_component>
      <object_component id="oc-1ea">
         <name>.text:atoi</name>
         <load_address>0x4b48</load_address>
         <run_address>0x4b48</run_address>
         <size>0x4c</size>
         <input_file_ref idref="fl-d4"/>
      </object_component>
      <object_component id="oc-100">
         <name>.text:exit</name>
         <load_address>0x4b94</load_address>
         <run_address>0x4b94</run_address>
         <size>0x48</size>
         <input_file_ref idref="fl-d1"/>
      </object_component>
      <object_component id="oc-284">
         <name>.text</name>
         <load_address>0x4bdc</load_address>
         <run_address>0x4bdc</run_address>
         <size>0x48</size>
         <input_file_ref idref="fl-c8"/>
      </object_component>
      <object_component id="oc-3da">
         <name>.text:HOSTclose</name>
         <load_address>0x4c24</load_address>
         <run_address>0x4c24</run_address>
         <size>0x44</size>
         <input_file_ref idref="fl-ec"/>
      </object_component>
      <object_component id="oc-3f2">
         <name>.text:HOSTunlink</name>
         <load_address>0x4c68</load_address>
         <run_address>0x4c68</run_address>
         <size>0x44</size>
         <input_file_ref idref="fl-f1"/>
      </object_component>
      <object_component id="oc-106">
         <name>.text:__TI_auto_init_nobinit_nopinit:__TI_auto_init_nobinit_nopinit</name>
         <load_address>0x4cac</load_address>
         <run_address>0x4cac</run_address>
         <size>0x44</size>
         <input_file_ref idref="fl-e8"/>
      </object_component>
      <object_component id="oc-448">
         <name>.text:getdevice</name>
         <load_address>0x4cf0</load_address>
         <run_address>0x4cf0</run_address>
         <size>0x44</size>
         <input_file_ref idref="fl-f7"/>
      </object_component>
      <object_component id="oc-2ac">
         <name>.text:_fcpy</name>
         <load_address>0x4d34</load_address>
         <run_address>0x4d34</run_address>
         <size>0x3e</size>
         <input_file_ref idref="fl-c0"/>
      </object_component>
      <object_component id="oc-421">
         <name>.text:__TI_writemsg</name>
         <load_address>0x4d74</load_address>
         <run_address>0x4d74</run_address>
         <size>0x38</size>
         <input_file_ref idref="fl-f3"/>
      </object_component>
      <object_component id="oc-eb">
         <name>.text</name>
         <load_address>0x4dac</load_address>
         <run_address>0x4dac</run_address>
         <size>0x38</size>
         <input_file_ref idref="fl-c9"/>
      </object_component>
      <object_component id="oc-46a">
         <name>.text:strncpy</name>
         <load_address>0x4de4</load_address>
         <run_address>0x4de4</run_address>
         <size>0x36</size>
         <input_file_ref idref="fl-fa"/>
      </object_component>
      <object_component id="oc-38b">
         <name>.text:__TI_cleanup</name>
         <load_address>0x4e1c</load_address>
         <run_address>0x4e1c</run_address>
         <size>0x34</size>
         <input_file_ref idref="fl-e5"/>
      </object_component>
      <object_component id="oc-427">
         <name>.text:__TI_readmsg</name>
         <load_address>0x4e50</load_address>
         <run_address>0x4e50</run_address>
         <size>0x34</size>
         <input_file_ref idref="fl-f3"/>
      </object_component>
      <object_component id="oc-58">
         <name>.text:_c_int00_noargs:_c_int00_noargs</name>
         <load_address>0x4e84</load_address>
         <run_address>0x4e84</run_address>
         <size>0x34</size>
         <input_file_ref idref="fl-de"/>
      </object_component>
      <object_component id="oc-470">
         <name>.text:finddevice</name>
         <load_address>0x4eb8</load_address>
         <run_address>0x4eb8</run_address>
         <size>0x30</size>
         <input_file_ref idref="fl-f7"/>
      </object_component>
      <object_component id="oc-28f">
         <name>.text</name>
         <load_address>0x4ee8</load_address>
         <run_address>0x4ee8</run_address>
         <size>0x2e</size>
         <input_file_ref idref="fl-ca"/>
      </object_component>
      <object_component id="oc-416">
         <name>.text:unlink</name>
         <load_address>0x4f18</load_address>
         <run_address>0x4f18</run_address>
         <size>0x2c</size>
         <input_file_ref idref="fl-fd"/>
      </object_component>
      <object_component id="oc-3ba">
         <name>.text:free_list_insert</name>
         <load_address>0x4f44</load_address>
         <run_address>0x4f44</run_address>
         <size>0x28</size>
         <input_file_ref idref="fl-d9"/>
      </object_component>
      <object_component id="oc-377">
         <name>.text:lseek</name>
         <load_address>0x4f6c</load_address>
         <run_address>0x4f6c</run_address>
         <size>0x28</size>
         <input_file_ref idref="fl-f5"/>
      </object_component>
      <object_component id="oc-2fd">
         <name>.text:write</name>
         <load_address>0x4f94</load_address>
         <run_address>0x4f94</run_address>
         <size>0x28</size>
         <input_file_ref idref="fl-dc"/>
      </object_component>
      <object_component id="oc-2f1">
         <name>.text:memchr</name>
         <load_address>0x4fbc</load_address>
         <run_address>0x4fbc</run_address>
         <size>0x20</size>
         <input_file_ref idref="fl-d8"/>
      </object_component>
      <object_component id="oc-46">
         <name>.text:decompress:ZI:__TI_zero_init_nomemset:__TI_zero_init_nomemset</name>
         <load_address>0x4fdc</load_address>
         <run_address>0x4fdc</run_address>
         <size>0x1c</size>
         <input_file_ref idref="fl-ce"/>
      </object_component>
      <object_component id="oc-3b4">
         <name>.text:free_list_remove</name>
         <load_address>0x4ff8</load_address>
         <run_address>0x4ff8</run_address>
         <size>0x1c</size>
         <input_file_ref idref="fl-d9"/>
      </object_component>
      <object_component id="oc-213">
         <name>.text:memccpy</name>
         <load_address>0x5014</load_address>
         <run_address>0x5014</run_address>
         <size>0x1c</size>
         <input_file_ref idref="fl-d7"/>
      </object_component>
      <object_component id="oc-331">
         <name>.text:copysign</name>
         <load_address>0x5030</load_address>
         <run_address>0x5030</run_address>
         <size>0x1a</size>
         <input_file_ref idref="fl-e3"/>
      </object_component>
      <object_component id="oc-487">
         <name>.text:strcmp</name>
         <load_address>0x504a</load_address>
         <run_address>0x504a</run_address>
         <size>0x18</size>
         <input_file_ref idref="fl-f8"/>
      </object_component>
      <object_component id="oc-2c0">
         <name>.text:strchr</name>
         <load_address>0x5062</load_address>
         <run_address>0x5062</run_address>
         <size>0x16</size>
         <input_file_ref idref="fl-da"/>
      </object_component>
      <object_component id="oc-43b">
         <name>.text:strcpy</name>
         <load_address>0x5078</load_address>
         <run_address>0x5078</run_address>
         <size>0x14</size>
         <input_file_ref idref="fl-f9"/>
      </object_component>
      <object_component id="oc-1e4">
         <name>.text:strlen</name>
         <load_address>0x508c</load_address>
         <run_address>0x508c</run_address>
         <size>0x14</size>
         <input_file_ref idref="fl-db"/>
      </object_component>
      <object_component id="oc-219">
         <name>.text:wcslen</name>
         <load_address>0x50a0</load_address>
         <run_address>0x50a0</run_address>
         <size>0x12</size>
         <input_file_ref idref="fl-e2"/>
      </object_component>
      <object_component id="oc-1d">
         <name>.text:decompress:none:__TI_decompress_none</name>
         <load_address>0x50b2</load_address>
         <run_address>0x50b2</run_address>
         <size>0xe</size>
         <input_file_ref idref="fl-cf"/>
      </object_component>
      <object_component id="oc-6a">
         <name>.text</name>
         <load_address>0x50c0</load_address>
         <run_address>0x50c0</run_address>
         <size>0xe</size>
         <input_file_ref idref="fl-4"/>
      </object_component>
      <object_component id="oc-21f">
         <name>.text:__aeabi_errno_addr</name>
         <load_address>0x50d0</load_address>
         <run_address>0x50d0</run_address>
         <size>0x8</size>
         <input_file_ref idref="fl-df"/>
      </object_component>
      <object_component id="oc-385">
         <name>.text:malloc</name>
         <load_address>0x50d8</load_address>
         <run_address>0x50d8</run_address>
         <size>0x8</size>
         <input_file_ref idref="fl-d9"/>
      </object_component>
      <object_component id="oc-186">
         <name>.text:_outc</name>
         <load_address>0x50e0</load_address>
         <run_address>0x50e0</run_address>
         <size>0x4</size>
         <input_file_ref idref="fl-bf"/>
      </object_component>
      <object_component id="oc-180">
         <name>.text:_outs</name>
         <load_address>0x50e4</load_address>
         <run_address>0x50e4</run_address>
         <size>0x4</size>
         <input_file_ref idref="fl-bf"/>
      </object_component>
      <object_component id="oc-94">
         <name>.text:_system_pre_init</name>
         <load_address>0x50e8</load_address>
         <run_address>0x50e8</run_address>
         <size>0x4</size>
         <input_file_ref idref="fl-e9"/>
      </object_component>
      <object_component id="oc-fa">
         <name>.text:abort:abort</name>
         <load_address>0x50ec</load_address>
         <run_address>0x50ec</run_address>
         <size>0x4</size>
         <input_file_ref idref="fl-d1"/>
      </object_component>
      <object_component id="oc-f0">
         <name>.const:Logo</name>
         <load_address>0x50f0</load_address>
         <run_address>0x50f0</run_address>
         <size>0x3200</size>
         <input_file_ref idref="fl-3"/>
      </object_component>
      <object_component id="oc-157">
         <name>.const:.string:Font</name>
         <load_address>0x82f0</load_address>
         <run_address>0x82f0</run_address>
         <size>0x4fb</size>
         <input_file_ref idref="fl-2"/>
      </object_component>
      <object_component id="oc-162">
         <name>.const:.string:dBfs</name>
         <load_address>0x87eb</load_address>
         <run_address>0x87eb</run_address>
         <size>0x200</size>
         <input_file_ref idref="fl-2"/>
      </object_component>
      <object_component id="oc-269">
         <name>.const:.string:_ctypes_</name>
         <load_address>0x89eb</load_address>
         <run_address>0x89eb</run_address>
         <size>0x101</size>
         <input_file_ref idref="fl-d5"/>
      </object_component>
      <object_component id="oc-145">
         <name>.const:.string:Bcmd</name>
         <load_address>0x8aec</load_address>
         <run_address>0x8aec</run_address>
         <size>0x67</size>
         <input_file_ref idref="fl-2"/>
      </object_component>
      <object_component id="oc-e8">
         <name>.const:Test2</name>
         <load_address>0x8b54</load_address>
         <run_address>0x8b54</run_address>
         <size>0x3c</size>
         <input_file_ref idref="fl-3"/>
      </object_component>
      <object_component id="oc-14b">
         <name>.const:.string:Rcmd1</name>
         <load_address>0x8b90</load_address>
         <run_address>0x8b90</run_address>
         <size>0x3b</size>
         <input_file_ref idref="fl-2"/>
      </object_component>
      <object_component id="oc-154">
         <name>.const:.string:Rcmd3</name>
         <load_address>0x8bcb</load_address>
         <run_address>0x8bcb</run_address>
         <size>0x2b</size>
         <input_file_ref idref="fl-2"/>
      </object_component>
      <object_component id="oc-14e">
         <name>.const:.string:Rcmd2green</name>
         <load_address>0x8bf6</load_address>
         <run_address>0x8bf6</run_address>
         <size>0xd</size>
         <input_file_ref idref="fl-2"/>
      </object_component>
      <object_component id="oc-151">
         <name>.const:.string:Rcmd2red</name>
         <load_address>0x8c03</load_address>
         <run_address>0x8c03</run_address>
         <size>0xd</size>
         <input_file_ref idref="fl-2"/>
      </object_component>
      <object_component id="oc-4c7">
         <name>.cinit..data.load</name>
         <load_address>0x8c10</load_address>
         <run_address>0x8c10</run_address>
         <size>0x79</size>
      </object_component>
      <object_component id="oc-4c5">
         <name>__TI_handler_table</name>
         <load_address>0x8c8c</load_address>
         <run_address>0x8c8c</run_address>
         <size>0xc</size>
      </object_component>
      <object_component id="oc-4c8">
         <name>.cinit..bss.load</name>
         <load_address>0x8c98</load_address>
         <run_address>0x8c98</run_address>
         <size>0x8</size>
      </object_component>
      <object_component id="oc-4c6">
         <name>__TI_cinit_table</name>
         <load_address>0x8ca0</load_address>
         <run_address>0x8ca0</run_address>
         <size>0x10</size>
      </object_component>
      <object_component id="oc-499">
         <name>.binit</name>
         <load_address>0x0</load_address>
         <run_address>0x0</run_address>
         <size>0x0</size>
      </object_component>
      <object_component id="oc-16b">
         <name>.data</name>
         <load_address>0x200005b8</load_address>
         <run_address>0x200005b8</run_address>
         <size>0x14</size>
         <input_file_ref idref="fl-1"/>
      </object_component>
      <object_component id="oc-148">
         <name>.data</name>
         <load_address>0x200005cc</load_address>
         <run_address>0x200005cc</run_address>
         <size>0x14</size>
         <input_file_ref idref="fl-2"/>
      </object_component>
      <object_component id="oc-f3">
         <name>.data</name>
         <load_address>0x20000614</load_address>
         <run_address>0x20000614</run_address>
         <size>0x2</size>
         <input_file_ref idref="fl-3"/>
      </object_component>
      <object_component id="oc-138">
         <name>.data</name>
         <load_address>0x20000610</load_address>
         <run_address>0x20000610</run_address>
         <size>0x4</size>
         <input_file_ref idref="fl-5"/>
      </object_component>
      <object_component id="oc-19a">
         <name>.data:$O1$$</name>
         <load_address>0x200005f0</load_address>
         <run_address>0x200005f0</run_address>
         <size>0xc</size>
         <input_file_ref idref="fl-d1"/>
      </object_component>
      <object_component id="oc-17a">
         <name>.data:$O1$$</name>
         <load_address>0x200005fc</load_address>
         <run_address>0x200005fc</run_address>
         <size>0x8</size>
         <input_file_ref idref="fl-d2"/>
      </object_component>
      <object_component id="oc-17d">
         <name>.data:_ftable</name>
         <load_address>0x20000400</load_address>
         <run_address>0x20000400</run_address>
         <size>0xf0</size>
         <input_file_ref idref="fl-d6"/>
      </object_component>
      <object_component id="oc-3ce">
         <name>.data</name>
         <load_address>0x200005e0</load_address>
         <run_address>0x200005e0</run_address>
         <size>0x10</size>
         <input_file_ref idref="fl-d6"/>
      </object_component>
      <object_component id="oc-404">
         <name>.data:$O1$$</name>
         <load_address>0x20000604</load_address>
         <run_address>0x20000604</run_address>
         <size>0x8</size>
         <input_file_ref idref="fl-d9"/>
      </object_component>
      <object_component id="oc-39e">
         <name>.data:_device</name>
         <load_address>0x200004f0</load_address>
         <run_address>0x200004f0</run_address>
         <size>0x78</size>
         <input_file_ref idref="fl-dd"/>
      </object_component>
      <object_component id="oc-35f">
         <name>.data:_stream</name>
         <load_address>0x20000568</load_address>
         <run_address>0x20000568</run_address>
         <size>0x50</size>
         <input_file_ref idref="fl-dd"/>
      </object_component>
      <object_component id="oc-2d0">
         <name>.data</name>
         <load_address>0x2000060c</load_address>
         <run_address>0x2000060c</run_address>
         <size>0x4</size>
         <input_file_ref idref="fl-df"/>
      </object_component>
      <object_component id="oc-142">
         <name>.bss</name>
         <uninitialized>true</uninitialized>
         <run_address>0x200007ec</run_address>
         <size>0x4</size>
         <input_file_ref idref="fl-2"/>
      </object_component>
      <object_component id="oc-452">
         <name>.bss:_CIOBUF_</name>
         <uninitialized>true</uninitialized>
         <run_address>0x20000618</run_address>
         <size>0x120</size>
         <input_file_ref idref="fl-f3"/>
      </object_component>
      <object_component id="oc-15a">
         <name>.common:Message</name>
         <uninitialized>true</uninitialized>
         <run_address>0x200007d8</run_address>
         <size>0xc</size>
      </object_component>
      <object_component id="oc-15d">
         <name>.common:Messageindex</name>
         <uninitialized>true</uninitialized>
         <run_address>0x200007f0</run_address>
         <size>0x4</size>
      </object_component>
      <object_component id="oc-15e">
         <name>.common:Ymax</name>
         <uninitialized>true</uninitialized>
         <run_address>0x200007f8</run_address>
         <size>0x4</size>
      </object_component>
      <object_component id="oc-15f">
         <name>.common:Ymin</name>
         <uninitialized>true</uninitialized>
         <run_address>0x200007fc</run_address>
         <size>0x4</size>
      </object_component>
      <object_component id="oc-161">
         <name>.common:X</name>
         <uninitialized>true</uninitialized>
         <run_address>0x200007f4</run_address>
         <size>0x4</size>
      </object_component>
      <object_component id="oc-160">
         <name>.common:Yrange</name>
         <uninitialized>true</uninitialized>
         <run_address>0x20000800</run_address>
         <size>0x4</size>
      </object_component>
      <object_component id="oc-41c">
         <name>.common:__TI_tmpnams</name>
         <uninitialized>true</uninitialized>
         <run_address>0x20000738</run_address>
         <size>0xa0</size>
      </object_component>
      <object_component id="oc-42d">
         <name>.common:parmbuf</name>
         <uninitialized>true</uninitialized>
         <run_address>0x200007e4</run_address>
         <size>0x8</size>
      </object_component>
      <object_component id="oc-29">
         <name>.sysmem</name>
         <uninitialized>true</uninitialized>
         <run_address>0x20000000</run_address>
         <size>0x10</size>
         <input_file_ref idref="fl-d9"/>
      </object_component>
      <object_component id="oc-4cb">
         <name>.sysmem</name>
         <uninitialized>true</uninitialized>
         <run_address>0x20000000</run_address>
         <size>0x0</size>
      </object_component>
      <object_component id="oc-2c">
         <name>.stack</name>
         <uninitialized>true</uninitialized>
         <run_address>0x2000fe00</run_address>
         <size>0x4</size>
         <input_file_ref idref="fl-de"/>
      </object_component>
      <object_component id="oc-4ca">
         <name>.stack</name>
         <uninitialized>true</uninitialized>
         <run_address>0x2000fe00</run_address>
         <size>0x0</size>
      </object_component>
      <object_component id="oc-141">
         <name>.debug_info</name>
         <load_address>0x0</load_address>
         <run_address>0x0</run_address>
         <size>0x538</size>
         <input_file_ref idref="fl-1"/>
      </object_component>
      <object_component id="oc-16c">
         <name>.debug_info</name>
         <load_address>0x538</load_address>
         <run_address>0x538</run_address>
         <size>0x167</size>
         <input_file_ref idref="fl-1"/>
      </object_component>
      <object_component id="oc-dd">
         <name>.debug_info</name>
         <load_address>0x69f</load_address>
         <run_address>0x69f</run_address>
         <size>0x268</size>
         <input_file_ref idref="fl-1"/>
      </object_component>
      <object_component id="oc-1ba">
         <name>.debug_info</name>
         <load_address>0x907</load_address>
         <run_address>0x907</run_address>
         <size>0x37e2</size>
         <input_file_ref idref="fl-1"/>
      </object_component>
      <object_component id="oc-b5">
         <name>.debug_info</name>
         <load_address>0x40e9</load_address>
         <run_address>0x40e9</run_address>
         <size>0x26b</size>
         <input_file_ref idref="fl-1"/>
      </object_component>
      <object_component id="oc-1bf">
         <name>.debug_info</name>
         <load_address>0x4354</load_address>
         <run_address>0x4354</run_address>
         <size>0x1055</size>
         <input_file_ref idref="fl-1"/>
      </object_component>
      <object_component id="oc-35">
         <name>.debug_info</name>
         <load_address>0x53a9</load_address>
         <run_address>0x53a9</run_address>
         <size>0x84</size>
         <input_file_ref idref="fl-1"/>
      </object_component>
      <object_component id="oc-13c">
         <name>.debug_info</name>
         <load_address>0x542d</load_address>
         <run_address>0x542d</run_address>
         <size>0x2a4</size>
         <input_file_ref idref="fl-1"/>
      </object_component>
      <object_component id="oc-f5">
         <name>.debug_info</name>
         <load_address>0x56d1</load_address>
         <run_address>0x56d1</run_address>
         <size>0xbb</size>
         <input_file_ref idref="fl-1"/>
      </object_component>
      <object_component id="oc-16f">
         <name>.debug_info</name>
         <load_address>0x578c</load_address>
         <run_address>0x578c</run_address>
         <size>0x57</size>
         <input_file_ref idref="fl-1"/>
      </object_component>
      <object_component id="oc-15b">
         <name>.debug_info</name>
         <load_address>0x57e3</load_address>
         <run_address>0x57e3</run_address>
         <size>0x671</size>
         <input_file_ref idref="fl-2"/>
      </object_component>
      <object_component id="oc-149">
         <name>.debug_info</name>
         <load_address>0x5e54</load_address>
         <run_address>0x5e54</run_address>
         <size>0x168</size>
         <input_file_ref idref="fl-2"/>
      </object_component>
      <object_component id="oc-158">
         <name>.debug_info</name>
         <load_address>0x5fbc</load_address>
         <run_address>0x5fbc</run_address>
         <size>0xd3</size>
         <input_file_ref idref="fl-2"/>
      </object_component>
      <object_component id="oc-143">
         <name>.debug_info</name>
         <load_address>0x608f</load_address>
         <run_address>0x608f</run_address>
         <size>0x13f</size>
         <input_file_ref idref="fl-2"/>
      </object_component>
      <object_component id="oc-146">
         <name>.debug_info</name>
         <load_address>0x61ce</load_address>
         <run_address>0x61ce</run_address>
         <size>0xd4</size>
         <input_file_ref idref="fl-2"/>
      </object_component>
      <object_component id="oc-14c">
         <name>.debug_info</name>
         <load_address>0x62a2</load_address>
         <run_address>0x62a2</run_address>
         <size>0xd6</size>
         <input_file_ref idref="fl-2"/>
      </object_component>
      <object_component id="oc-14f">
         <name>.debug_info</name>
         <load_address>0x6378</load_address>
         <run_address>0x6378</run_address>
         <size>0xe0</size>
         <input_file_ref idref="fl-2"/>
      </object_component>
      <object_component id="oc-152">
         <name>.debug_info</name>
         <load_address>0x6458</load_address>
         <run_address>0x6458</run_address>
         <size>0xdc</size>
         <input_file_ref idref="fl-2"/>
      </object_component>
      <object_component id="oc-155">
         <name>.debug_info</name>
         <load_address>0x6534</load_address>
         <run_address>0x6534</run_address>
         <size>0xd6</size>
         <input_file_ref idref="fl-2"/>
      </object_component>
      <object_component id="oc-163">
         <name>.debug_info</name>
         <load_address>0x660a</load_address>
         <run_address>0x660a</run_address>
         <size>0xd5</size>
         <input_file_ref idref="fl-2"/>
      </object_component>
      <object_component id="oc-d7">
         <name>.debug_info</name>
         <load_address>0x66df</load_address>
         <run_address>0x66df</run_address>
         <size>0x217e</size>
         <input_file_ref idref="fl-2"/>
      </object_component>
      <object_component id="oc-1d6">
         <name>.debug_info</name>
         <load_address>0x885d</load_address>
         <run_address>0x885d</run_address>
         <size>0x37e2</size>
         <input_file_ref idref="fl-2"/>
      </object_component>
      <object_component id="oc-1db">
         <name>.debug_info</name>
         <load_address>0xc03f</load_address>
         <run_address>0xc03f</run_address>
         <size>0xcc</size>
         <input_file_ref idref="fl-2"/>
      </object_component>
      <object_component id="oc-18e">
         <name>.debug_info</name>
         <load_address>0xc10b</load_address>
         <run_address>0xc10b</run_address>
         <size>0x2c</size>
         <input_file_ref idref="fl-2"/>
      </object_component>
      <object_component id="oc-166">
         <name>.debug_info</name>
         <load_address>0xc137</load_address>
         <run_address>0xc137</run_address>
         <size>0x51</size>
         <input_file_ref idref="fl-2"/>
      </object_component>
      <object_component id="oc-195">
         <name>.debug_info</name>
         <load_address>0xc188</load_address>
         <run_address>0xc188</run_address>
         <size>0x90b</size>
         <input_file_ref idref="fl-3"/>
      </object_component>
      <object_component id="oc-e9">
         <name>.debug_info</name>
         <load_address>0xca93</load_address>
         <run_address>0xca93</run_address>
         <size>0xd4</size>
         <input_file_ref idref="fl-3"/>
      </object_component>
      <object_component id="oc-f1">
         <name>.debug_info</name>
         <load_address>0xcb67</load_address>
         <run_address>0xcb67</run_address>
         <size>0xd2</size>
         <input_file_ref idref="fl-3"/>
      </object_component>
      <object_component id="oc-9b">
         <name>.debug_info</name>
         <load_address>0xcc39</load_address>
         <run_address>0xcc39</run_address>
         <size>0x146d</size>
         <input_file_ref idref="fl-3"/>
      </object_component>
      <object_component id="oc-72">
         <name>.debug_info</name>
         <load_address>0xe0a6</load_address>
         <run_address>0xe0a6</run_address>
         <size>0x2d1</size>
         <input_file_ref idref="fl-4"/>
      </object_component>
      <object_component id="oc-27">
         <name>.debug_info</name>
         <load_address>0xe377</load_address>
         <run_address>0xe377</run_address>
         <size>0xfd</size>
         <input_file_ref idref="fl-4"/>
      </object_component>
      <object_component id="oc-6b">
         <name>.debug_info</name>
         <load_address>0xe474</load_address>
         <run_address>0xe474</run_address>
         <size>0x1c4</size>
         <input_file_ref idref="fl-4"/>
      </object_component>
      <object_component id="oc-139">
         <name>.debug_info</name>
         <load_address>0xe638</load_address>
         <run_address>0xe638</run_address>
         <size>0xf6</size>
         <input_file_ref idref="fl-5"/>
      </object_component>
      <object_component id="oc-ad">
         <name>.debug_info</name>
         <load_address>0xe72e</load_address>
         <run_address>0xe72e</run_address>
         <size>0x268</size>
         <input_file_ref idref="fl-5"/>
      </object_component>
      <object_component id="oc-18d">
         <name>.debug_info</name>
         <load_address>0xe996</load_address>
         <run_address>0xe996</run_address>
         <size>0x3e5</size>
         <input_file_ref idref="fl-bf"/>
      </object_component>
      <object_component id="oc-187">
         <name>.debug_info</name>
         <load_address>0xed7b</load_address>
         <run_address>0xed7b</run_address>
         <size>0x157</size>
         <input_file_ref idref="fl-bf"/>
      </object_component>
      <object_component id="oc-181">
         <name>.debug_info</name>
         <load_address>0xeed2</load_address>
         <run_address>0xeed2</run_address>
         <size>0x166</size>
         <input_file_ref idref="fl-bf"/>
      </object_component>
      <object_component id="oc-e3">
         <name>.debug_info</name>
         <load_address>0xf038</load_address>
         <run_address>0xf038</run_address>
         <size>0x1ac</size>
         <input_file_ref idref="fl-bf"/>
      </object_component>
      <object_component id="oc-249">
         <name>.debug_info</name>
         <load_address>0xf1e4</load_address>
         <run_address>0xf1e4</run_address>
         <size>0xb2</size>
         <input_file_ref idref="fl-bf"/>
      </object_component>
      <object_component id="oc-226">
         <name>.debug_info</name>
         <load_address>0xf296</load_address>
         <run_address>0xf296</run_address>
         <size>0x590</size>
         <input_file_ref idref="fl-c0"/>
      </object_component>
      <object_component id="oc-1f1">
         <name>.debug_info</name>
         <load_address>0xf826</load_address>
         <run_address>0xf826</run_address>
         <size>0x21e</size>
         <input_file_ref idref="fl-c0"/>
      </object_component>
      <object_component id="oc-29a">
         <name>.debug_info</name>
         <load_address>0xfa44</load_address>
         <run_address>0xfa44</run_address>
         <size>0x1b3</size>
         <input_file_ref idref="fl-c0"/>
      </object_component>
      <object_component id="oc-2a0">
         <name>.debug_info</name>
         <load_address>0xfbf7</load_address>
         <run_address>0xfbf7</run_address>
         <size>0x21b</size>
         <input_file_ref idref="fl-c0"/>
      </object_component>
      <object_component id="oc-1fc">
         <name>.debug_info</name>
         <load_address>0xfe12</load_address>
         <run_address>0xfe12</run_address>
         <size>0x3c0</size>
         <input_file_ref idref="fl-c0"/>
      </object_component>
      <object_component id="oc-2a7">
         <name>.debug_info</name>
         <load_address>0x101d2</load_address>
         <run_address>0x101d2</run_address>
         <size>0x30a</size>
         <input_file_ref idref="fl-c0"/>
      </object_component>
      <object_component id="oc-2ad">
         <name>.debug_info</name>
         <load_address>0x104dc</load_address>
         <run_address>0x104dc</run_address>
         <size>0x215</size>
         <input_file_ref idref="fl-c0"/>
      </object_component>
      <object_component id="oc-202">
         <name>.debug_info</name>
         <load_address>0x106f1</load_address>
         <run_address>0x106f1</run_address>
         <size>0x215</size>
         <input_file_ref idref="fl-c0"/>
      </object_component>
      <object_component id="oc-208">
         <name>.debug_info</name>
         <load_address>0x10906</load_address>
         <run_address>0x10906</run_address>
         <size>0x304</size>
         <input_file_ref idref="fl-c0"/>
      </object_component>
      <object_component id="oc-20e">
         <name>.debug_info</name>
         <load_address>0x10c0a</load_address>
         <run_address>0x10c0a</run_address>
         <size>0x4b5</size>
         <input_file_ref idref="fl-c0"/>
      </object_component>
      <object_component id="oc-175">
         <name>.debug_info</name>
         <load_address>0x110bf</load_address>
         <run_address>0x110bf</run_address>
         <size>0x5f4</size>
         <input_file_ref idref="fl-c0"/>
      </object_component>
      <object_component id="oc-227">
         <name>.debug_info</name>
         <load_address>0x116b3</load_address>
         <run_address>0x116b3</run_address>
         <size>0x86</size>
         <input_file_ref idref="fl-c0"/>
      </object_component>
      <object_component id="oc-2dc">
         <name>.debug_info</name>
         <load_address>0x11739</load_address>
         <run_address>0x11739</run_address>
         <size>0x39</size>
         <input_file_ref idref="fl-c0"/>
      </object_component>
      <object_component id="oc-348">
         <name>.debug_info</name>
         <load_address>0x11772</load_address>
         <run_address>0x11772</run_address>
         <size>0xb6</size>
         <input_file_ref idref="fl-c0"/>
      </object_component>
      <object_component id="oc-2e1">
         <name>.debug_info</name>
         <load_address>0x11828</load_address>
         <run_address>0x11828</run_address>
         <size>0x46</size>
         <input_file_ref idref="fl-c0"/>
      </object_component>
      <object_component id="oc-22c">
         <name>.debug_info</name>
         <load_address>0x1186e</load_address>
         <run_address>0x1186e</run_address>
         <size>0x46</size>
         <input_file_ref idref="fl-c0"/>
      </object_component>
      <object_component id="oc-2d7">
         <name>.debug_info</name>
         <load_address>0x118b4</load_address>
         <run_address>0x118b4</run_address>
         <size>0x2c</size>
         <input_file_ref idref="fl-c0"/>
      </object_component>
      <object_component id="oc-304">
         <name>.debug_info</name>
         <load_address>0x118e0</load_address>
         <run_address>0x118e0</run_address>
         <size>0x3fc</size>
         <input_file_ref idref="fl-c1"/>
      </object_component>
      <object_component id="oc-240">
         <name>.debug_info</name>
         <load_address>0x11cdc</load_address>
         <run_address>0x11cdc</run_address>
         <size>0x2e2</size>
         <input_file_ref idref="fl-c1"/>
      </object_component>
      <object_component id="oc-cd">
         <name>.debug_info</name>
         <load_address>0x11fbe</load_address>
         <run_address>0x11fbe</run_address>
         <size>0x2c</size>
         <input_file_ref idref="fl-c1"/>
      </object_component>
      <object_component id="oc-35a">
         <name>.debug_info</name>
         <load_address>0x11fea</load_address>
         <run_address>0x11fea</run_address>
         <size>0x300</size>
         <input_file_ref idref="fl-c2"/>
      </object_component>
      <object_component id="oc-2ec">
         <name>.debug_info</name>
         <load_address>0x122ea</load_address>
         <run_address>0x122ea</run_address>
         <size>0x19c</size>
         <input_file_ref idref="fl-c2"/>
      </object_component>
      <object_component id="oc-393">
         <name>.debug_info</name>
         <load_address>0x12486</load_address>
         <run_address>0x12486</run_address>
         <size>0xbf</size>
         <input_file_ref idref="fl-c2"/>
      </object_component>
      <object_component id="oc-392">
         <name>.debug_info</name>
         <load_address>0x12545</load_address>
         <run_address>0x12545</run_address>
         <size>0x374</size>
         <input_file_ref idref="fl-c3"/>
      </object_component>
      <object_component id="oc-354">
         <name>.debug_info</name>
         <load_address>0x128b9</load_address>
         <run_address>0x128b9</run_address>
         <size>0x20b</size>
         <input_file_ref idref="fl-c3"/>
      </object_component>
      <object_component id="oc-295">
         <name>.debug_info</name>
         <load_address>0x12ac4</load_address>
         <run_address>0x12ac4</run_address>
         <size>0x14c</size>
         <input_file_ref idref="fl-c4"/>
      </object_component>
      <object_component id="oc-1f7">
         <name>.debug_info</name>
         <load_address>0x12c10</load_address>
         <run_address>0x12c10</run_address>
         <size>0x128</size>
         <input_file_ref idref="fl-c5"/>
      </object_component>
      <object_component id="oc-280">
         <name>.debug_info</name>
         <load_address>0x12d38</load_address>
         <run_address>0x12d38</run_address>
         <size>0x12a</size>
         <input_file_ref idref="fl-c5"/>
      </object_component>
      <object_component id="oc-27b">
         <name>.debug_info</name>
         <load_address>0x12e62</load_address>
         <run_address>0x12e62</run_address>
         <size>0x13a</size>
         <input_file_ref idref="fl-c6"/>
      </object_component>
      <object_component id="oc-276">
         <name>.debug_info</name>
         <load_address>0x12f9c</load_address>
         <run_address>0x12f9c</run_address>
         <size>0x13a</size>
         <input_file_ref idref="fl-c7"/>
      </object_component>
      <object_component id="oc-285">
         <name>.debug_info</name>
         <load_address>0x130d6</load_address>
         <run_address>0x130d6</run_address>
         <size>0x12e</size>
         <input_file_ref idref="fl-c8"/>
      </object_component>
      <object_component id="oc-ec">
         <name>.debug_info</name>
         <load_address>0x13204</load_address>
         <run_address>0x13204</run_address>
         <size>0x12c</size>
         <input_file_ref idref="fl-c9"/>
      </object_component>
      <object_component id="oc-290">
         <name>.debug_info</name>
         <load_address>0x13330</load_address>
         <run_address>0x13330</run_address>
         <size>0x12c</size>
         <input_file_ref idref="fl-ca"/>
      </object_component>
      <object_component id="oc-3b">
         <name>.debug_info</name>
         <load_address>0x1345c</load_address>
         <run_address>0x1345c</run_address>
         <size>0x119</size>
         <input_file_ref idref="fl-cb"/>
      </object_component>
      <object_component id="oc-26f">
         <name>.debug_info</name>
         <load_address>0x13575</load_address>
         <run_address>0x13575</run_address>
         <size>0x134</size>
         <input_file_ref idref="fl-cc"/>
      </object_component>
      <object_component id="oc-8f">
         <name>.debug_info</name>
         <load_address>0x136a9</load_address>
         <run_address>0x136a9</run_address>
         <size>0x147</size>
         <input_file_ref idref="fl-cd"/>
      </object_component>
      <object_component id="oc-8d">
         <name>.debug_info</name>
         <load_address>0x137f0</load_address>
         <run_address>0x137f0</run_address>
         <size>0x2d4</size>
         <input_file_ref idref="fl-ce"/>
      </object_component>
      <object_component id="oc-47">
         <name>.debug_info</name>
         <load_address>0x13ac4</load_address>
         <run_address>0x13ac4</run_address>
         <size>0x1d2</size>
         <input_file_ref idref="fl-ce"/>
      </object_component>
      <object_component id="oc-88">
         <name>.debug_info</name>
         <load_address>0x13c96</load_address>
         <run_address>0x13c96</run_address>
         <size>0x46</size>
         <input_file_ref idref="fl-ce"/>
      </object_component>
      <object_component id="oc-45">
         <name>.debug_info</name>
         <load_address>0x13cdc</load_address>
         <run_address>0x13cdc</run_address>
         <size>0x2a8</size>
         <input_file_ref idref="fl-cf"/>
      </object_component>
      <object_component id="oc-1e">
         <name>.debug_info</name>
         <load_address>0x13f84</load_address>
         <run_address>0x13f84</run_address>
         <size>0x1ea</size>
         <input_file_ref idref="fl-cf"/>
      </object_component>
      <object_component id="oc-40">
         <name>.debug_info</name>
         <load_address>0x1416e</load_address>
         <run_address>0x1416e</run_address>
         <size>0x46</size>
         <input_file_ref idref="fl-cf"/>
      </object_component>
      <object_component id="oc-80">
         <name>.debug_info</name>
         <load_address>0x141b4</load_address>
         <run_address>0x141b4</run_address>
         <size>0x2c</size>
         <input_file_ref idref="fl-cf"/>
      </object_component>
      <object_component id="oc-7e">
         <name>.debug_info</name>
         <load_address>0x141e0</load_address>
         <run_address>0x141e0</run_address>
         <size>0x29e</size>
         <input_file_ref idref="fl-d0"/>
      </object_component>
      <object_component id="oc-18">
         <name>.debug_info</name>
         <load_address>0x1447e</load_address>
         <run_address>0x1447e</run_address>
         <size>0x250</size>
         <input_file_ref idref="fl-d0"/>
      </object_component>
      <object_component id="oc-30">
         <name>.debug_info</name>
         <load_address>0x146ce</load_address>
         <run_address>0x146ce</run_address>
         <size>0x60</size>
         <input_file_ref idref="fl-d0"/>
      </object_component>
      <object_component id="oc-c6">
         <name>.debug_info</name>
         <load_address>0x1472e</load_address>
         <run_address>0x1472e</run_address>
         <size>0x46</size>
         <input_file_ref idref="fl-d0"/>
      </object_component>
      <object_component id="oc-79">
         <name>.debug_info</name>
         <load_address>0x14774</load_address>
         <run_address>0x14774</run_address>
         <size>0x39</size>
         <input_file_ref idref="fl-d0"/>
      </object_component>
      <object_component id="oc-19e">
         <name>.debug_info</name>
         <load_address>0x147ad</load_address>
         <run_address>0x147ad</run_address>
         <size>0x3ad</size>
         <input_file_ref idref="fl-d1"/>
      </object_component>
      <object_component id="oc-19b">
         <name>.debug_info</name>
         <load_address>0x14b5a</load_address>
         <run_address>0x14b5a</run_address>
         <size>0x190</size>
         <input_file_ref idref="fl-d1"/>
      </object_component>
      <object_component id="oc-fb">
         <name>.debug_info</name>
         <load_address>0x14cea</load_address>
         <run_address>0x14cea</run_address>
         <size>0x122</size>
         <input_file_ref idref="fl-d1"/>
      </object_component>
      <object_component id="oc-101">
         <name>.debug_info</name>
         <load_address>0x14e0c</load_address>
         <run_address>0x14e0c</run_address>
         <size>0x184</size>
         <input_file_ref idref="fl-d1"/>
      </object_component>
      <object_component id="oc-239">
         <name>.debug_info</name>
         <load_address>0x14f90</load_address>
         <run_address>0x14f90</run_address>
         <size>0x2c9</size>
         <input_file_ref idref="fl-d2"/>
      </object_component>
      <object_component id="oc-17b">
         <name>.debug_info</name>
         <load_address>0x15259</load_address>
         <run_address>0x15259</run_address>
         <size>0x11e</size>
         <input_file_ref idref="fl-d2"/>
      </object_component>
      <object_component id="oc-232">
         <name>.debug_info</name>
         <load_address>0x15377</load_address>
         <run_address>0x15377</run_address>
         <size>0x12e</size>
         <input_file_ref idref="fl-d2"/>
      </object_component>
      <object_component id="oc-323">
         <name>.debug_info</name>
         <load_address>0x154a5</load_address>
         <run_address>0x154a5</run_address>
         <size>0x29c</size>
         <input_file_ref idref="fl-d3"/>
      </object_component>
      <object_component id="oc-28a">
         <name>.debug_info</name>
         <load_address>0x15741</load_address>
         <run_address>0x15741</run_address>
         <size>0x1da</size>
         <input_file_ref idref="fl-d3"/>
      </object_component>
      <object_component id="oc-26d">
         <name>.debug_info</name>
         <load_address>0x1591b</load_address>
         <run_address>0x1591b</run_address>
         <size>0x2b9</size>
         <input_file_ref idref="fl-d4"/>
      </object_component>
      <object_component id="oc-1eb">
         <name>.debug_info</name>
         <load_address>0x15bd4</load_address>
         <run_address>0x15bd4</run_address>
         <size>0x17c</size>
         <input_file_ref idref="fl-d4"/>
      </object_component>
      <object_component id="oc-315">
         <name>.debug_info</name>
         <load_address>0x15d50</load_address>
         <run_address>0x15d50</run_address>
         <size>0xf9</size>
         <input_file_ref idref="fl-d5"/>
      </object_component>
      <object_component id="oc-26a">
         <name>.debug_info</name>
         <load_address>0x15e49</load_address>
         <run_address>0x15e49</run_address>
         <size>0x105</size>
         <input_file_ref idref="fl-d5"/>
      </object_component>
      <object_component id="oc-23d">
         <name>.debug_info</name>
         <load_address>0x15f4e</load_address>
         <run_address>0x15f4e</run_address>
         <size>0x144</size>
         <input_file_ref idref="fl-d6"/>
      </object_component>
      <object_component id="oc-17e">
         <name>.debug_info</name>
         <load_address>0x16092</load_address>
         <run_address>0x16092</run_address>
         <size>0x102</size>
         <input_file_ref idref="fl-d6"/>
      </object_component>
      <object_component id="oc-3cf">
         <name>.debug_info</name>
         <load_address>0x16194</load_address>
         <run_address>0x16194</run_address>
         <size>0x18f</size>
         <input_file_ref idref="fl-d6"/>
      </object_component>
      <object_component id="oc-2c8">
         <name>.debug_info</name>
         <load_address>0x16323</load_address>
         <run_address>0x16323</run_address>
         <size>0x2a7</size>
         <input_file_ref idref="fl-d7"/>
      </object_component>
      <object_component id="oc-214">
         <name>.debug_info</name>
         <load_address>0x165ca</load_address>
         <run_address>0x165ca</run_address>
         <size>0x1b8</size>
         <input_file_ref idref="fl-d7"/>
      </object_component>
      <object_component id="oc-35c">
         <name>.debug_info</name>
         <load_address>0x16782</load_address>
         <run_address>0x16782</run_address>
         <size>0x2a5</size>
         <input_file_ref idref="fl-d8"/>
      </object_component>
      <object_component id="oc-2f2">
         <name>.debug_info</name>
         <load_address>0x16a27</load_address>
         <run_address>0x16a27</run_address>
         <size>0x25d</size>
         <input_file_ref idref="fl-d8"/>
      </object_component>
      <object_component id="oc-75">
         <name>.debug_info</name>
         <load_address>0x16c84</load_address>
         <run_address>0x16c84</run_address>
         <size>0x3b2</size>
         <input_file_ref idref="fl-d9"/>
      </object_component>
      <object_component id="oc-2a">
         <name>.debug_info</name>
         <load_address>0x17036</load_address>
         <run_address>0x17036</run_address>
         <size>0x10c</size>
         <input_file_ref idref="fl-d9"/>
      </object_component>
      <object_component id="oc-405">
         <name>.debug_info</name>
         <load_address>0x17142</load_address>
         <run_address>0x17142</run_address>
         <size>0x13f</size>
         <input_file_ref idref="fl-d9"/>
      </object_component>
      <object_component id="oc-386">
         <name>.debug_info</name>
         <load_address>0x17281</load_address>
         <run_address>0x17281</run_address>
         <size>0x168</size>
         <input_file_ref idref="fl-d9"/>
      </object_component>
      <object_component id="oc-3b5">
         <name>.debug_info</name>
         <load_address>0x173e9</load_address>
         <run_address>0x173e9</run_address>
         <size>0x18e</size>
         <input_file_ref idref="fl-d9"/>
      </object_component>
      <object_component id="oc-3bb">
         <name>.debug_info</name>
         <load_address>0x17577</load_address>
         <run_address>0x17577</run_address>
         <size>0x19f</size>
         <input_file_ref idref="fl-d9"/>
      </object_component>
      <object_component id="oc-380">
         <name>.debug_info</name>
         <load_address>0x17716</load_address>
         <run_address>0x17716</run_address>
         <size>0x203</size>
         <input_file_ref idref="fl-d9"/>
      </object_component>
      <object_component id="oc-40a">
         <name>.debug_info</name>
         <load_address>0x17919</load_address>
         <run_address>0x17919</run_address>
         <size>0x1db</size>
         <input_file_ref idref="fl-d9"/>
      </object_component>
      <object_component id="oc-3c2">
         <name>.debug_info</name>
         <load_address>0x17af4</load_address>
         <run_address>0x17af4</run_address>
         <size>0x299</size>
         <input_file_ref idref="fl-d9"/>
      </object_component>
      <object_component id="oc-c1">
         <name>.debug_info</name>
         <load_address>0x17d8d</load_address>
         <run_address>0x17d8d</run_address>
         <size>0xb2</size>
         <input_file_ref idref="fl-d9"/>
      </object_component>
      <object_component id="oc-bc">
         <name>.debug_info</name>
         <load_address>0x17e3f</load_address>
         <run_address>0x17e3f</run_address>
         <size>0x2c</size>
         <input_file_ref idref="fl-d9"/>
      </object_component>
      <object_component id="oc-33a">
         <name>.debug_info</name>
         <load_address>0x17e6b</load_address>
         <run_address>0x17e6b</run_address>
         <size>0x29a</size>
         <input_file_ref idref="fl-da"/>
      </object_component>
      <object_component id="oc-2c1">
         <name>.debug_info</name>
         <load_address>0x18105</load_address>
         <run_address>0x18105</run_address>
         <size>0x262</size>
         <input_file_ref idref="fl-da"/>
      </object_component>
      <object_component id="oc-268">
         <name>.debug_info</name>
         <load_address>0x18367</load_address>
         <run_address>0x18367</run_address>
         <size>0x28f</size>
         <input_file_ref idref="fl-db"/>
      </object_component>
      <object_component id="oc-1e5">
         <name>.debug_info</name>
         <load_address>0x185f6</load_address>
         <run_address>0x185f6</run_address>
         <size>0x245</size>
[...]
      </symbol>
      <symbol id="sm-55c">
         <name>__aeabi_d2iz</name>
         <value>0x4bdd</value>
         <object_component_ref idref="oc-284"/>
      </symbol>
      <symbol id="sm-567">
         <name>__aeabi_f2d</name>
         <value>0x4dad</value>
         <object_component_ref idref="oc-eb"/>
      </symbol>
      <symbol id="sm-571">
         <name>__aeabi_i2d</name>
         <value>0x4ee9</value>
         <object_component_ref idref="oc-28f"/>
      </symbol>
      <symbol id="sm-58c">
         <name>memcpy</name>
         <value>0x41b7</value>
         <object_component_ref idref="oc-3a"/>
      </symbol>
      <symbol id="sm-58d">
         <name>__aeabi_memcpy</name>
         <value>0x41b7</value>
         <object_component_ref idref="oc-3a"/>
      </symbol>
      <symbol id="sm-58e">
         <name>__aeabi_memcpy8</name>
         <value>0x41b7</value>
         <object_component_ref idref="oc-3a"/>
      </symbol>
      <symbol id="sm-58f">
         <name>__aeabi_memcpy4</name>
         <value>0x41b7</value>
         <object_component_ref idref="oc-3a"/>
      </symbol>
      <symbol id="sm-59c">
         <name>__aeabi_uldivmod</name>
         <value>0x4253</value>
         <object_component_ref idref="oc-26e"/>
      </symbol>
      <symbol id="sm-5ab">
         <name>__aeabi_memset</name>
         <value>0x43f7</value>
         <object_component_ref idref="oc-8e"/>
      </symbol>
      <symbol id="sm-5ac">
         <name>memset</name>
         <value>0x43fd</value>
         <object_component_ref idref="oc-8e"/>
      </symbol>
      <symbol id="sm-5ad">
         <name>__aeabi_memset8</name>
         <value>0x43f7</value>
         <object_component_ref idref="oc-8e"/>
      </symbol>
      <symbol id="sm-5ae">
         <name>__aeabi_memset4</name>
         <value>0x43f7</value>
         <object_component_ref idref="oc-8e"/>
      </symbol>
      <symbol id="sm-5af">
         <name>__aeabi_memclr8</name>
         <value>0x43f5</value>
         <object_component_ref idref="oc-8e"/>
      </symbol>
      <symbol id="sm-5b0">
         <name>__aeabi_memclr4</name>
         <value>0x43f5</value>
         <object_component_ref idref="oc-8e"/>
      </symbol>
      <symbol id="sm-5b1">
         <name>__aeabi_memclr</name>
         <value>0x43f5</value>
         <object_component_ref idref="oc-8e"/>
      </symbol>
      <symbol id="sm-5c5">
         <name>__TI_zero_init_nomemset</name>
         <value>0x4fdd</value>
         <object_component_ref idref="oc-46"/>
      </symbol>
      <symbol id="sm-5dc">
         <name>__TI_decompress_none</name>
         <value>0x50b3</value>
         <object_component_ref idref="oc-1d"/>
      </symbol>
      <symbol id="sm-5ff">
         <name>__TI_decompress_lzss</name>
         <value>0x4699</value>
         <object_component_ref idref="oc-17"/>
      </symbol>
      <symbol id="sm-625">
         <name>C$$EXIT</name>
         <value>0x50ed</value>
         <object_component_ref idref="oc-fa"/>
      </symbol>
      <symbol id="sm-626">
         <name>abort</name>
         <value>0x50ed</value>
         <object_component_ref idref="oc-fa"/>
      </symbol>
      <symbol id="sm-627">
         <name>__TI_dtors_ptr</name>
         <value>0x200005f4</value>
         <object_component_ref idref="oc-19a"/>
      </symbol>
      <symbol id="sm-628">
         <name>__TI_cleanup_ptr</name>
         <value>0x200005f0</value>
         <object_component_ref idref="oc-19a"/>
      </symbol>
      <symbol id="sm-629">
         <name>__TI_enable_exit_profile_output</name>
         <value>0x200005f8</value>
         <object_component_ref idref="oc-19a"/>
      </symbol>
      <symbol id="sm-62a">
         <name>exit</name>
         <value>0x4b95</value>
         <object_component_ref idref="oc-100"/>
      </symbol>
      <symbol id="sm-63f">
         <name>_nop</name>
         <value>0x2b2f</value>
         <object_component_ref idref="oc-231"/>
      </symbol>
      <symbol id="sm-640">
         <name>_lock</name>
         <value>0x200005fc</value>
         <object_component_ref idref="oc-17a"/>
      </symbol>
      <symbol id="sm-641">
         <name>_unlock</name>
         <value>0x20000600</value>
         <object_component_ref idref="oc-17a"/>
      </symbol>
      <symbol id="sm-650">
         <name>__TI_ltoa</name>
         <value>0x4a57</value>
         <object_component_ref idref="oc-289"/>
      </symbol>
      <symbol id="sm-666">
         <name>atoi</name>
         <value>0x4b49</value>
         <object_component_ref idref="oc-1ea"/>
      </symbol>
      <symbol id="sm-671">
         <name>_ctypes_</name>
         <value>0x89eb</value>
         <object_component_ref idref="oc-269"/>
      </symbol>
      <symbol id="sm-686">
         <name>__TI_tmpnams</name>
         <value>0x20000738</value>
      </symbol>
      <symbol id="sm-687">
         <name>__aeabi_stdout</name>
         <value>0x200005e8</value>
         <object_component_ref idref="oc-3ce"/>
      </symbol>
      <symbol id="sm-688">
         <name>__aeabi_stderr</name>
         <value>0x200005ec</value>
         <object_component_ref idref="oc-3ce"/>
      </symbol>
      <symbol id="sm-689">
         <name>__aeabi_stdin</name>
         <value>0x200005e4</value>
         <object_component_ref idref="oc-3ce"/>
      </symbol>
      <symbol id="sm-68a">
         <name>_ftable</name>
         <value>0x20000400</value>
         <object_component_ref idref="oc-17d"/>
      </symbol>
      <symbol id="sm-68b">
         <name>__TI_ft_end</name>
         <value>0x200005e0</value>
         <object_component_ref idref="oc-3ce"/>
      </symbol>
      <symbol id="sm-69b">
         <name>memccpy</name>
         <value>0x5015</value>
         <object_component_ref idref="oc-213"/>
      </symbol>
      <symbol id="sm-6ab">
         <name>memchr</name>
         <value>0x4fbd</value>
         <object_component_ref idref="oc-2f1"/>
      </symbol>
      <symbol id="sm-734">
         <name>_sys_memory</name>
         <value>0x20000000</value>
         <object_component_ref idref="oc-29"/>
      </symbol>
      <symbol id="sm-735">
         <name>free</name>
         <value>0x3f45</value>
         <object_component_ref idref="oc-37f"/>
      </symbol>
      <symbol id="sm-736">
         <name>memalign</name>
         <value>0x3d49</value>
         <object_component_ref idref="oc-3c1"/>
      </symbol>
      <symbol id="sm-737">
         <name>malloc</name>
         <value>0x50d9</value>
         <object_component_ref idref="oc-385"/>
      </symbol>
      <symbol id="sm-738">
         <name>aligned_alloc</name>
         <value>0x3d49</value>
         <object_component_ref idref="oc-3c1"/>
      </symbol>
      <symbol id="sm-748">
         <name>strchr</name>
         <value>0x5063</value>
         <object_component_ref idref="oc-2c0"/>
      </symbol>
      <symbol id="sm-756">
         <name>strlen</name>
         <value>0x508d</value>
         <object_component_ref idref="oc-1e4"/>
      </symbol>
      <symbol id="sm-770">
         <name>write</name>
         <value>0x4f95</value>
         <object_component_ref idref="oc-2fd"/>
      </symbol>
      <symbol id="sm-781">
         <name>_stream</name>
         <value>0x20000568</value>
         <object_component_ref idref="oc-35f"/>
      </symbol>
      <symbol id="sm-782">
         <name>_device</name>
         <value>0x200004f0</value>
         <object_component_ref idref="oc-39e"/>
      </symbol>
      <symbol id="sm-795">
         <name>__stack</name>
         <value>0x2000fe00</value>
         <object_component_ref idref="oc-2c"/>
      </symbol>
      <symbol id="sm-796">
         <name>_c_int00_noargs</name>
         <value>0x4e85</value>
         <object_component_ref idref="oc-58"/>
      </symbol>
      <symbol id="sm-7ac">
         <name>__aeabi_errno_addr</name>
         <value>0x50d1</value>
         <object_component_ref idref="oc-21f"/>
      </symbol>
      <symbol id="sm-7ad">
         <name>errno</name>
         <value>0x2000060c</value>
         <object_component_ref idref="oc-2d0"/>
      </symbol>
      <symbol id="sm-7cd">
         <name>frexpl</name>
         <value>0x4769</value>
         <object_component_ref idref="oc-2b4"/>
      </symbol>
      <symbol id="sm-7ce">
         <name>frexp</name>
         <value>0x4769</value>
         <object_component_ref idref="oc-2b4"/>
      </symbol>
      <symbol id="sm-7eb">
         <name>scalbn</name>
         <value>0x3c39</value>
         <object_component_ref idref="oc-2ba"/>
      </symbol>
      <symbol id="sm-7ec">
         <name>scalbnl</name>
         <value>0x3c39</value>
         <object_component_ref idref="oc-2ba"/>
      </symbol>
      <symbol id="sm-7ed">
         <name>ldexpl</name>
         <value>0x3c39</value>
         <object_component_ref idref="oc-2ba"/>
      </symbol>
      <symbol id="sm-7ee">
         <name>ldexp</name>
         <value>0x3c39</value>
         <object_component_ref idref="oc-2ba"/>
      </symbol>
      <symbol id="sm-807">
         <name>wcslen</name>
         <value>0x50a1</value>
         <object_component_ref idref="oc-219"/>
      </symbol>
      <symbol id="sm-811">
         <name>copysign</name>
         <value>0x5031</value>
         <object_component_ref idref="oc-331"/>
      </symbol>
      <symbol id="sm-812">
         <name>copysignl</name>
         <value>0x5031</value>
         <object_component_ref idref="oc-331"/>
      </symbol>
      <symbol id="sm-822">
         <name>__TI_doflush</name>
         <value>0x4afd</value>
         <object_component_ref idref="oc-2f7"/>
      </symbol>
      <symbol id="sm-832">
         <name>__TI_cleanup</name>
         <value>0x4e1d</value>
         <object_component_ref idref="oc-38b"/>
      </symbol>
      <symbol id="sm-844">
         <name>fseek</name>
         <value>0x47cd</value>
         <object_component_ref idref="oc-34d"/>
      </symbol>
      <symbol id="sm-84e">
         <name>__aeabi_idiv0</name>
         <value>0x378b</value>
         <object_component_ref idref="oc-318"/>
      </symbol>
      <symbol id="sm-84f">
         <name>__aeabi_ldiv0</name>
         <value>0x378b</value>
         <object_component_ref idref="oc-318"/>
      </symbol>
      <symbol id="sm-877">
         <name>__TI_auto_init_nobinit_nopinit</name>
         <value>0x4cad</value>
         <object_component_ref idref="oc-106"/>
      </symbol>
      <symbol id="sm-881">
         <name>_system_pre_init</name>
         <value>0x50e9</value>
         <object_component_ref idref="oc-94"/>
      </symbol>
      <symbol id="sm-894">
         <name>HOSTclose</name>
         <value>0x4c25</value>
         <object_component_ref idref="oc-3da"/>
      </symbol>
      <symbol id="sm-8a5">
         <name>HOSTlseek</name>
         <value>0x4631</value>
         <object_component_ref idref="oc-3ec"/>
      </symbol>
      <symbol id="sm-8b7">
         <name>parmbuf</name>
         <value>0x200007e4</value>
      </symbol>
      <symbol id="sm-8b8">
         <name>HOSTopen</name>
         <value>0x4895</value>
         <object_component_ref idref="oc-3d4"/>
      </symbol>
      <symbol id="sm-8c9">
         <name>HOSTread</name>
         <value>0x4951</value>
         <object_component_ref idref="oc-3e0"/>
      </symbol>
      <symbol id="sm-8da">
         <name>HOSTrename</name>
         <value>0x45c5</value>
         <object_component_ref idref="oc-3f8"/>
      </symbol>
      <symbol id="sm-8eb">
         <name>HOSTunlink</name>
         <value>0x4c69</value>
         <object_component_ref idref="oc-3f2"/>
      </symbol>
      <symbol id="sm-8fc">
         <name>HOSTwrite</name>
         <value>0x49a9</value>
         <object_component_ref idref="oc-3e6"/>
      </symbol>
      <symbol id="sm-920">
         <name>__TI_readmsg</name>
         <value>0x4e51</value>
         <object_component_ref idref="oc-427"/>
      </symbol>
      <symbol id="sm-921">
         <name>C$$IO$$</name>
         <value>0x4da3</value>
         <object_component_ref idref="oc-421"/>
      </symbol>
      <symbol id="sm-922">
         <name>__CIOBUF_</name>
         <value>0x20000618</value>
         <object_component_ref idref="oc-452"/>
      </symbol>
      <symbol id="sm-923">
         <name>__TI_writemsg</name>
         <value>0x4d75</value>
         <object_component_ref idref="oc-421"/>
      </symbol>
      <symbol id="sm-934">
         <name>lseek</name>
         <value>0x4f6d</value>
         <object_component_ref idref="oc-377"/>
      </symbol>
      <symbol id="sm-949">
         <name>__TI_closefile</name>
         <value>0x4471</value>
         <object_component_ref idref="oc-3c8"/>
      </symbol>
      <symbol id="sm-96c">
         <name>finddevice</name>
         <value>0x4eb9</value>
         <object_component_ref idref="oc-470"/>
      </symbol>
      <symbol id="sm-96d">
         <name>getdevice</name>
         <value>0x4cf1</value>
         <object_component_ref idref="oc-448"/>
      </symbol>
      <symbol id="sm-97c">
         <name>strcmp</name>
         <value>0x504b</value>
         <object_component_ref idref="oc-487"/>
      </symbol>
      <symbol id="sm-98a">
         <name>strcpy</name>
         <value>0x5079</value>
         <object_component_ref idref="oc-43b"/>
      </symbol>
      <symbol id="sm-99a">
         <name>strncpy</name>
         <value>0x4de5</value>
         <object_component_ref idref="oc-46a"/>
      </symbol>
      <symbol id="sm-9af">
         <name>close</name>
         <value>0x48f5</value>
         <object_component_ref idref="oc-410"/>
      </symbol>
      <symbol id="sm-9bf">
         <name>unlink</name>
         <value>0x4f19</value>
         <object_component_ref idref="oc-416"/>
      </symbol>
      <symbol id="sm-9c0">
         <name>__TI_static_base__</name>
         <value>0x0</value>
      </symbol>
      <symbol id="sm-9c3">
         <name>__mpu_init</name>
         <value>0x0</value>
      </symbol>
      <symbol id="sm-9c4">
         <name>_system_post_cinit</name>
         <value>0x0</value>
      </symbol>
      <symbol id="sm-9c5">
         <name>NMI_Handler</name>
         <value>0x50cd</value>
      </symbol>
      <symbol id="sm-9c6">
         <name>HardFault_Handler</name>
         <value>0x50cd</value>
      </symbol>
      <symbol id="sm-9c7">
         <name>MemManage_Handler</name>
         <value>0x50cd</value>
      </symbol>
      <symbol id="sm-9c8">
         <name>BusFault_Handler</name>
         <value>0x50cd</value>
      </symbol>
      <symbol id="sm-9c9">
         <name>UsageFault_Handler</name>
         <value>0x50cd</value>
      </symbol>
      <symbol id="sm-9ca">
         <name>SVC_Handler</name>
         <value>0x50cd</value>
      </symbol>
      <symbol id="sm-9cb">
         <name>DebugMon_Handler</name>
         <value>0x50cd</value>
      </symbol>
      <symbol id="sm-9cc">
         <name>PendSV_Handler</name>
         <value>0x50cd</value>
      </symbol>
      <symbol id="sm-9cd">
         <name>SysTick_Handler</name>
         <value>0x50cd</value>
      </symbol>
      <symbol id="sm-9ce">
         <name>PSS_IRQHandler</name>
         <value>0x50cd</value>
      </symbol>
      <symbol id="sm-9cf">
         <name>CS_IRQHandler</name>
         <value>0x50cd</value>
      </symbol>
      <symbol id="sm-9d0">
         <name>PCM_IRQHandler</name>
         <value>0x50cd</value>
      </symbol>
      <symbol id="sm-9d1">
         <name>WDT_A_IRQHandler</name>
         <value>0x50cd</value>
      </symbol>
      <symbol id="sm-9d2">
         <name>FPU_IRQHandler</name>
         <value>0x50cd</value>
      </symbol>
      <symbol id="sm-9d3">
         <name>FLCTL_IRQHandler</name>
         <value>0x50cd</value>
      </symbol>
      <symbol id="sm-9d4">
         <name>COMP_E0_IRQHandler</name>
         <value>0x50cd</value>
      </symbol>
      <symbol id="sm-9d5">
         <name>COMP_E1_IRQHandler</name>
         <value>0x50cd</value>
      </symbol>
      <symbol id="sm-9d6">
         <name>TA0_0_IRQHandler</name>
         <value>0x50cd</value>
      </symbol>
      <symbol id="sm-9d7">
         <name>TA0_N_IRQHandler</name>
         <value>0x50cd</value>
      </symbol>
      <symbol id="sm-9d8">
         <name>TA1_0_IRQHandler</name>
         <value>0x50cd</value>
      </symbol>
      <symbol id="sm-9d9">
         <name>TA1_N_IRQHandler</name>
         <value>0x50cd</value>
      </symbol>
      <symbol id="sm-9da">
         <name>TA2_0_IRQHandler</name>
         <value>0x50cd</value>
      </symbol>
      <symbol id="sm-9db">
         <name>TA2_N_IRQHandler</name>
         <value>0x50cd</value>
      </symbol>
      <symbol id="sm-9dc">
         <name>TA3_0_IRQHandler</name>
         <value>0x50cd</value>
      </symbol>
      <symbol id="sm-9dd">
         <name>TA3_N_IRQHandler</name>
         <value>0x50cd</value>
      </symbol>
      <symbol id="sm-9de">
         <name>EUSCIA0_IRQHandler</name>
         <value>0x50cd</value>
      </symbol>
      <symbol id="sm-9df">
         <name>EUSCIA1_IRQHandler</name>
         <value>0x50cd</value>
      </symbol>
      <symbol id="sm-9e0">
         <name>EUSCIA2_IRQHandler</name>
         <value>0x50cd</value>
      </symbol>
      <symbol id="sm-9e1">
         <name>EUSCIA3_IRQHandler</name>
         <value>0x50cd</value>
      </symbol>
      <symbol id="sm-9e2">
         <name>EUSCIB0_IRQHandler</name>
         <value>0x50cd</value>
      </symbol>
      <symbol id="sm-9e3">
         <name>EUSCIB1_IRQHandler</name>
         <value>0x50cd</value>
      </symbol>
      <symbol id="sm-9e4">
         <name>EUSCIB2_IRQHandler</name>
         <value>0x50cd</value>
      </symbol>
      <symbol id="sm-9e5">
         <name>EUSCIB3_IRQHandler</name>
         <value>0x50cd</value>
      </symbol>
      <symbol id="sm-9e6">
         <name>ADC14_IRQHandler</name>
         <value>0x50cd</value>
      </symbol>
      <symbol id="sm-9e7">
         <name>T32_INT1_IRQHandler</name>
         <value>0x50cd</value>
      </symbol>
      <symbol id="sm-9e8">
         <name>T32_INT2_IRQHandler</name>
         <value>0x50cd</value>
      </symbol>
      <symbol id="sm-9e9">
         <name>T32_INTC_IRQHandler</name>
         <value>0x50cd</value>
      </symbol>
      <symbol id="sm-9ea">
         <name>AES256_IRQHandler</name>
         <value>0x50cd</value>
      </symbol>
      <symbol id="sm-9eb">
         <name>RTC_C_IRQHandler</name>
         <value>0x50cd</value>
      </symbol>
      <symbol id="sm-9ec">
         <name>DMA_ERR_IRQHandler</name>
         <value>0x50cd</value>
      </symbol>
      <symbol id="sm-9ed">
         <name>DMA_INT3_IRQHandler</name>
         <value>0x50cd</value>
      </symbol>
      <symbol id="sm-9ee">
         <name>DMA_INT2_IRQHandler</name>
         <value>0x50cd</value>
      </symbol>
      <symbol id="sm-9ef">
         <name>DMA_INT1_IRQHandler</name>
         <value>0x50cd</value>
      </symbol>
      <symbol id="sm-9f0">
         <name>DMA_INT0_IRQHandler</name>
         <value>0x50cd</value>
      </symbol>
      <symbol id="sm-9f1">
         <name>PORT1_IRQHandler</name>
         <value>0x50cd</value>
      </symbol>
      <symbol id="sm-9f2">
         <name>PORT2_IRQHandler</name>
         <value>0x50cd</value>
      </symbol>
      <symbol id="sm-9f3">
         <name>PORT3_IRQHandler</name>
         <value>0x50cd</value>
      </symbol>
      <symbol id="sm-9f4">
         <name>PORT4_IRQHandler</name>
         <value>0x50cd</value>
      </symbol>
      <symbol id="sm-9f5">
         <name>PORT5_IRQHandler</name>
         <value>0x50cd</value>
      </symbol>
      <symbol id="sm-9f6">
         <name>PORT6_IRQHandler</name>
         <value>0x50cd</value>
      </symbol>
      <symbol id="sm-9f7">
         <name>remove</name>
         <value>0x4f19</value>
      </symbol>
   </symbol_table>
   <title>Link successful</title>
</link_info>
