******************************************************************************
                  TI ARM Linker Unix v20.2.2                   
******************************************************************************
>> Linked Tue Oct 27 14:16:43 2020

OUTPUT FILE NAME:   <Lab 7 - Part 2 (Master).out>
ENTRY POINT SYMBOL: "_c_int00_noargs"  address: 0000074d


MEMORY CONFIGURATION

         name            origin    length      used     unused   attr    fill
----------------------  --------  ---------  --------  --------  ----  --------
  MAIN                  00000000   00040000  000007cc  0003f834  R  X
  INFO                  00200000   00004000  00000000  00004000  R  X
  SRAM_CODE             01000000   00010000  00000214  0000fdec  RW X
  SRAM_DATA             20000000   00010000  00000214  0000fdec  RW  


SEGMENT ALLOCATION MAP

run origin  load origin   length   init length attrs members
----------  ----------- ---------- ----------- ----- -------
00000000    00000000    000007d0   000007d0    r-x
  00000000    00000000    000000e4   000000e4    r-- .intvecs
  000000e4    000000e4    000006c0   000006c0    r-x .text
  000007a8    000007a8    00000028   00000028    r-- .cinit
20000000    20000000    00000014   00000000    rw-
  20000000    20000000    00000014   00000000    rw- .data
2000fe00    2000fe00    00000200   00000000    rw-
  2000fe00    2000fe00    00000200   00000000    rw- .stack


SECTION ALLOCATION MAP

 output                                  attributes/
section   page    origin      length       input sections
--------  ----  ----------  ----------   ----------------
.intvecs   0    00000000    000000e4     
                  00000000    000000e4     startup_msp432p401r_ccs.obj (.intvecs:retain)

.text      0    000000e4    000006c0     
                  000000e4    00000334     system_msp432p401r.obj (.text)
                  00000418    00000158     main.obj (.text)
                  00000570    0000009c     rtsv7M4_T_le_v4SPD16_eabi.lib : memcpy_t2.asm.obj (.text)
                  0000060c    00000094     Clock_48MHz.obj (.text)
                  000006a0    00000068     rtsv7M4_T_le_v4SPD16_eabi.lib : copy_decompress_lzss.c.obj (.text:decompress:lzss:__TI_decompress_lzss)
                  00000708    00000044                                   : autoinit.c.obj (.text:__TI_auto_init_nobinit_nopinit:__TI_auto_init_nobinit_nopinit)
                  0000074c    00000034                                   : boot_cortex_m.c.obj (.text:_c_int00_noargs:_c_int00_noargs)
                  00000780    0000000e                                   : copy_decompress_none.c.obj (.text:decompress:none:__TI_decompress_none)
                  0000078e    0000000e     startup_msp432p401r_ccs.obj (.text)
                  0000079c    00000004     rtsv7M4_T_le_v4SPD16_eabi.lib : pre_init.c.obj (.text:_system_pre_init)
                  000007a0    00000004                                   : exit.c.obj (.text:abort:abort)

.cinit     0    000007a8    00000028     
                  000007a8    00000017     (.cinit..data.load) [load image, compression = lzss]
                  000007bf    00000001     --HOLE-- [fill = 0]
                  000007c0    00000008     (__TI_handler_table)
                  000007c8    00000008     (__TI_cinit_table)

.init_array 
*          0    00000000    00000000     UNINITIALIZED

.binit     0    00000000    00000000     

.data      0    20000000    00000014     UNINITIALIZED
                  20000000    0000000a     main.obj (.data:TXData)
                  2000000a    00000002     --HOLE--
                  2000000c    00000004     main.obj (.data)
                  20000010    00000004     system_msp432p401r.obj (.data)

.stack     0    2000fe00    00000200     UNINITIALIZED
                  2000fe00    00000004     rtsv7M4_T_le_v4SPD16_eabi.lib : boot_cortex_m.c.obj (.stack)
                  2000fe04    000001fc     --HOLE--

__llvm_prf_cnts 
*          0    20000000    00000000     UNINITIALIZED

MODULE SUMMARY

       Module                        code   ro data   rw data
       ------                        ----   -------   -------
    ./
       system_msp432p401r.obj        820    0         8      
       main.obj                      344    0         28     
       startup_msp432p401r_ccs.obj   14     228       0      
       Clock_48MHz.obj               148    0         0      
    +--+-----------------------------+------+---------+---------+
       Total:                        1326   228       36     
                                                             
    /Applications/ti/ccs1010/ccs/tools/compiler/ti-cgt-arm_20.2.2.LTS/lib/rtsv7M4_T_le_v4SPD16_eabi.lib
       memcpy_t2.asm.obj             156    0         0      
       copy_decompress_lzss.c.obj    104    0         0      
       autoinit.c.obj                68     0         0      
       boot_cortex_m.c.obj           52     0         0      
       copy_decompress_none.c.obj    14     0         0      
       exit.c.obj                    4      0         0      
       pre_init.c.obj                4      0         0      
    +--+-----------------------------+------+---------+---------+
       Total:                        402    0         0      
                                                             
       Stack:                        0      0         1024   
       Linker Generated:             0      39        0      
    +--+-----------------------------+------+---------+---------+
       Grand Total:                  1728   267       1060   


LINKER GENERATED COPY TABLES

__TI_cinit_table @ 000007c8 records: 1, size/record: 8, table size: 8
	.data: load addr=000007a8, load size=00000017 bytes, run addr=20000000, run size=00000014 bytes, compression=lzss


LINKER GENERATED HANDLER TABLE

__TI_handler_table @ 000007c0 records: 2, size/record: 4, table size: 8
	index: 0, handler: __TI_decompress_lzss
	index: 1, handler: __TI_decompress_none


GLOBAL SYMBOLS: SORTED ALPHABETICALLY BY Name 

address   name                          
-------   ----                          
0000079b  ADC14_IRQHandler              
0000079b  AES256_IRQHandler             
0000079b  BusFault_Handler              
000007a1  C$$EXIT                       
0000079b  COMP_E0_IRQHandler            
0000079b  COMP_E1_IRQHandler            
0000079b  CS_IRQHandler                 
0000060d  Clock_Init48MHz               
0000079b  DMA_ERR_IRQHandler            
0000079b  DMA_INT0_IRQHandler           
0000079b  DMA_INT1_IRQHandler           
0000079b  DMA_INT2_IRQHandler           
0000079b  DMA_INT3_IRQHandler           
0000079b  DebugMon_Handler              
0000079b  Default_Handler               
0000079b  EUSCIA0_IRQHandler            
0000079b  EUSCIA1_IRQHandler            
0000079b  EUSCIA2_IRQHandler            
0000079b  EUSCIA3_IRQHandler            
000004bd  EUSCIB0_IRQHandler            
000004bd  EUSCIB0_IRQHandler            
0000079b  EUSCIB1_IRQHandler            
0000079b  EUSCIB2_IRQHandler            
0000079b  EUSCIB3_IRQHandler            
0000079b  FLCTL_IRQHandler              
0000079b  FPU_IRQHandler                
0000079b  HardFault_Handler             
0000079b  MemManage_Handler             
0000079b  NMI_Handler                   
0000079b  PCM_IRQHandler                
000004fb  PORT1_IRQHandler              
000004fb  PORT1_IRQHandler              
0000079b  PORT2_IRQHandler              
0000079b  PORT3_IRQHandler              
0000079b  PORT4_IRQHandler              
0000079b  PORT5_IRQHandler              
0000079b  PORT6_IRQHandler              
0000079b  PSS_IRQHandler                
0000079b  PendSV_Handler                
0000079b  RTC_C_IRQHandler              
0000078f  Reset_Handler                 
0000079b  SVC_Handler                   
0000079b  SysTick_Handler               
20000010  SystemCoreClock               
000000e5  SystemCoreClockUpdate         
0000035d  SystemInit                    
0000079b  T32_INT1_IRQHandler           
0000079b  T32_INT2_IRQHandler           
0000079b  T32_INTC_IRQHandler           
0000079b  TA0_0_IRQHandler              
0000079b  TA0_N_IRQHandler              
0000079b  TA1_0_IRQHandler              
0000079b  TA1_N_IRQHandler              
0000079b  TA2_0_IRQHandler              
0000079b  TA2_N_IRQHandler              
0000079b  TA3_0_IRQHandler              
0000079b  TA3_N_IRQHandler              
20000000  TXData                        
0000079b  UsageFault_Handler            
4000480c  WDTCTL_SYM                    
0000079b  WDT_A_IRQHandler              
20010000  __STACK_END                   
00000200  __STACK_SIZE                  
000007c8  __TI_CINIT_Base               
000007d0  __TI_CINIT_Limit              
000007c0  __TI_Handler_Table_Base       
000007c8  __TI_Handler_Table_Limit      
00000709  __TI_auto_init_nobinit_nopinit
000006a1  __TI_decompress_lzss          
00000781  __TI_decompress_none          
ffffffff  __TI_pprof_out_hndl           
ffffffff  __TI_prof_data_size           
ffffffff  __TI_prof_data_start          
00000000  __TI_static_base__            
00000571  __aeabi_memcpy                
00000571  __aeabi_memcpy4               
00000571  __aeabi_memcpy8               
ffffffff  __binit__                     
ffffffff  __c_args__                    
UNDEFED   __mpu_init                    
2000fe00  __stack                       
20000000  __start___llvm_prf_cnts       
20000000  __stop___llvm_prf_cnts        
0000074d  _c_int00_noargs               
UNDEFED   _system_post_cinit            
0000079d  _system_pre_init              
000007a1  abort                         
ffffffff  binit                         
2000000c  i                             
00000000  interruptVectors              
00000419  main                          
00000571  memcpy                        


GLOBAL SYMBOLS: SORTED BY Symbol Address 

address   name                          
-------   ----                          
00000000  __TI_static_base__            
00000000  interruptVectors              
000000e5  SystemCoreClockUpdate         
00000200  __STACK_SIZE                  
0000035d  SystemInit                    
00000419  main                          
000004bd  EUSCIB0_IRQHandler            
000004bd  EUSCIB0_IRQHandler            
000004fb  PORT1_IRQHandler              
000004fb  PORT1_IRQHandler              
00000571  __aeabi_memcpy                
00000571  __aeabi_memcpy4               
00000571  __aeabi_memcpy8               
00000571  memcpy                        
0000060d  Clock_Init48MHz               
000006a1  __TI_decompress_lzss          
00000709  __TI_auto_init_nobinit_nopinit
0000074d  _c_int00_noargs               
00000781  __TI_decompress_none          
0000078f  Reset_Handler                 
0000079b  ADC14_IRQHandler              
0000079b  AES256_IRQHandler             
0000079b  BusFault_Handler              
0000079b  COMP_E0_IRQHandler            
0000079b  COMP_E1_IRQHandler            
0000079b  CS_IRQHandler                 
0000079b  DMA_ERR_IRQHandler            
0000079b  DMA_INT0_IRQHandler           
0000079b  DMA_INT1_IRQHandler           
0000079b  DMA_INT2_IRQHandler           
0000079b  DMA_INT3_IRQHandler           
0000079b  DebugMon_Handler              
0000079b  Default_Handler               
0000079b  EUSCIA0_IRQHandler            
0000079b  EUSCIA1_IRQHandler            
0000079b  EUSCIA2_IRQHandler            
0000079b  EUSCIA3_IRQHandler            
0000079b  EUSCIB1_IRQHandler            
0000079b  EUSCIB2_IRQHandler            
0000079b  EUSCIB3_IRQHandler            
0000079b  FLCTL_IRQHandler              
0000079b  FPU_IRQHandler                
0000079b  HardFault_Handler             
0000079b  MemManage_Handler             
0000079b  NMI_Handler                   
0000079b  PCM_IRQHandler                
0000079b  PORT2_IRQHandler              
0000079b  PORT3_IRQHandler              
0000079b  PORT4_IRQHandler              
0000079b  PORT5_IRQHandler              
0000079b  PORT6_IRQHandler              
0000079b  PSS_IRQHandler                
0000079b  PendSV_Handler                
0000079b  RTC_C_IRQHandler              
0000079b  SVC_Handler                   
0000079b  SysTick_Handler               
0000079b  T32_INT1_IRQHandler           
0000079b  T32_INT2_IRQHandler           
0000079b  T32_INTC_IRQHandler           
0000079b  TA0_0_IRQHandler              
0000079b  TA0_N_IRQHandler              
0000079b  TA1_0_IRQHandler              
0000079b  TA1_N_IRQHandler              
0000079b  TA2_0_IRQHandler              
0000079b  TA2_N_IRQHandler              
0000079b  TA3_0_IRQHandler              
0000079b  TA3_N_IRQHandler              
0000079b  UsageFault_Handler            
0000079b  WDT_A_IRQHandler              
0000079d  _system_pre_init              
000007a1  C$$EXIT                       
000007a1  abort                         
000007c0  __TI_Handler_Table_Base       
000007c8  __TI_CINIT_Base               
000007c8  __TI_Handler_Table_Limit      
000007d0  __TI_CINIT_Limit              
20000000  TXData                        
20000000  __start___llvm_prf_cnts       
20000000  __stop___llvm_prf_cnts        
2000000c  i                             
20000010  SystemCoreClock               
2000fe00  __stack                       
20010000  __STACK_END                   
4000480c  WDTCTL_SYM                    
ffffffff  __TI_pprof_out_hndl           
ffffffff  __TI_prof_data_size           
ffffffff  __TI_prof_data_start          
ffffffff  __binit__                     
ffffffff  __c_args__                    
ffffffff  binit                         
UNDEFED   __mpu_init                    
UNDEFED   _system_post_cinit            

[92 symbols]
